 Engine

 Timestamp is 6631d6ec (Wed May 01 12:45:16 2024)

 Preferred load address is 10000000

 Start         Length     Name                   Class
 0001:00000000 0004ac14H .text                   CODE
 0001:0004ac20 00001133H .text$x                 CODE
 0002:00000000 000002d8H .idata$5                DATA
 0002:000002d8 00003fd4H .rdata                  DATA
 0002:000042b0 000019a8H .xdata$x                DATA
 0002:00005c58 000000dcH .idata$2                DATA
 0002:00005d34 00000014H .idata$3                DATA
 0002:00005d48 000002d8H .idata$4                DATA
 0002:00006020 00000b52H .idata$6                DATA
 0002:00006b80 0000c50dH .edata                  DATA
 0003:00000000 00000004H .CRT$XCA                DATA
 0003:00000004 00000010H .CRT$XCU                DATA
 0003:00000014 00000004H .CRT$XCZ                DATA
 0003:00000018 00000004H .CRT$XIA                DATA
 0003:0000001c 00000004H .CRT$XIZ                DATA
 0003:00000020 000081b0H .data                   DATA
 0003:000081d0 00009230H .bss                    DATA

  Address         Publics by Value              Rva+Base     Lib:Object

 0001:00000000       ?GetScreenMode@KDirectDraw@@QAEKXZ 10001000 f i KAutoMutex.obj
 0001:00000020       ?GetScreenWidth@KDirectDraw@@QAEKXZ 10001020 f i KAutoMutex.obj
 0001:00000040       ?GetScreenHeight@KDirectDraw@@QAEKXZ 10001040 f i KAutoMutex.obj
 0001:00000060       ?GetScreenPitch@KDirectDraw@@QAEKXZ 10001060 f i KAutoMutex.obj
 0001:00000080       ?GetRGBBitCount@KDirectDraw@@QAEKXZ 10001080 f i KAutoMutex.obj
 0001:000000a0       ?GetRGBBitMask16@KDirectDraw@@QAEKXZ 100010a0 f i KAutoMutex.obj
 0001:000000c0       ?GetRGBBitMask32@KDirectDraw@@QAEKXZ 100010c0 f i KAutoMutex.obj
 0001:000000e0       ??4KDirectDraw@@QAEAAV0@ABV0@@Z 100010e0 f i KAutoMutex.obj
 0001:00000110       ?LockPrimaryBuffer@KDirectDraw@@QAEPAXXZ 10001110 f i KAutoMutex.obj
 0001:00000170       ?UnLockPrimaryBuffer@KDirectDraw@@QAEXXZ 10001170 f i KAutoMutex.obj
 0001:000001a0       ?LockBackBuffer@KDirectDraw@@QAEPAXXZ 100011a0 f i KAutoMutex.obj
 0001:00000200       ?UnLockBackBuffer@KDirectDraw@@QAEXXZ 10001200 f i KAutoMutex.obj
 0001:00000230       ?UpdateScreen@KDirectDraw@@QAEXPAUtagRECT@@@Z 10001230 f i KAutoMutex.obj
 0001:00000270       ?GetDirectSound@KDirectSound@@QAEPAUIDirectSound@@XZ 10001270 f i KAutoMutex.obj
 0001:00000280       ??4KDirectSound@@QAEAAV0@ABV0@@Z 10001280 f i KAutoMutex.obj
 0001:000002a0       ??4KDirectInput@@QAEAAV0@ABV0@@Z 100012a0 f i KAutoMutex.obj
 0001:000002d0       ??4KFile@@QAEAAV0@ABV0@@Z  100012d0 f i KAutoMutex.obj
 0001:00000300       ?GetFilePath@KFileDialog@@QAEPADXZ 10001300 f i KAutoMutex.obj
 0001:00000320       ?GetFileName@KFileDialog@@QAEPADXZ 10001320 f i KAutoMutex.obj
 0001:00000340       ?GetFileTitleA@KFileDialog@@QAEPADXZ 10001340 f i KAutoMutex.obj
 0001:00000360       ??4KFileDialog@@QAEAAV0@ABV0@@Z 10001360 f i KAutoMutex.obj
 0001:00000390       ??4KTimer@@QAEAAV0@ABV0@@Z 10001390 f i KAutoMutex.obj
 0001:000003c0       ?GetMemPtr@KMemClass@@QAEPAXXZ 100013c0 f i KAutoMutex.obj
 0001:000003d0       ?GetMemLen@KMemClass@@QAEKXZ 100013d0 f i KAutoMutex.obj
 0001:000003f0       ??4KMemClass@@QAEAAV0@ABV0@@Z 100013f0 f i KAutoMutex.obj
 0001:00000410       ?GetWidth@KSprite@@QAEHXZ  10001410 f i KAutoMutex.obj
 0001:00000430       ?GetHeight@KSprite@@QAEHXZ 10001430 f i KAutoMutex.obj
 0001:00000450       ?GetCenterX@KSprite@@QAEHXZ 10001450 f i KAutoMutex.obj
 0001:00000470       ?GetCenterY@KSprite@@QAEHXZ 10001470 f i KAutoMutex.obj
 0001:00000490       ?GetFrames@KSprite@@QAEHXZ 10001490 f i KAutoMutex.obj
 0001:000004b0       ?GetDirections@KSprite@@QAEHXZ 100014b0 f i KAutoMutex.obj
 0001:000004d0       ?GetInterval@KSprite@@QAEHXZ 100014d0 f i KAutoMutex.obj
 0001:000004f0       ?GetPalette@KSprite@@QAEPAXXZ 100014f0 f i KAutoMutex.obj
 0001:00000510       ?Get24Palette@KSprite@@QAEPAXXZ 10001510 f i KAutoMutex.obj
 0001:00000530       ??4KSprite@@QAEAAV0@ABV0@@Z 10001530 f i KAutoMutex.obj
 0001:00000560       ??1KSprite@@QAE@XZ         10001560 f i KAutoMutex.obj
 0001:000005b0       ??4KPakFile@@QAEAAV0@ABV0@@Z 100015b0 f i KAutoMutex.obj
 0001:000005e0       ??4KMemStack@@QAEAAV0@ABV0@@Z 100015e0 f i KAutoMutex.obj
 0001:00000610       ??4KIniFile@@QAEAAV0@ABV0@@Z 10001610 f i KAutoMutex.obj
 0001:00000640       ?Changed@KCanvas@@QAEXH@Z  10001640 f i KAutoMutex.obj
 0001:00000660       ?GetWidth@KCanvas@@QAEHXZ  10001660 f i KAutoMutex.obj
 0001:00000680       ?GetHeight@KCanvas@@QAEHXZ 10001680 f i KAutoMutex.obj
 0001:000006a0       ?SetClipRect@KCanvas@@QAEXPAUtagRECT@@@Z 100016a0 f i KAutoMutex.obj
 0001:000006d0       ?GetClipRect@KCanvas@@QAEXPAUtagRECT@@@Z 100016d0 f i KAutoMutex.obj
 0001:00000700       ??4KCanvas@@QAEAAV0@ABV0@@Z 10001700 f i KAutoMutex.obj
 0001:00000730       ?GetBitmap@KBitmap@@QAEPAXXZ 10001730 f i KAutoMutex.obj
 0001:00000750       ?GetPal32@KBitmap@@QAEPAUKPAL32@@XZ 10001750 f i KAutoMutex.obj
 0001:00000770       ?GetPal16@KBitmap@@QAEPAGXZ 10001770 f i KAutoMutex.obj
 0001:00000790       ?GetWidth@KBitmap@@QAEHXZ  10001790 f i KAutoMutex.obj
 0001:000007b0       ?GetHeight@KBitmap@@QAEHXZ 100017b0 f i KAutoMutex.obj
 0001:000007d0       ?GetColors@KBitmap@@QAEHXZ 100017d0 f i KAutoMutex.obj
 0001:000007f0       ??4KBitmap@@QAEAAV0@ABV0@@Z 100017f0 f i KAutoMutex.obj
 0001:00000820       ??1KBitmap@@QAE@XZ         10001820 f i KAutoMutex.obj
 0001:00000840       ?GetWidth@KFont@@QAEHXZ    10001840 f i KAutoMutex.obj
 0001:00000860       ?GetHeight@KFont@@QAEHXZ   10001860 f i KAutoMutex.obj
 0001:00000880       ?SetTextStyle@KFont@@QAEXH@Z 10001880 f i KAutoMutex.obj
 0001:000008a0       ??4KFont@@QAEAAV0@ABV0@@Z  100018a0 f i KAutoMutex.obj
 0001:000008d0       ?HandleInput@KWin32App@@MAEHIIJ@Z 100018d0 f i KAutoMutex.obj
 0001:000008e0       ??0KWin32App@@QAE@ABV0@@Z  100018e0 f i KAutoMutex.obj
 0001:00000980       ??4KWin32App@@QAEAAV0@ABV0@@Z 10001980 f i KAutoMutex.obj
 0001:00000a40       ??4KMutex@@QAEAAV0@ABV0@@Z 10001a40 f i KAutoMutex.obj
 0001:00000a70       ??4KAutoMutex@@QAEAAV0@ABV0@@Z 10001a70 f i KAutoMutex.obj
 0001:00000a90       ??0KAutoMutex@@QAE@PAVKMutex@@@Z 10001a90 f   KAutoMutex.obj
 0001:00000aba       ??1KAutoMutex@@QAE@XZ      10001aba f   KAutoMutex.obj
 0001:00000ae0       ??4KAviFile@@QAEAAV0@ABV0@@Z 10001ae0 f i KAviFile.obj
 0001:00000b10       ??0KAviFile@@QAE@XZ        10001b10 f   KAviFile.obj
 0001:00000b6b       ??1KAviFile@@QAE@XZ        10001b6b f   KAviFile.obj
 0001:00000bb9       ?Open@KAviFile@@QAEHPAD@Z  10001bb9 f   KAviFile.obj
 0001:00000c77       ?FillHeader@KAviFile@@QAEHXZ 10001c77 f   KAviFile.obj
 0001:00001361       ?GetAudioIndex@KAviFile@@QAEHXZ 10002361 f   KAviFile.obj
 0001:00001554       ?GetVideoIndex@KAviFile@@QAEHXZ 10002554 f   KAviFile.obj
 0001:0000172f       ?VideoStreams@KAviFile@@QAEHXZ 1000272f f   KAviFile.obj
 0001:00001740       ?AudioStreams@KAviFile@@QAEHXZ 10002740 f   KAviFile.obj
 0001:00001751       ?GetBitmapInfoHeader@KAviFile@@QAEXPAUtagBITMAPINFOHEADER@@@Z 10002751 f   KAviFile.obj
 0001:0000176f       ?GetWaveFormat@KAviFile@@QAEXPAUtWAVEFORMATEX@@@Z 1000276f f   KAviFile.obj
 0001:000017a3       ?GetCompressMethod@KAviFile@@QAEXPAD@Z 100027a3 f   KAviFile.obj
 0001:000017c5       ?NextFrame@KAviFile@@QAEHPAE@Z 100027c5 f   KAviFile.obj
 0001:00001867       ?ReadAudio@KAviFile@@QAEHPAEH@Z 10002867 f   KAviFile.obj
 0001:0000197e       ?FrameRate@KAviFile@@QAEHXZ 1000297e f   KAviFile.obj
 0001:000019b5       ?CurrentFrame@KAviFile@@QAEHXZ 100029b5 f   KAviFile.obj
 0001:000019c6       ?TotalFrames@KAviFile@@QAEHXZ 100029c6 f   KAviFile.obj
 0001:000019d7       ?VideoSeek@KAviFile@@QAEHH@Z 100029d7 f   KAviFile.obj
 0001:00001a4a       ?AudioSeek@KAviFile@@QAEHH@Z 10002a4a f   KAviFile.obj
 0001:00001b73       ?IsKeyframe@KAviFile@@QAEHH@Z 10002b73 f   KAviFile.obj
 0001:00001bb0       ?NextKeyFrame@KAviFile@@QAEHXZ 10002bb0 f   KAviFile.obj
 0001:00001c01       ?PreviousKeyFrame@KAviFile@@QAEHXZ 10002c01 f   KAviFile.obj
 0001:00001c5c       ?Rewind@KAviFile@@QAEHXZ   10002c5c f   KAviFile.obj
 0001:00001c8a       ?Close@KAviFile@@QAEXXZ    10002c8a f   KAviFile.obj
 0001:00001cf0       ??0KBitmap@@QAE@XZ         10002cf0 f   KBitmap.obj
 0001:00001d2d       ?Init@KBitmap@@QAEHHHH@Z   10002d2d f   KBitmap.obj
 0001:00001d88       ?Draw@KBitmap@@QAEXHH@Z    10002d88 f   KBitmap.obj
 0001:00001ddc       ?Clear@KBitmap@@QAEXE@Z    10002ddc f   KBitmap.obj
 0001:00001df5       ?MakePalette@KBitmap@@QAEXXZ 10002df5 f   KBitmap.obj
 0001:00001e23       ?PutPixel@KBitmap@@QAEXHHE@Z 10002e23 f   KBitmap.obj
 0001:00001e56       ?GetPixel@KBitmap@@QAEEHH@Z 10002e56 f   KBitmap.obj
 0001:00001e86       ?Load@KBitmap@@QAEHPAD@Z   10002e86 f   KBitmap.obj
 0001:00001f9f       ?Save@KBitmap@@QAEHPAD@Z   10002f9f f   KBitmap.obj
 0001:000020a0       ?GetBitmap@KBitmap16@@QAEPAXXZ 100030a0 f i KBitmap16.obj
 0001:000020c0       ?GetWidth@KBitmap16@@QAEHXZ 100030c0 f i KBitmap16.obj
 0001:000020e0       ?GetHeight@KBitmap16@@QAEHXZ 100030e0 f i KBitmap16.obj
 0001:00002100       ??4KBitmap16@@QAEAAV0@ABV0@@Z 10003100 f i KBitmap16.obj
 0001:00002130       ??1KBitmap16@@QAE@XZ       10003130 f i KBitmap16.obj
 0001:00002150       ??0KBitmap16@@QAE@XZ       10003150 f   KBitmap16.obj
 0001:0000217a       ?Init@KBitmap16@@QAEHHH@Z  1000317a f   KBitmap16.obj
 0001:000021b7       ?Free@KBitmap16@@QAEXXZ    100031b7 f   KBitmap16.obj
 0001:000021ca       ?Clear@KBitmap16@@QAEXXZ   100031ca f   KBitmap16.obj
 0001:000021dd       ?Draw@KBitmap16@@QAEXHH@Z  100031dd f   KBitmap16.obj
 0001:000021f7       ?DrawLum@KBitmap16@@QAEXHHH@Z 100031f7 f   KBitmap16.obj
 0001:00002211       ?PutPixel@KBitmap16@@QAEXHHG@Z 10003211 f   KBitmap16.obj
 0001:0000226f       ?GetPixel@KBitmap16@@QAEGHH@Z 1000326f f   KBitmap16.obj
 0001:000022cf       ?GetPointer@KBitmap16@@QAEPAGHH@Z 100032cf f   KBitmap16.obj
 0001:000022fc       ?Load@KBitmap16@@QAEHPAD@Z 100032fc f   KBitmap16.obj
 0001:0000244d       ?Save@KBitmap16@@QAEHPAD@Z 1000344d f   KBitmap16.obj
 0001:00002520       _g_CreateAlphaFromRGB      10003520 f   KBitmapConvert.obj
 0001:00002590       ?GetSprite@KBmp2Spr@@QAEPAXXZ 10003590 f i KBmp2Spr.obj
 0001:000025b0       ?GetLength@KBmp2Spr@@QAEJXZ 100035b0 f i KBmp2Spr.obj
 0001:000025d0       ??4KBmp2Spr@@QAEAAV0@ABV0@@Z 100035d0 f i KBmp2Spr.obj
 0001:00002600       ??1KBmp2Spr@@QAE@XZ        10003600 f i KBmp2Spr.obj
 0001:00002620       ??0KBmp2Spr@@QAE@XZ        10003620 f   KBmp2Spr.obj
 0001:0000266a       ?Convert@KBmp2Spr@@QAEHPAVKBitmap@@H@Z 1000366a f   KBmp2Spr.obj
 0001:00002741       ?ConvertRect@KBmp2Spr@@IAEJPAUtagRECT@@PAE@Z 10003741 f   KBmp2Spr.obj
 0001:00002814       ?ConvertLine@KBmp2Spr@@IAEJHHHPAE@Z 10003814 f   KBmp2Spr.obj
 0001:00002923       ?GetTransCount@KBmp2Spr@@IAEJHHH@Z 10003923 f   KBmp2Spr.obj
 0001:000029a3       ?GetPixelCount@KBmp2Spr@@IAEJHHH@Z 100039a3 f   KBmp2Spr.obj
 0001:00002a1f       ?GetMiniRect@KBmp2Spr@@IAEXPAUtagRECT@@@Z 10003a1f f   KBmp2Spr.obj
 0001:00002cc0       ??4KBmpFile@@QAEAAV0@ABV0@@Z 10003cc0 f i KBmpFile.obj
 0001:00002cf0       ?Load@KBmpFile@@QAEHPADPAVKBitmap@@@Z 10003cf0 f   KBmpFile.obj
 0001:0000300d       ?Save@KBmpFile@@QAEHPADPAVKBitmap@@@Z 1000400d f   KBmpFile.obj
 0001:0000325f       ?Decode@KBmpFile@@AAEXPAX0@Z 1000425f f   KBmpFile.obj
 0001:000032de       ?Encode@KBmpFile@@AAEXPAX0@Z 100042de f   KBmpFile.obj
 0001:00003360       ??4KBmpFile24@@QAEAAV0@ABV0@@Z 10004360 f i KBmpFile24.obj
 0001:00003390       ?Load@KBmpFile24@@QAEHPADPAVKBitmap16@@@Z 10004390 f   KBmpFile24.obj
 0001:00003661       ?Save@KBmpFile24@@QAEHPADPAVKBitmap16@@@Z 10004661 f   KBmpFile24.obj
 0001:00003883       ?Decode@KBmpFile24@@AAEHPAX0@Z 10004883 f   KBmpFile24.obj
 0001:00003972       ?Encode@KBmpFile24@@AAEHPAX0@Z 10004972 f   KBmpFile24.obj
 0001:00003a7e       ?SaveBuffer24@KBmpFile24@@SAHPADPAXHHH@Z 10004a7e f   KBmpFile24.obj
 0001:00003aa1       ?SaveBuffer32@KBmpFile24@@SAHPADPAXHHH@Z 10004aa1 f   KBmpFile24.obj
 0001:00003ac4       ?SaveBuffer@KBmpFile24@@CAHPADPAXHHH_N@Z 10004ac4 f   KBmpFile24.obj
 0001:00003e00       ??0KMemManager@@QAE@ABV0@@Z 10004e00 f i KCache.obj
 0001:00003e50       ??4KMemManager@@QAEAAV0@ABV0@@Z 10004e50 f i KCache.obj
 0001:00003ed0       ??0KList@@QAE@ABV0@@Z      10004ed0 f i KCache.obj
 0001:00003f30       ??1KNode@@UAE@XZ           10004f30 f i KCache.obj
 0001:00003f50       ??_GKNode@@UAEPAXI@Z       10004f50 f i KCache.obj
 0001:00003f50       ??_EKNode@@UAEPAXI@Z       10004f50 f i KCache.obj
 0001:00003f80       ??4KList@@QAEAAV0@ABV0@@Z  10004f80 f i KCache.obj
 0001:00003fb0       ??0KNode@@QAE@ABV0@@Z      10004fb0 f i KCache.obj
 0001:00003ff0       ??4KNode@@QAEAAV0@ABV0@@Z  10004ff0 f i KCache.obj
 0001:00004020       ?GetName@KStrNode@@UAEPADXZ 10005020 f i KCache.obj
 0001:00004040       ?SetName@KStrNode@@UAEXPAD@Z 10005040 f i KCache.obj
 0001:00004070       ??0KStrNode@@QAE@ABV0@@Z   10005070 f i KCache.obj
 0001:000040b0       ??4KStrNode@@QAEAAV0@ABV0@@Z 100050b0 f i KCache.obj
 0001:00004100       ??1KStrNode@@UAE@XZ        10005100 f i KCache.obj
 0001:00004120       ??_GKStrNode@@UAEPAXI@Z    10005120 f i KCache.obj
 0001:00004150       ??_EKStrNode@@UAEPAXI@Z    10005150 f i KCache.obj
 0001:000041c0       ??0KStrList@@QAE@XZ        100051c0 f i KCache.obj
 0001:000041e0       ??0KList@@QAE@XZ           100051e0 f i KCache.obj
 0001:00004250       ??0KNode@@QAE@XZ           10005250 f i KCache.obj
 0001:00004280       ??0KStrList@@QAE@ABV0@@Z   10005280 f i KCache.obj
 0001:000042a0       ??4KStrList@@QAEAAV0@ABV0@@Z 100052a0 f i KCache.obj
 0001:000042c0       ??1KStrList@@QAE@XZ        100052c0 f i KCache.obj
 0001:000042e0       ??1KList@@QAE@XZ           100052e0 f i KCache.obj
 0001:00004330       ?LoadNode@KCache@@UAEHPAVKCacheNode@@@Z 10005330 f i KCache.obj
 0001:00004340       ?FreeNode@KCache@@UAEXPAVKCacheNode@@@Z 10005340 f i KCache.obj
 0001:00004350       ??0KCache@@QAE@ABV0@@Z     10005350 f i KCache.obj
 0001:000043a0       ??4KCache@@QAEAAV0@ABV0@@Z 100053a0 f i KCache.obj
 0001:000043e0       ??0KCache@@QAE@XZ          100053e0 f   KCache.obj
 0001:00004416       ?Release@KCache@@UAEXXZ    10005416 f   KCache.obj
 0001:00004472       ??1KCache@@QAE@XZ          10005472 f   KCache.obj
 0001:00004491       ?Init@KCache@@UAEXH@Z      10005491 f   KCache.obj
 0001:000044b3       ?NewNode@KCache@@UAEPAVKCacheNode@@PAD@Z 100054b3 f   KCache.obj
 0001:00004687       ?GetNode@KCache@@UAEPAVKCacheNode@@PADPAV2@@Z 10005687 f   KCache.obj
 0001:000046eb       ?Prepare@KCache@@QAEXXZ    100056eb f   KCache.obj
 0001:0000477c       ?ClearNode@KCache@@QAEXPAD@Z 1000577c f   KCache.obj
 0001:00004800       ?RemoveHead@KList@@QAEPAVKNode@@XZ 10005800 f i KCache.obj
 0001:00004830       ?GetNext@KNode@@QAEPAV1@XZ 10005830 f i KCache.obj
 0001:00004860       ?Remove@KNode@@QAEXXZ      10005860 f i KCache.obj
 0001:000048b0       ?GetTail@KList@@QAEPAVKNode@@XZ 100058b0 f i KCache.obj
 0001:000048d0       ?GetPrev@KNode@@QAEPAV1@XZ 100058d0 f i KCache.obj
 0001:00004900       ?AddHead@KList@@QAEXPAVKNode@@@Z 10005900 f i KCache.obj
 0001:00004920       ?InsertAfter@KNode@@QAEXPAV1@@Z 10005920 f i KCache.obj
 0001:00004970       ?RemoveTail@KList@@QAEPAVKNode@@XZ 10005970 f i KCache.obj
 0001:000049a0       ?GetNodeCount@KList@@QAEJXZ 100059a0 f i KCache.obj
 0001:000049e0       ?GetHead@KList@@QAEPAVKNode@@XZ 100059e0 f i KCache.obj
 0001:00004a00       ??0KCacheNode@@QAE@XZ      10005a00 f i KCache.obj
 0001:00004a40       ??_GKCacheNode@@UAEPAXI@Z  10005a40 f i KCache.obj
 0001:00004a40       ??_EKCacheNode@@UAEPAXI@Z  10005a40 f i KCache.obj
 0001:00004a70       ??1KCacheNode@@UAE@XZ      10005a70 f i KCache.obj
 0001:00004a90       ??0KCanvas@@QAE@XZ         10005a90 f   KCanvas.obj
 0001:00004ae1       ??1KCanvas@@QAE@XZ         10005ae1 f   KCanvas.obj
 0001:00004af4       ?Init@KCanvas@@QAE_NHH@Z   10005af4 f   KCanvas.obj
 0001:00004bfa       ?Terminate@KCanvas@@QAEXXZ 10005bfa f   KCanvas.obj
 0001:00004c26       ?GetUpdateRect@KCanvas@@AAE_NPAUtagRECT@@0@Z 10005c26 f   KCanvas.obj
 0001:00004d90       ?RectClip@KCanvas@@QAEHPAUtagRECT@@@Z 10005d90 f   KCanvas.obj
 0001:00004e19       ?MakeClip@KCanvas@@QAEHJJJJPAUKClipper@@@Z 10005e19 f   KCanvas.obj
 0001:00004f7c       ?FillCanvas@KCanvas@@QAEXG@Z 10005f7c f   KCanvas.obj
 0001:00004fc5       ?UpdateCanvas@KCanvas@@QAEXXZ 10005fc5 f   KCanvas.obj
 0001:00004fd0       ?BltSurface@KCanvas@@QAEXPAUIDirectDrawSurface@@PAUtagRECT@@@Z 10005fd0 f   KCanvas.obj
 0001:00005012       ?UpdateScreen@KCanvas@@QAEXXZ 10006012 f   KCanvas.obj
 0001:00005027       ?DrawPixel@KCanvas@@QAEXHHH@Z 10006027 f   KCanvas.obj
 0001:000050ac       ?DrawPixelAlpha@KCanvas@@QAEXHHHH@Z 100060ac f   KCanvas.obj
 0001:00005137       ?DrawLine@KCanvas@@QAEXHHHHH@Z 10006137 f   KCanvas.obj
 0001:00005224       ?DrawLineAlpha@KCanvas@@QAEXHHHHHH@Z 10006224 f   KCanvas.obj
 0001:00005317       ?DrawSprite@KCanvas@@QAEXHHHHPAX0@Z 10006317 f   KCanvas.obj
 0001:000053cb       ?DrawSpriteMixColor@KCanvas@@QAEXHHHHPAX0HH@Z 100063cb f   KCanvas.obj
 0001:0000548b       ?DrawSpriteWithColor@KCanvas@@QAEXHHHHPAX0HH@Z 1000648b f   KCanvas.obj
 0001:0000554b       ?DrawSpriteAlpha@KCanvas@@QAEXHHHHPAX0H@Z 1000654b f   KCanvas.obj
 0001:0000561b       ?DrawSpriteBorder@KCanvas@@QAEXHHHHHPAX@Z 1000661b f   KCanvas.obj
 0001:000056c3       ?DrawSprite3LevelAlpha@KCanvas@@QAEXHHHHPAX0@Z 100066c3 f   KCanvas.obj
 0001:00005760       ?DrawFont@KCanvas@@QAEXHHHHHHPAX@Z 10006760 f   KCanvas.obj
 0001:000057fd       ?DrawFontWithBorder@KCanvas@@QAEXHHHHHHPAXH@Z 100067fd f   KCanvas.obj
 0001:0000589a       ?DrawFontSolid@KCanvas@@QAEXHHHHHHPAX@Z 1000689a f   KCanvas.obj
 0001:00005937       ?DrawBitmap@KCanvas@@QAEXHHHHPAX0@Z 10006937 f   KCanvas.obj
 0001:000059ce       ?DrawFade@KCanvas@@QAEXHHHHH@Z 100069ce f   KCanvas.obj
 0001:00005a5f       ?DrawBitmap16@KCanvas@@QAEXHHHHPAX@Z 10006a5f f   KCanvas.obj
 0001:00005af0       ?DrawBitmap16mmx@KCanvas@@QAEXHHHHPAX@Z 10006af0 f   KCanvas.obj
 0001:00005b81       ?DrawBitmap16win@KCanvas@@QAEXHHHHPAX@Z 10006b81 f   KCanvas.obj
 0001:00005c12       ?Clear@KCanvas@@QAEXHHHHH@Z 10006c12 f   KCanvas.obj
 0001:00005c55       ?DotClear@KCanvas@@QAEXHHHHH@Z 10006c55 f   KCanvas.obj
 0001:00005ce6       ?ClearAlpha@KCanvas@@QAEXHHHHHH@Z 10006ce6 f   KCanvas.obj
 0001:00005d7d       ?LockCanvas@KCanvas@@QAEPAXAAH@Z 10006d7d f   KCanvas.obj
 0001:00005dd1       ?UnlockCanvas@KCanvas@@QAEXXZ 10006dd1 f   KCanvas.obj
 0001:00005e00       ?UpdateBackBuffer@KCanvas@@AAEXPAUtagRECT@@@Z 10006e00 f i KCanvas.obj
 0001:00005ea0       ?UpdateFrontBuffer@KCanvas@@AAEXPAUtagRECT@@@Z 10006ea0 f i KCanvas.obj
 0001:00005f40       ??0KDrawNode@@QAE@XZ       10006f40 f i KCanvas.obj
 0001:00005f60       ??1KDrawNode@@UAE@XZ       10006f60 f i KCanvas.obj
 0001:00005f80       ??_EKDrawNode@@UAEPAXI@Z   10006f80 f i KCanvas.obj
 0001:00005f80       ??_GKDrawNode@@UAEPAXI@Z   10006f80 f i KCanvas.obj
 0001:00005fb0       ??0KCodec@@QAE@XZ          10006fb0 f i KCodec.obj
 0001:00005fd0       ??0KCodec@@QAE@ABV0@@Z     10006fd0 f i KCodec.obj
 0001:00005ff0       ??4KCodec@@QAEAAV0@ABV0@@Z 10006ff0 f i KCodec.obj
 0001:00006000       ??0KCodecLzo@@QAE@XZ       10007000 f i KCodec.obj
 0001:00006030       ??0KCodecLzo@@QAE@ABV0@@Z  10007030 f i KCodec.obj
 0001:00006070       ??4KCodecLzo@@QAEAAV0@ABV0@@Z 10007070 f i KCodec.obj
 0001:000060a0       ??1KCodecLzo@@QAE@XZ       100070a0 f i KCodec.obj
 0001:000060c0       ?GetPackLen@KCodec@@UAEKK@Z 100070c0 f   KCodec.obj
 0001:000060e3       ?Encode@KCodec@@UAEHPAUTCodeInfo@@@Z 100070e3 f   KCodec.obj
 0001:0000611d       ?Decode@KCodec@@UAEHPAUTCodeInfo@@@Z 1000711d f   KCodec.obj
 0001:00006157       ?g_InitCodec@@YAXPAPAVKCodec@@H@Z 10007157 f   KCodec.obj
 0001:00006228       ?g_FreeCodec@@YAXPAPAVKCodec@@H@Z 10007228 f   KCodec.obj
 0001:000062a0       ??_GKCodecLzo@@QAEPAXI@Z   100072a0 f i KCodec.obj
 0001:000062d0       ?Compress@KCodecLzo@@AAEKPAEK0PAK@Z 100072d0 f   KCodecLzo.obj
 0001:00006869       ?Encode@KCodecLzo@@UAEHPAUTCodeInfo@@@Z 10007869 f   KCodecLzo.obj
 0001:00006a0f       ?Decode@KCodecLzo@@UAEHPAUTCodeInfo@@@Z 10007a0f f   KCodecLzo.obj
 0001:00006ff0       ?g_Red@@YAEG@Z             10007ff0 f   KColors.obj
 0001:0000700c       ?g_Green@@YAEG@Z           1000800c f   KColors.obj
 0001:0000704b       ?g_Blue@@YAEG@Z            1000804b f   KColors.obj
 0001:00007089       ?g_RGB555@@YAGHHH@Z        10008089 f   KColors.obj
 0001:000070ca       ?g_RGB565@@YAGHHH@Z        100080ca f   KColors.obj
 0001:0000710b       ?g_555To565@@YAXHHPAX@Z    1000810b f   KColors.obj
 0001:00007140       ?g_565To555@@YAXHHPAX@Z    10008140 f   KColors.obj
 0001:00007180       ??0KDirectDraw@@QAE@XZ     10008180 f   KDDraw.obj
 0001:000071e5       ??1KDirectDraw@@QAE@XZ     100081e5 f   KDDraw.obj
 0001:000071f8       ?Mode@KDirectDraw@@QAEXHHH@Z 100081f8 f   KDDraw.obj
 0001:00007226       ?Init@KDirectDraw@@QAEHXZ  10008226 f   KDDraw.obj
 0001:000072ff       ?Exit@KDirectDraw@@QAEXXZ  100082ff f   KDDraw.obj
 0001:000073b2       ?CreateDirectDraw@KDirectDraw@@AAEHXZ 100083b2 f   KDDraw.obj
 0001:00007478       ?SetDisplayMode@KDirectDraw@@AAEHXZ 10008478 f   KDDraw.obj
 0001:00007524       ?GetDisplayMode@KDirectDraw@@AAEHXZ 10008524 f   KDDraw.obj
 0001:000075f6       ?CreateSurface@KDirectDraw@@AAEHXZ 100085f6 f   KDDraw.obj
 0001:0000773e       ?CreateSurface@KDirectDraw@@QAEPAUIDirectDrawSurface@@HH@Z 1000873e f   KDDraw.obj
 0001:000077b5       ?RestoreSurface@KDirectDraw@@QAEHXZ 100087b5 f   KDDraw.obj
 0001:00007827       ?GetSurfaceDesc@KDirectDraw@@AAEHXZ 10008827 f   KDDraw.obj
 0001:00007981       ?CreateClipper@KDirectDraw@@AAEHXZ 10008981 f   KDDraw.obj
 0001:00007a26       ?SetClipperHWnd@KDirectDraw@@QAEXPAUHWND__@@@Z 10008a26 f   KDDraw.obj
 0001:00007a6b       ?WaitForVerticalBlankBegin@KDirectDraw@@QAEXXZ 10008a6b f   KDDraw.obj
 0001:00007a92       ?WaitForVerticalBlankEnd@KDirectDraw@@QAEXXZ 10008a92 f   KDDraw.obj
 0001:00007ab9       ?FillBackBuffer@KDirectDraw@@QAEXK@Z 10008ab9 f   KDDraw.obj
 0001:00007b01       ?UpdateScreenZoom@KDirectDraw@@QAEXPAUtagRECT@@@Z 10008b01 f   KDDraw.obj
 0001:00007b3d       ?SetWindowStyle@KDirectDraw@@AAEXXZ 10008b3d f   KDDraw.obj
 0001:00007c0a       ?BltToFrontBuffer@KDirectDraw@@QAEXPAUIDirectDrawSurface@@PAUtagRECT@@1@Z 10008c0a f   KDDraw.obj
 0001:00007c4b       ?BltToBackBuffer@KDirectDraw@@QAEXPAUIDirectDrawSurface@@PAUtagRECT@@1@Z 10008c4b f   KDDraw.obj
 0001:00007c90       ?g_FindDebugWindow@@YAPAUHWND__@@PAD0@Z 10008c90 f   KDebug.obj
 0001:00007cad       ?g_DebugLog@@YAXPADZZ      10008cad f   KDebug.obj
 0001:00007d24       ?g_MessageBox@@YAXPADZZ    10008d24 f   KDebug.obj
 0001:00007d78       ?g_AssertFailed@@YAXPADH@Z 10008d78 f   KDebug.obj
 0001:00007dd0       ?g_DDError@@YAXH@Z         10008dd0 f   KDError.obj
 0001:00007e2e       ?g_DSError@@YAXH@Z         10008e2e f   KDError.obj
 0001:00007e8c       ?g_DIError@@YAXH@Z         10008e8c f   KDError.obj
 0001:00007ef0       ??0KDirectInput@@QAE@XZ    10008ef0 f   KDInput.obj
 0001:00007f23       ??1KDirectInput@@QAE@XZ    10008f23 f   KDInput.obj
 0001:00007f36       ?Init@KDirectInput@@QAEHXZ 10008f36 f   KDInput.obj
 0001:00007fba       ?Exit@KDirectInput@@QAEXXZ 10008fba f   KDInput.obj
 0001:00008061       ?CreateDirectInput@KDirectInput@@AAEHXZ 10009061 f   KDInput.obj
 0001:000080aa       ?CreateMouseDevice@KDirectInput@@AAEHXZ 100090aa f   KDInput.obj
 0001:0000819c       ?CreateKeyboardDevice@KDirectInput@@AAEHXZ 1000919c f   KDInput.obj
 0001:0000828e       ?SetMouseBehavior@KDirectInput@@QAEHH@Z 1000928e f   KDInput.obj
 0001:000082ed       ?GetMouseState@KDirectInput@@QAEHPAH0PAE1@Z 100092ed f   KDInput.obj
 0001:00008367       ?GetKeyboardState@KDirectInput@@QAEHPAE@Z 10009367 f   KDInput.obj
 0001:000083c0       ?g_DrawPixel@@YAXPAX0@Z    100093c0 f   KDrawBase.obj
 0001:00008450       ?g_DrawPixelAlpha@@YAXPAX0@Z 10009450 f   KDrawBase.obj
 0001:0000852b       ?g_DrawLine@@YAXPAX0@Z     1000952b f   KDrawBase.obj
 0001:000086f1       ?g_DrawLineAlpha@@YAXPAX0@Z 100096f1 f   KDrawBase.obj
 0001:000088c0       ?g_Clear@@YAXPAX0@Z        100098c0 f   KDrawBase.obj
 0001:0000899c       ?g_DotClear@@YAXPAX0@Z     1000999c f   KDrawBase.obj
 0001:00008a77       ?g_ClearAlpha@@YAXPAX0@Z   10009a77 f   KDrawBase.obj
 0001:00008bb0       ?g_DrawBitmap@@YAXPAX0@Z   10009bb0 f   KDrawBitmap.obj
 0001:00008ca0       ?g_DrawBitmap16@@YAXPAX0@Z 10009ca0 f   KDrawBitmap16.obj
 0001:00008da7       ?g_DrawBitmap16mmx@@YAXPAX0@Z 10009da7 f   KDrawBitmap16.obj
 0001:00008ea8       ?g_DrawBitmap16win@@YAXPAX0@Z 10009ea8 f   KDrawBitmap16.obj
 0001:00008fd0       ?g_DrawFade@@YAXPAX0@Z     10009fd0 f   KDrawFade.obj
 0001:00009100       ?g_DrawFont@@YAXPAX0@Z     1000a100 f   KDrawFont.obj
 0001:0000929f       ?g_DrawFontWithBorder@@YAXPAX0@Z 1000a29f f   KDrawFont.obj
 0001:000093ef       ?g_DrawFontSolid@@YAXPAX0@Z 1000a3ef f   KDrawFont.obj
 0001:00009570       ?g_DrawSprite@@YAXPAX0@Z   1000a570 f   KDrawSprite.obj
 0001:00009889       ?g_DrawSpriteMixColor@@YAXPAX0@Z 1000a889 f   KDrawSprite.obj
 0001:00009cc9       ?g_DrawSpriteWithColor@@YAXPAX0@Z 1000acc9 f   KDrawSprite.obj
 0001:0000a13a       ?g_DrawSpriteBorder@@YAXPAX0@Z 1000b13a f   KDrawSprite.obj
 0001:0000a490       ?g_DrawSpriteAlpha@@YAXPAX0@Z 1000b490 f   KDrawSpriteAlpha.obj
 0001:0000ab00       ?g_DrawSpriteAlpha@@YAXPAX0H@Z 1000bb00 f   KDrawSpriteAlpha.obj
 0001:0000b41b       ?g_DrawSprite3LevelAlpha@@YAXPAX0@Z 1000c41b f   KDrawSpriteAlpha.obj
 0001:0000b790       ??0KDirectSound@@QAE@XZ    1000c790 f   KDSound.obj
 0001:0000b7b9       ??1KDirectSound@@QAE@XZ    1000c7b9 f   KDSound.obj
 0001:0000b7cc       ?Init@KDirectSound@@QAEHXZ 1000c7cc f   KDSound.obj
 0001:0000b819       ?Exit@KDirectSound@@QAEXXZ 1000c819 f   KDSound.obj
 0001:0000b877       ?CreateDirectSound@KDirectSound@@AAEHXZ 1000c877 f   KDSound.obj
 0001:0000b8e2       ?CreatePrimarySoundBuffer@KDirectSound@@AAEHXZ 1000c8e2 f   KDSound.obj
 0001:0000b9e0       ??0KScript@@QAE@ABV0@@Z    1000c9e0 f i KEicScript.obj
 0001:0000ba00       ??4KScript@@QAEAAV0@ABV0@@Z 1000ca00 f i KEicScript.obj
 0001:0000ba10       ??_GKScript@@UAEPAXI@Z     1000ca10 f i KEicScript.obj
 0001:0000ba40       ??_EKScript@@UAEPAXI@Z     1000ca40 f i KEicScript.obj
 0001:0000bab0       ??0KEicScript@@QAE@XZ      1000cab0 f i KEicScript.obj
 0001:0000bad0       ??0KEicScript@@QAE@ABV0@@Z 1000cad0 f i KEicScript.obj
 0001:0000bb10       ??4KEicScript@@QAEAAV0@ABV0@@Z 1000cb10 f i KEicScript.obj
 0001:0000bb60       ??1KEicScript@@UAE@XZ      1000cb60 f i KEicScript.obj
 0001:0000bb80       ??_GKEicScript@@UAEPAXI@Z  1000cb80 f i KEicScript.obj
 0001:0000bbb0       ??_EKEicScript@@UAEPAXI@Z  1000cbb0 f i KEicScript.obj
 0001:0000bc20       ?Init@KEicScript@@UAEHXZ   1000cc20 f   KEicScript.obj
 0001:0000bd57       ?Exit@KEicScript@@UAEXXZ   1000cd57 f   KEicScript.obj
 0001:0000bd67       ?Load@KEicScript@@UAEHPAD@Z 1000cd67 f   KEicScript.obj
 0001:0000bd99       ?Compile@KEicScript@@UAEHPAD@Z 1000cd99 f   KEicScript.obj
 0001:0000bdb8       ?Execute@KEicScript@@UAEHHPAPAD@Z 1000cdb8 f   KEicScript.obj
 0001:0000bdf1       ?RegisterFunction@KEicScript@@UAEHPADPAX@Z 1000cdf1 f   KEicScript.obj
 0001:0000be10       ?Activate@KLuaScript@@QAEHXZ 1000ce10 f i KEicScriptSet.obj
 0001:0000be30       ?SetScriptName@KLuaScript@@UAEXPAD@Z 1000ce30 f i KEicScriptSet.obj
 0001:0000be50       ?GetUserTag@KLuaScript@@QAEHXZ 1000ce50 f i KEicScriptSet.obj
 0001:0000be70       ?SetTableMember@KLuaScript@@QAEXHHPBD@Z 1000ce70 f i KEicScriptSet.obj
 0001:0000bea0       ?SetTableMember@KLuaScript@@QAEXHHN@Z 1000cea0 f i KEicScriptSet.obj
 0001:0000bed0       ?SetTableMember@KLuaScript@@QAEXHHH@Z 1000ced0 f i KEicScriptSet.obj
 0001:0000bf00       ?SetTableMember@KLuaScript@@QAEXHPBDP6AHPAUlua_State@@@Z@Z 1000cf00 f i KEicScriptSet.obj
 0001:0000bf30       ?SetTableMember@KLuaScript@@QAEXHHP6AHPAUlua_State@@@Z@Z 1000cf30 f i KEicScriptSet.obj
 0001:0000bf60       ?SetTableMember@KLuaScript@@QAEXHPBDPAD@Z 1000cf60 f i KEicScriptSet.obj
 0001:0000bf90       ?SetTableMember@KLuaScript@@QAEXHPBDH@Z 1000cf90 f i KEicScriptSet.obj
 0001:0000bfc0       ?SetTableMember@KLuaScript@@QAEXHPBDN@Z 1000cfc0 f i KEicScriptSet.obj
 0001:0000bff0       ??0KLuaScript@@QAE@ABV0@@Z 1000cff0 f i KEicScriptSet.obj
 0001:0000c050       ??4KLuaScript@@QAEAAV0@ABV0@@Z 1000d050 f i KEicScriptSet.obj
 0001:0000c0c0       ??_GKLuaScript@@UAEPAXI@Z  1000d0c0 f i KEicScriptSet.obj
 0001:0000c0f0       ??_EKLuaScript@@UAEPAXI@Z  1000d0f0 f i KEicScriptSet.obj
 0001:0000c160       ?GetCount@KScriptSet@@QAEKXZ 1000d160 f i KEicScriptSet.obj
 0001:0000c180       ?GetKeyStyle@KScriptSet@@QAEHXZ 1000d180 f i KEicScriptSet.obj
 0001:0000c1a0       ?GetScriptFileNameFromKey@KScriptSet@@UAEPADPAD@Z 1000d1a0 f i KEicScriptSet.obj
 0001:0000c1b0       ?GetScriptFileNameFromKey@KScriptSet@@UAEPADK@Z 1000d1b0 f i KEicScriptSet.obj
 0001:0000c1c0       ??0KScriptSet@@QAE@ABV0@@Z 1000d1c0 f i KEicScriptSet.obj
 0001:0000c210       ??4KScriptSet@@QAEAAV0@ABV0@@Z 1000d210 f i KEicScriptSet.obj
 0001:0000c250       ??0KEicScriptSet@@QAE@ABV0@@Z 1000d250 f i KEicScriptSet.obj
 0001:0000c280       ??4KEicScriptSet@@QAEAAV0@ABV0@@Z 1000d280 f i KEicScriptSet.obj
 0001:0000c2a0       ??0KEicScriptSet@@QAE@XZ   1000d2a0 f   KEicScriptSet.obj
 0001:0000c2bf       ??1KEicScriptSet@@QAE@XZ   1000d2bf f   KEicScriptSet.obj
 0001:0000c2e0       ?g_InitEngine@@YAHXZ       1000d2e0 f   KEngine.obj
 0001:0000c352       ?g_ExitEngine@@YAXXZ       1000d352 f   KEngine.obj
 0001:0000c3a0       ??4KEvent@@QAEAAV0@ABV0@@Z 1000d3a0 f i KEvent.obj
 0001:0000c3c0       ??0KEvent@@QAE@XZ          1000d3c0 f   KEvent.obj
 0001:0000c3f6       ??1KEvent@@QAE@XZ          1000d3f6 f   KEvent.obj
 0001:0000c410       ?Signal@KEvent@@QAEXXZ     1000d410 f i KEvent.obj
 0001:0000c430       ?Wait@KEvent@@QAEXXZ       1000d430 f i KEvent.obj
 0001:0000c450       ?TimedWait@KEvent@@QAE_NJ@Z 1000d450 f i KEvent.obj
 0001:0000c480       ??0KFile@@QAE@XZ           1000d480 f   KFile.obj
 0001:0000c4ab       ??1KFile@@QAE@XZ           1000d4ab f   KFile.obj
 0001:0000c4be       ?Open@KFile@@QAEHPAD@Z     1000d4be f   KFile.obj
 0001:0000c52d       ?Create@KFile@@QAEHPAD@Z   1000d52d f   KFile.obj
 0001:0000c59c       ?Append@KFile@@QAEHPAD@Z   1000d59c f   KFile.obj
 0001:0000c61a       ?Close@KFile@@QAEXXZ       1000d61a f   KFile.obj
 0001:0000c659       ?Read@KFile@@QAEKPAXK@Z    1000d659 f   KFile.obj
 0001:0000c6a2       ?Write@KFile@@QAEKPAXK@Z   1000d6a2 f   KFile.obj
 0001:0000c6eb       ?Seek@KFile@@QAEKJK@Z      1000d6eb f   KFile.obj
 0001:0000c737       ?Tell@KFile@@QAEKXZ        1000d737 f   KFile.obj
 0001:0000c755       ?Size@KFile@@QAEKXZ        1000d755 f   KFile.obj
 0001:0000c7b0       ?g_DeleteFiles@@YAXPAD0@Z  1000d7b0 f   KFileCopy.obj
 0001:0000c919       ?g_UpdateFiles@@YAXPAD0@Z  1000d919 f   KFileCopy.obj
 0001:0000cae0       ??0KFileDialog@@QAE@XZ     1000dae0 f   KFileDialog.obj
 0001:0000cbf1       ?SetTitle@KFileDialog@@QAEXPAD@Z 1000dbf1 f   KFileDialog.obj
 0001:0000cc14       ?SetFlags@KFileDialog@@QAEXK@Z 1000dc14 f   KFileDialog.obj
 0001:0000cc2f       ?SetFilter@KFileDialog@@QAEXPAD@Z 1000dc2f f   KFileDialog.obj
 0001:0000cca5       ?SetDefExt@KFileDialog@@QAEXPAD@Z 1000dca5 f   KFileDialog.obj
 0001:0000ccc8       ?SetFilePath@KFileDialog@@QAEXPAD@Z 1000dcc8 f   KFileDialog.obj
 0001:0000cd19       ?SetFileName@KFileDialog@@QAEXPAD@Z 1000dd19 f   KFileDialog.obj
 0001:0000cd39       ?SetFileTitle@KFileDialog@@QAEXPAD@Z 1000dd39 f   KFileDialog.obj
 0001:0000cd5c       ?Open@KFileDialog@@QAEHXZ  1000dd5c f   KFileDialog.obj
 0001:0000cdaa       ?Save@KFileDialog@@QAEHXZ  1000ddaa f   KFileDialog.obj
 0001:0000ce00       ??4KPakList@@QAEAAV0@ABV0@@Z 1000de00 f i KFilePath.obj
 0001:0000ce30       ?RemoveTwoPointPath@@YAHPADH@Z 1000de30 f   KFilePath.obj
 0001:0000ceda       ?RemoveOnePointPath@@YAHPADH@Z 1000deda f   KFilePath.obj
 0001:0000cf59       ?RemoveAllPointPath@@YAHPADH@Z 1000df59 f   KFilePath.obj
 0001:0000cf7b       ?g_SetRootPath@@YAXPAD@Z   1000df7b f   KFilePath.obj
 0001:0000d02d       ?g_GetRootPath@@YAXPAD@Z   1000e02d f   KFilePath.obj
 0001:0000d043       ?g_SetFilePath@@YAXPAD@Z   1000e043 f   KFilePath.obj
 0001:0000d0e4       ?g_GetFilePath@@YAXPAD@Z   1000e0e4 f   KFilePath.obj
 0001:0000d0fa       ?g_GetFullPath@@YAXPAD0@Z  1000e0fa f   KFilePath.obj
 0001:0000d221       ?g_GetHalfPath@@YAXPAD0@Z  1000e221 f   KFilePath.obj
 0001:0000d280       ?g_GetPackPath@@YAXPAD0@Z  1000e280 f   KFilePath.obj
 0001:0000d302       ?g_GetDiskPath@@YAXPAD0@Z  1000e302 f   KFilePath.obj
 0001:0000d39c       ?g_CreatePath@@YAXPAD@Z    1000e39c f   KFilePath.obj
 0001:0000d51f       ?g_UnitePathAndName@@YAXPAD00@Z 1000e51f f   KFilePath.obj
 0001:0000d5ae       ?g_FileExists@@YAHPAD@Z    1000e5ae f   KFilePath.obj
 0001:0000d62d       ?g_FileName2Id@@YAKPAD@Z   1000e62d f   KFilePath.obj
 0001:0000d697       ?g_ChangeFileExt@@YAXPAD0@Z 1000e697 f   KFilePath.obj
 0001:0000d718       ?g_ExtractFileName@@YAXPAD0@Z 1000e718 f   KFilePath.obj
 0001:0000d785       ?g_ExtractFilePath@@YAXPAD0@Z 1000e785 f   KFilePath.obj
 0001:0000d7f0       ??0KFindBinTreeNode@@QAE@XZ 1000e7f0 f i KFindBinTree.obj
 0001:0000d830       ??1KFindBinTreeNode@@QAE@XZ 1000e830 f i KFindBinTree.obj
 0001:0000d8b0       ?CanInsert@KFindBinTreeNode@@QAEHXZ 1000e8b0 f i KFindBinTree.obj
 0001:0000d8e0       ?GetRef@KFindBinTreeNode@@QBEHXZ 1000e8e0 f i KFindBinTree.obj
 0001:0000d900       ??4KFindBinTreeNode@@QAEAAV0@ABV0@@Z 1000e900 f i KFindBinTree.obj
 0001:0000d930       ??_GKFindBinTreeNode@@QAEPAXI@Z 1000e930 f i KFindBinTree.obj
 0001:0000d960       ??0KFindBinTree@@QAE@XZ    1000e960 f i KFindBinTree.obj
 0001:0000d980       ??1KFindBinTree@@QAE@XZ    1000e980 f i KFindBinTree.obj
 0001:0000d9d0       ?GetCount@KFindBinTree@@QAEHXZ 1000e9d0 f i KFindBinTree.obj
 0001:0000d9f0       ??4KFindBinTree@@QAEAAV0@ABV0@@Z 1000e9f0 f i KFindBinTree.obj
 0001:0000da10       ?Init@KFindBinTreeNode@@QAEXH@Z 1000ea10 f   KFindBinTree.obj
 0001:0000db1a       ?Insert@KFindBinTreeNode@@QAEHH@Z 1000eb1a f   KFindBinTree.obj
 0001:0000db87       ?Remove@KFindBinTreeNode@@QAEXHH@Z 1000eb87 f   KFindBinTree.obj
 0001:0000dbf8       ?Init@KFindBinTree@@QAEXH@Z 1000ebf8 f   KFindBinTree.obj
 0001:0000dc81       ?FindFree@KFindBinTree@@QAEHXZ 1000ec81 f   KFindBinTree.obj
 0001:0000dcb5       ?Remove@KFindBinTree@@QAEXH@Z 1000ecb5 f   KFindBinTree.obj
 0001:0000dce0       ??0KFont@@QAE@XZ           1000ece0 f   KFont.obj
 0001:0000dd64       ??1KFont@@QAE@XZ           1000ed64 f   KFont.obj
 0001:0000ddac       ?Clear@KFont@@QAEXXZ       1000edac f   KFont.obj
 0001:0000de00       ?SetCharaset@KFont@@QAEXW4CHARASET@@@Z 1000ee00 f   KFont.obj
 0001:0000de16       ?Load@KFont@@QAEHPADW4CHARASET@@@Z 1000ee16 f   KFont.obj
 0001:0000dfc6       ?Save@KFont@@QAEHPAD@Z     1000efc6 f   KFont.obj
 0001:0000e0e4       ?DrawFont@KFont@@IAEXHHH@Z 1000f0e4 f   KFont.obj
 0001:0000e1a9       ?DrawFontAlpha@KFont@@IAEXHHHH@Z 1000f1a9 f   KFont.obj
 0001:0000e272       ?DrawWord@KFont@@QAEXHHHH@Z 1000f272 f   KFont.obj
 0001:0000e360       ?DrawTextA@KFont@@QAEXHHPAD@Z 1000f360 f   KFont.obj
 0001:0000e5eb       ?DrawTextAlpha@KFont@@QAEXHHHPAD@Z 1000f5eb f   KFont.obj
 0001:0000e885       ?SetColor@KFont@@QAEXEEE@Z 1000f885 f   KFont.obj
 0001:0000e8c3       ?SetLine@KFont@@QAEXHH@Z   1000f8c3 f   KFont.obj
 0001:0000e8e2       ?MakeText@KFont@@QAEXPAD@Z 1000f8e2 f   KFont.obj
 0001:0000eaf8       ?MakeFont@KFont@@QAEHPADHH@Z 1000faf8 f   KFont.obj
 0001:0000ed8c       ?AddWord@KFont@@IAEHHPAE@Z 1000fd8c f   KFont.obj
 0001:0000ee4e       ?GetFontRect@KFont@@IAEHHHPAVKBitmap@@PAE@Z 1000fe4e f   KFont.obj
 0001:0000eec3       ?GetFontLine@KFont@@IAEHHHPAVKBitmap@@PAE@Z 1000fec3 f   KFont.obj
 0001:0000ef90       ??4KGifFile@@QAEAAV0@ABV0@@Z 1000ff90 f i KGifFile.obj
 0001:0000efc0       ??1KGifFile@@QAE@XZ        1000ffc0 f i KGifFile.obj
 0001:0000efe0       ??0KGifFile@@QAE@XZ        1000ffe0 f   KGifFile.obj
 0001:0000f01e       ?read_byte@KGifFile@@AAEEXZ 1001001e f   KGifFile.obj
 0001:0000f056       ?read_word@KGifFile@@AAEGXZ 10010056 f   KGifFile.obj
 0001:0000f09e       ?read_header@KGifFile@@AAEHXZ 1001009e f   KGifFile.obj
 0001:0000f1c4       ?read_color_table@KGifFile@@AAEHXZ 100101c4 f   KGifFile.obj
 0001:0000f243       ?read_image_desc@KGifFile@@AAEHXZ 10010243 f   KGifFile.obj
 0001:0000f2fb       ?read_extension@KGifFile@@AAEHXZ 100102fb f   KGifFile.obj
 0001:0000f3a4       ?Open@KGifFile@@QAEHPADPAVKBitmap@@@Z 100103a4 f   KGifFile.obj
 0001:0000f520       ?FirstImage@KGifFile@@QAEHXZ 10010520 f   KGifFile.obj
 0001:0000f53f       ?NextImage@KGifFile@@QAEHXZ 1001053f f   KGifFile.obj
 0001:0000f642       ?lzw_decode@KGifFile@@AAEXXZ 10010642 f   KGifFile.obj
 0001:0000fa74       ?clear_table@KGifFile@@AAEXXZ 10010a74 f   KGifFile.obj
 0001:0000fab6       ?get_code@KGifFile@@AAEXXZ 10010ab6 f   KGifFile.obj
 0001:0000fcec       ?get_string@KGifFile@@AAEXH@Z 10010cec f   KGifFile.obj
 0001:0000fd86       ?output_string@KGifFile@@AAEXXZ 10010d86 f   KGifFile.obj
 0001:0000ff60       ?g_RemoveSamePixel@@YAHPAVKBitmap@@0@Z 10010f60 f   KGraphics.obj
 0001:00010043       ?g_RemoveDiffPixel@@YAHPAVKBitmap@@0@Z 10011043 f   KGraphics.obj
 0001:00010126       ?g_RemoveNoneZeroPixel@@YAHPAVKBitmap@@0@Z 10011126 f   KGraphics.obj
 0001:0001024d       ?g_RemoveZeroPixel@@YAHPAVKBitmap@@0@Z 1001124d f   KGraphics.obj
 0001:00010380       ??0KHashList@@QAE@ABV0@@Z  10011380 f i KHashList.obj
 0001:000103a0       ??4KHashList@@QAEAAV0@ABV0@@Z 100113a0 f i KHashList.obj
 0001:000103c0       ??1KHashList@@QAE@XZ       100113c0 f i KHashList.obj
 0001:000103e0       ??0KHashList@@QAE@XZ       100113e0 f   KHashList.obj
 0001:00010400       ??0KHashTable@@QAE@XZ      10011400 f i KHashNode.obj
 0001:00010460       ??0KHashTable@@QAE@ABV0@@Z 10011460 f i KHashNode.obj
 0001:00010500       ??4KHashTable@@QAEAAV0@ABV0@@Z 10011500 f i KHashNode.obj
 0001:00010560       ??1KHashTable@@QAE@XZ      10011560 f i KHashNode.obj
 0001:000105c0       ?SetHashTable@KHashNode@@QAEXPAVKHashTable@@@Z 100115c0 f i KHashNode.obj
 0001:000105e0       ??0KHashNode@@QAE@ABV0@@Z  100115e0 f i KHashNode.obj
 0001:00010620       ??4KHashNode@@QAEAAV0@ABV0@@Z 10011620 f i KHashNode.obj
 0001:00010650       ??1KHashNode@@UAE@XZ       10011650 f i KHashNode.obj
 0001:00010670       ??_GKHashNode@@UAEPAXI@Z   10011670 f i KHashNode.obj
 0001:000106a0       ??_EKHashNode@@UAEPAXI@Z   100116a0 f i KHashNode.obj
 0001:00010710       ??0KHashNode@@QAE@XZ       10011710 f   KHashNode.obj
 0001:00010739       ?SetName@KHashNode@@UAEXPAD@Z 10011739 f   KHashNode.obj
 0001:00010790       ?IsLinked@KNode@@QAEHXZ    10011790 f i KHashNode.obj
 0001:000107d0       ?g_Hash@@YAKPAD@Z          100117d0 f   KHashTable.obj
 0001:00010827       ?Add@KHashTable@@QAEXPAVKStrNode@@@Z 10011827 f   KHashTable.obj
 0001:000108da       ?Delete@KHashTable@@QAEXPAD@Z 100118da f   KHashTable.obj
 0001:00010930       ?Find@KHashTable@@QAEPAVKStrNode@@PAD@Z 10011930 f   KHashTable.obj
 0001:00010970       ??4KIme@@QAEAAV0@ABV0@@Z   10011970 f i Kime.obj
 0001:000109a0       ??0KIme@@QAE@XZ            100119a0 f   Kime.obj
 0001:00010a00       ??1KIme@@QAE@XZ            10011a00 f   Kime.obj
 0001:00010a15       ?ResetIme@KIme@@QAEXXZ     10011a15 f   Kime.obj
 0001:00010a2d       ?IsIme@KIme@@QAEHXZ        10011a2d f   Kime.obj
 0001:00010a73       ?OpenIME@KIme@@QAEXXZ      10011a73 f   Kime.obj
 0001:00010b88       ?CloseIME@KIme@@QAEXXZ     10011b88 f   Kime.obj
 0001:00010c26       ?TurnOff@KIme@@QAEXXZ      10011c26 f   Kime.obj
 0001:00010c38       ?TurnOn@KIme@@QAEXXZ       10011c38 f   Kime.obj
 0001:00010c4a       ?EnableLanguageChange@KIme@@QAEXXZ 10011c4a f   Kime.obj
 0001:00010c62       ?DisableLanguageChange@KIme@@QAEXXZ 10011c62 f   Kime.obj
 0001:00010c73       ?SetCaretPos@KIme@@QAEXHH@Z 10011c73 f   Kime.obj
 0001:00010ce4       ?WndMsg@KIme@@QAEHPAUHWND__@@IIJ@Z 10011ce4 f   Kime.obj
 0001:00010e00       ?g_SetIniCodec@@YAXH@Z     10011e00 f   KIniFile.obj
 0001:00010e0d       ??0KIniFile@@QAE@XZ        10011e0d f   KIniFile.obj
 0001:00010e61       ??1KIniFile@@QAE@XZ        10011e61 f   KIniFile.obj
 0001:00010eac       ?Load@KIniFile@@QAEHPBD@Z  10011eac f   KIniFile.obj
 0001:00010ff6       ?LoadPack@KIniFile@@QAEHPBD@Z 10011ff6 f   KIniFile.obj
 0001:000111d5       ?Save@KIniFile@@QAEHPBD@Z  100121d5 f   KIniFile.obj
 0001:0001139f       ?SavePack@KIniFile@@QAEHPBD@Z 1001239f f   KIniFile.obj
 0001:000115e8       ?Clear@KIniFile@@QAEXXZ    100125e8 f   KIniFile.obj
 0001:000115fb       ?ReadLine@KIniFile@@AAEHPADJ@Z 100125fb f   KIniFile.obj
 0001:000116b3       ?IsKeyChar@KIniFile@@AAEHD@Z 100126b3 f   KIniFile.obj
 0001:0001170d       ?CreateIniLink@KIniFile@@AAEXPAXJ@Z 1001270d f   KIniFile.obj
 0001:000117e9       ?ReleaseIniLink@KIniFile@@AAEXXZ 100127e9 f   KIniFile.obj
 0001:000118c3       ?SplitKeyValue@KIniFile@@AAEPADPAD@Z 100128c3 f   KIniFile.obj
 0001:00011906       ?String2Id@KIniFile@@AAEKPBD@Z 10012906 f   KIniFile.obj
 0001:0001196b       ?IsSectionExist@KIniFile@@QAEHPBD@Z 1001296b f   KIniFile.obj
 0001:00011a0e       ?EraseSection@KIniFile@@QAEXPBD@Z 10012a0e f   KIniFile.obj
 0001:00011b18       ?EraseKey@KIniFile@@QAEXPBD0@Z 10012b18 f   KIniFile.obj
 0001:00011c42       ?SetKeyValue@KIniFile@@AAEHPBD00@Z 10012c42 f   KIniFile.obj
 0001:00011eaf       ?GetKeyValue@KIniFile@@AAEHPBD0PADK@Z 10012eaf f   KIniFile.obj
 0001:00011fb0       ?GetString@KIniFile@@QAEHPBD00PADK@Z 10012fb0 f   KIniFile.obj
 0001:00011ff6       ?GetInteger@KIniFile@@QAEHPBD0HPAH@Z 10012ff6 f   KIniFile.obj
 0001:00012042       ?GetInteger2@KIniFile@@QAEXPBD0PAH1@Z 10013042 f   KIniFile.obj
 0001:000120c6       ?GetInteger3@KIniFile@@QAEXPBD0PAH11@Z 100130c6 f   KIniFile.obj
 0001:000121b7       ?GetFloat@KIniFile@@QAEHPBD0MPAM@Z 100131b7 f   KIniFile.obj
 0001:00012203       ?GetFloat2@KIniFile@@QAEXPBD0PAM1@Z 10013203 f   KIniFile.obj
 0001:00012287       ?GetStruct@KIniFile@@QAEXPBD0PAXK@Z 10013287 f   KIniFile.obj
 0001:0001241b       ?WriteString@KIniFile@@QAEXPBD00@Z 1001341b f   KIniFile.obj
 0001:0001243c       ?WriteInteger@KIniFile@@QAEXPBD0H@Z 1001343c f   KIniFile.obj
 0001:00012475       ?WriteInteger2@KIniFile@@QAEXPBD0HH@Z 10013475 f   KIniFile.obj
 0001:000124b2       ?WriteInteger3@KIniFile@@QAEXPBD0HHH@Z 100134b2 f   KIniFile.obj
 0001:000124f3       ?WriteDword@KIniFile@@QAEXPBD0K@Z 100134f3 f   KIniFile.obj
 0001:0001252c       ?WriteFloat@KIniFile@@QAEXPBD0M@Z 1001352c f   KIniFile.obj
 0001:0001256a       ?WriteFloat2@KIniFile@@QAEXPBD0MM@Z 1001356a f   KIniFile.obj
 0001:000125b1       ?WriteStruct@KIniFile@@QAEXPBD0PAXK@Z 100135b1 f   KIniFile.obj
 0001:00012679       ?GetNextSection@KIniFile@@QAEHPBDPAD@Z 10013679 f   KIniFile.obj
 0001:0001278e       ?GetNextKey@KIniFile@@QAEHPBD0PAD@Z 1001378e f   KIniFile.obj
 0001:000128ea       ?GetSectionCount@KIniFile@@QAEHXZ 100138ea f   KIniFile.obj
 0001:00012981       ?GetRect@KIniFile@@QAEXPBD0PAUtagRECT@@@Z 10013981 f   KIniFile.obj
 0001:00012a57       ?GetFloat3@KIniFile@@QAEXPBD0PAM@Z 10013a57 f   KIniFile.obj
 0001:00012ab6       ?GetFloat4@KIniFile@@QAEXPBD0PAM@Z 10013ab6 f   KIniFile.obj
 0001:00012b1c       ?GetBool@KIniFile@@QAEXPBD0PAH@Z 10013b1c f   KIniFile.obj
 0001:00012b70       ??0KJpgFile@@QAE@XZ        10013b70 f i KJpgFile.obj
 0001:00012b90       ??4KJpgFile@@QAEAAV0@ABV0@@Z 10013b90 f i KJpgFile.obj
 0001:00012bb0       ??1KJpgFile@@QAE@XZ        10013bb0 f i KJpgFile.obj
 0001:00012bd0       ?Load@KJpgFile@@QAEHPADPAVKBitmap16@@I@Z 10013bd0 f   KJpgFile.obj
 0001:00012da0       ?GetFuncKey@KKeyboard@@QAEEXZ 10013da0 f i KKeyboard.obj
 0001:00012dc0       ??4KKeyboard@@QAEAAV0@ABV0@@Z 10013dc0 f i KKeyboard.obj
 0001:00012df0       ??0KKeyboard@@QAE@XZ       10013df0 f   KKeyboard.obj
 0001:00012e2e       ?UpdateState@KKeyboard@@QAEXXZ 10013e2e f   KKeyboard.obj
 0001:00012ea7       ?IsDown@KKeyboard@@QAEHE@Z 10013ea7 f   KKeyboard.obj
 0001:00012ed1       ?MakeFuncKey@KKeyboard@@IAEXXZ 10013ed1 f   KKeyboard.obj
 0001:00012f6c       ?MakeMessage@KKeyboard@@IAEXH@Z 10013f6c f   KKeyboard.obj
 0001:00013030       ??0KLinkArray@@QAE@XZ      10014030 f i KLinkArray.obj
 0001:00013060       ?GetCount@KLinkArray@@QAEHXZ 10014060 f i KLinkArray.obj
 0001:00013080       ?GetNode@KLinkArray@@QAEPAVKLinkNode@@H@Z 10014080 f i KLinkArray.obj
 0001:000130a0       ?GetNext@KLinkArray@@QBEHH@Z 100140a0 f i KLinkArray.obj
 0001:000130d0       ?GetPrev@KLinkArray@@QBEHH@Z 100140d0 f i KLinkArray.obj
 0001:00013100       ??4KLinkArray@@QAEAAV0@ABV0@@Z 10014100 f i KLinkArray.obj
 0001:00013120       ??1KLinkArray@@QAE@XZ      10014120 f   KLinkArray.obj
 0001:00013152       ?Init@KLinkArray@@QAEXH@Z  10014152 f   KLinkArray.obj
 0001:0001320c       ?Remove@KLinkArray@@QAEXH@Z 1001420c f   KLinkArray.obj
 0001:000132cb       ?Insert@KLinkArray@@QAEXH@Z 100142cb f   KLinkArray.obj
 0001:00013350       ??0KLinkNode@@QAE@XZ       10014350 f i KLinkArray.obj
 0001:00013380       ??_H@YGXPAXIHP6EX0@Z@Z     10014380 f i KLinkArray.obj
 0001:000133b0       ??0KLuaScript@@QAE@XZ      100143b0 f   KLuaScript.obj
 0001:0001343d       ??0KLuaScript@@QAE@H@Z     1001443d f   KLuaScript.obj
 0001:000134ce       ??1KLuaScript@@UAE@XZ      100144ce f   KLuaScript.obj
 0001:0001351f       ?LoadBuffer@KLuaScript@@QAEHPAEK@Z 1001451f f   KLuaScript.obj
 0001:00013571       ?Load@KLuaScript@@UAEHPAD@Z 10014571 f   KLuaScript.obj
 0001:00013797       ?Execute@KLuaScript@@UAEHXZ 10014797 f   KLuaScript.obj
 0001:000137d3       ?ExecuteCode@KLuaScript@@QAEHXZ 100147d3 f   KLuaScript.obj
 0001:00013836       ?CallFunction@KLuaScript@@AAEHPADH00@Z 10014836 f   KLuaScript.obj
 0001:00013ad6       ?CallFunction@KLuaScript@@UAAHPADH0ZZ 10014ad6 f   KLuaScript.obj
 0001:00013b12       ?GetValuesFromStack@KLuaScript@@QAAHPADZZ 10014b12 f   KLuaScript.obj
 0001:00013d5d       ?Init@KLuaScript@@UAEHXZ   10014d5d f   KLuaScript.obj
 0001:00013dd7       ?RegisterFunction@KLuaScript@@UAEHPADPAX@Z 10014dd7 f   KLuaScript.obj
 0001:00013e20       ?Compile@KLuaScript@@UAEHPAD@Z 10014e20 f   KLuaScript.obj
 0001:00013e32       ?RegisterFunctions@KLuaScript@@QAEHQAUTLua_Funcs@@H@Z 10014e32 f   KLuaScript.obj
 0001:00013eb3       ?RegisterStandardFunctions@KLuaScript@@QAEXXZ 10014eb3 f   KLuaScript.obj
 0001:00013f09       ?Exit@KLuaScript@@UAEXXZ   10014f09 f   KLuaScript.obj
 0001:00013f43       ?ScriptError@KLuaScript@@QAEXH@Z 10014f43 f   KLuaScript.obj
 0001:00013f8b       ?ScriptError@KLuaScript@@QAEXHH@Z 10014f8b f   KLuaScript.obj
 0001:00013fd7       ?SafeCallBegin@KLuaScript@@QAEXPAH@Z 10014fd7 f   KLuaScript.obj
 0001:00014003       ?SafeCallEnd@KLuaScript@@QAEXH@Z 10015003 f   KLuaScript.obj
 0001:0001402f       ?Stop@KLuaScript@@QAEHXZ   1001502f f   KLuaScript.obj
 0001:00014066       ?Resume@KLuaScript@@QAEHXZ 10015066 f   KLuaScript.obj
 0001:00014096       ?CreateTable@KLuaScript@@QAEKXZ 10015096 f   KLuaScript.obj
 0001:000140f3       ?SetGlobalName@KLuaScript@@QAEXPAD@Z 100150f3 f   KLuaScript.obj
 0001:0001411c       ?ModifyTable@KLuaScript@@QAEKPAD@Z 1001511c f   KLuaScript.obj
 0001:00014190       ?GetMemPtr@KMemClass1@@QAEPAXXZ 10015190 f i KLubCmpl_Blocker.obj
 0001:000141b0       ?GetMemLen@KMemClass1@@QAEKXZ 100151b0 f i KLubCmpl_Blocker.obj
 0001:000141c0       ??4KMemClass1@@QAEAAV0@ABV0@@Z 100151c0 f i KLubCmpl_Blocker.obj
 0001:000141e0       ?ScanIf@KLubCmpl_Blocker@@QAEXPAVKLineNode@@@Z 100151e0 f   KLubCmpl_Blocker.obj
 0001:0001464e       ?ExchangeCurLines@KLubCmpl_Blocker@@QAEHXZ 1001564e f   KLubCmpl_Blocker.obj
 0001:00015581       ?Load@KLubCmpl_Blocker@@QAEPAVKLineNode@@PAD@Z 10016581 f   KLubCmpl_Blocker.obj
 0001:00015837       ?PushKey@KLubCmpl_Blocker@@QAEXPAVKStackNode@@@Z 10016837 f   KLubCmpl_Blocker.obj
 0001:00015873       ?PopKey@KLubCmpl_Blocker@@QAEPAVKStackNode@@XZ 10016873 f   KLubCmpl_Blocker.obj
 0001:000158b3       ?GetBuffer@KLubCmpl_Blocker@@QAEHAAPAVKMemClass1@@@Z 100168b3 f   KLubCmpl_Blocker.obj
 0001:00015a2e       ?Write@KLubCmpl_Blocker@@QAEHPAD@Z 10016a2e f   KLubCmpl_Blocker.obj
 0001:00015b3d       ?Print@KLubCmpl_Blocker@@QAEXXZ 10016b3d f   KLubCmpl_Blocker.obj
 0001:00015bb0       ??0KStackNode@@QAE@XZ      10016bb0 f i KLubCmpl_Blocker.obj
 0001:00015bd0       ??_GKStackNode@@UAEPAXI@Z  10016bd0 f i KLubCmpl_Blocker.obj
 0001:00015bd0       ??_EKStackNode@@UAEPAXI@Z  10016bd0 f i KLubCmpl_Blocker.obj
 0001:00015c00       ??1KStackNode@@UAE@XZ      10016c00 f i KLubCmpl_Blocker.obj
 0001:00015c20       ?InsertBefore@KNode@@QAEXPAV1@@Z 10016c20 f i KLubCmpl_Blocker.obj
 0001:00015c70       ?AddTail@KList@@QAEXPAVKNode@@@Z 10016c70 f i KLubCmpl_Blocker.obj
 0001:00015c90       ??0KLineNode@@QAE@XZ       10016c90 f i KLubCmpl_Blocker.obj
 0001:00015cb0       ??_EKLineNode@@UAEPAXI@Z   10016cb0 f i KLubCmpl_Blocker.obj
 0001:00015cb0       ??_GKLineNode@@UAEPAXI@Z   10016cb0 f i KLubCmpl_Blocker.obj
 0001:00015ce0       ??1KLineNode@@UAE@XZ       10016ce0 f i KLubCmpl_Blocker.obj
 0001:00015d3f       ?g_MemInfo@@YAXXZ          10016d3f f   KMemBase.obj
 0001:00015d44       ?g_MemAlloc@@YAPAXK@Z      10016d44 f   KMemBase.obj
 0001:00015dcf       ?g_MemFree@@YAXPAX@Z       10016dcf f   KMemBase.obj
 0001:00015e2c       ?g_MemCopy@@YAXPAX0K@Z     10016e2c f   KMemBase.obj
 0001:00015e4e       ?g_MemCopyMmx@@YAXPAX0K@Z  10016e4e f   KMemBase.obj
 0001:00015e82       ?g_MemComp@@YAHPAX0K@Z     10016e82 f   KMemBase.obj
 0001:00015eb1       ?g_MemFill@@YAXPAXKE@Z     10016eb1 f   KMemBase.obj
 0001:00015ede       ?g_MemFill@@YAXPAXKG@Z     10016ede f   KMemBase.obj
 0001:00015f0a       ?g_MemFill@@YAXPAXKK@Z     10016f0a f   KMemBase.obj
 0001:00015f20       ?g_MemZero@@YAXPAXK@Z      10016f20 f   KMemBase.obj
 0001:00015f41       ?g_MemXore@@YAXPAXKK@Z     10016f41 f   KMemBase.obj
 0001:00015f70       ??1KMemList@@QAE@XZ        10016f70 f i KMemBase.obj
 0001:00015ff0       ??0KMemList@@QAE@XZ        10016ff0 f i KMemBase.obj
 0001:00016010       ??0KMemClass@@QAE@XZ       10017010 f   KMemClass.obj
 0001:00016031       ??1KMemClass@@QAE@XZ       10017031 f   KMemClass.obj
 0001:00016044       ?Alloc@KMemClass@@QAEPAXK@Z 10017044 f   KMemClass.obj
 0001:0001609a       ?Free@KMemClass@@QAEXXZ    1001709a f   KMemClass.obj
 0001:000160ce       ?Zero@KMemClass@@QAEXXZ    100170ce f   KMemClass.obj
 0001:000160f6       ?Fill@KMemClass@@QAEXE@Z   100170f6 f   KMemClass.obj
 0001:00016124       ?Fill@KMemClass@@QAEXG@Z   10017124 f   KMemClass.obj
 0001:00016153       ?Fill@KMemClass@@QAEXK@Z   10017153 f   KMemClass.obj
 0001:00016190       ?Alloc@KMemClass1@@QAEPAXK@Z 10017190 f   KMemClass1.obj
 0001:000161c5       ?Free@KMemClass1@@QAEXXZ   100171c5 f   KMemClass1.obj
 0001:0001622f       ??0KMemManager@@QAE@XZ     1001722f f   KMemManager.obj
 0001:000162b6       ??1KMemManager@@QAE@XZ     100172b6 f   KMemManager.obj
 0001:0001636e       ?NewChunk@KMemManager@@AAEPAXHH@Z 1001736e f   KMemManager.obj
 0001:0001643f       ?FreeChunk@KMemManager@@AAEXPAUKChunkHeader@1@@Z 1001743f f   KMemManager.obj
 0001:00016460       ?Malloc@KMemManager@@QAEPAXH@Z 10017460 f   KMemManager.obj
 0001:000165b0       ?Calloc@KMemManager@@QAEPAXH@Z 100175b0 f   KMemManager.obj
 0001:000165e1       ?Free@KMemManager@@QAEXPAX@Z 100175e1 f   KMemManager.obj
 0001:000166b0       ??0KMemStack@@QAE@XZ       100176b0 f   KMemStack.obj
 0001:000166f4       ??1KMemStack@@QAE@XZ       100176f4 f   KMemStack.obj
 0001:00016707       ?Init@KMemStack@@QAEXH@Z   10017707 f   KMemStack.obj
 0001:00016725       ?Push@KMemStack@@QAEPAXH@Z 10017725 f   KMemStack.obj
 0001:00016797       ?Free@KMemStack@@QAEXPAX@Z 10017797 f   KMemStack.obj
 0001:000167a4       ?AllocNewChunk@KMemStack@@QAEHXZ 100177a4 f   KMemStack.obj
 0001:00016821       ?FreeAllChunks@KMemStack@@QAEXXZ 10017821 f   KMemStack.obj
 0001:0001688a       ?GetChunkSize@KMemStack@@QAEHXZ 1001788a f   KMemStack.obj
 0001:0001689b       ?GetStackSize@KMemStack@@QAEHXZ 1001789b f   KMemStack.obj
 0001:000168ff       ?g_SendMessage@@YAXHHHH@Z  100178ff f   KMessage.obj
 0001:00016974       ?g_PeekMessage@@YAHPAUKMessage@@@Z 10017974 f   KMessage.obj
 0001:000169d0       ?g_GetMessage@@YAHPAUKMessage@@@Z 100179d0 f   KMessage.obj
 0001:00016a51       ?g_ClearMessage@@YAXXZ     10017a51 f   KMessage.obj
 0001:00016a70       ?SetWorkingMode@KMouse@@QAEXE@Z 10017a70 f i KMouse.obj
 0001:00016a90       ?SetKeyState@KMouse@@QAEXE@Z 10017a90 f i KMouse.obj
 0001:00016ab0       ??4KMouse@@QAEAAV0@ABV0@@Z 10017ab0 f i KMouse.obj
 0001:00016ae0       ??0KMouse@@QAE@XZ          10017ae0 f   KMouse.obj
 0001:00016b62       ?SetWorkingRect@KMouse@@QAEXPAUtagRECT@@@Z 10017b62 f   KMouse.obj
 0001:00016b8b       ?SetPos@KMouse@@QAEXPAUtagPOINT@@@Z 10017b8b f   KMouse.obj
 0001:00016baf       ?GetPos@KMouse@@QAEXPAUtagPOINT@@@Z 10017baf f   KMouse.obj
 0001:00016bd3       ?UpdateState@KMouse@@QAEXXZ 10017bd3 f   KMouse.obj
 0001:00016cea       ?MakeMessage@KMouse@@IAEXHHEE@Z 10017cea f   KMouse.obj
 0001:00016ef0       ??4KThread@@QAEAAV0@ABV0@@Z 10017ef0 f i KMp3Music.obj
 0001:00016f20       ??0KMusic@@QAE@ABV0@@Z     10017f20 f i KMp3Music.obj
 0001:00016ff0       ??4KMusic@@QAEAAV0@ABV0@@Z 10017ff0 f i KMp3Music.obj
 0001:000170f0       ??_GKMusic@@UAEPAXI@Z      100180f0 f i KMp3Music.obj
 0001:00017120       ??_EKMusic@@UAEPAXI@Z      10018120 f i KMp3Music.obj
 0001:00017190       ??0KMp3Music@@QAE@XZ       10018190 f i KMp3Music.obj
 0001:00017200       ??0KMp3Music@@QAE@ABV0@@Z  10018200 f i KMp3Music.obj
 0001:000172b0       ??4KMp3Music@@QAEAAV0@ABV0@@Z 100182b0 f i KMp3Music.obj
 0001:00017350       ??1KMp3Music@@UAE@XZ       10018350 f i KMp3Music.obj
 0001:000173b0       ??_GKMp3Music@@UAEPAXI@Z   100183b0 f i KMp3Music.obj
 0001:000173e0       ??_EKMp3Music@@UAEPAXI@Z   100183e0 f i KMp3Music.obj
 0001:00017460       ?Open@KMp3Music@@UAEHPAD@Z 10018460 f   KMp3Music.obj
 0001:000174b6       ?InitSoundFormat@KMp3Music@@MAEXXZ 100184b6 f   KMp3Music.obj
 0001:000174fb       ?ReadWaveData@KMp3Music@@MAEKPAEK@Z 100184fb f   KMp3Music.obj
 0001:0001751b       ?Seek@KMp3Music@@UAEXH@Z   1001851b f   KMp3Music.obj
 0001:00017528       ?Rewind@KMp3Music@@UAEXXZ  10018528 f   KMp3Music.obj
 0001:0001754d       ?Mp3FileOpen@KMp3Music@@MAEHPAD@Z 1001854d f   KMp3Music.obj
 0001:00017569       ?Mp3FileRead@KMp3Music@@MAEKPAEK@Z 10018569 f   KMp3Music.obj
 0001:00017589       ?Mp3FileSeek@KMp3Music@@MAEKJ@Z 10018589 f   KMp3Music.obj
 0001:000175a7       ?Mp3Init@KMp3Music@@MAEHXZ 100185a7 f   KMp3Music.obj
 0001:0001773a       ?Mp3Decode@KMp3Music@@MAEKPAEK@Z 1001873a f   KMp3Music.obj
 0001:0001783d       ?Mp3FillBuffer@KMp3Music@@MAEHXZ 1001883d f   KMp3Music.obj
 0001:00017900       ??0KMp4Audio@@QAE@XZ       10018900 f i KMp4Audio.obj
 0001:00017960       ??0KMp4Audio@@QAE@ABV0@@Z  10018960 f i KMp4Audio.obj
 0001:000179b0       ??4KMp4Audio@@QAEAAV0@ABV0@@Z 100189b0 f i KMp4Audio.obj
 0001:000179f0       ??1KMp4Audio@@UAE@XZ       100189f0 f i KMp4Audio.obj
 0001:00017a40       ??_GKMp4Audio@@UAEPAXI@Z   10018a40 f i KMp4Audio.obj
 0001:00017a70       ??_EKMp4Audio@@UAEPAXI@Z   10018a70 f i KMp4Audio.obj
 0001:00017af0       ?Seek@KMp4Audio@@UAEXH@Z   10018af0 f   KMp4Audio.obj
 0001:00017b1c       ?Rewind@KMp4Audio@@UAEXXZ  10018b1c f   KMp4Audio.obj
 0001:00017b42       ?Mp3FileOpen@KMp4Audio@@MAEHPAD@Z 10018b42 f   KMp4Audio.obj
 0001:00017bab       ?Mp3FileRead@KMp4Audio@@MAEKPAEK@Z 10018bab f   KMp4Audio.obj
 0001:00017bce       ?Mp3FileSeek@KMp4Audio@@MAEKJ@Z 10018bce f   KMp4Audio.obj
 0001:00017bf0       ??0KVideo@@QAE@ABV0@@Z     10018bf0 f i KMp4Movie.obj
 0001:00017d00       ??4KVideo@@QAEAAV0@ABV0@@Z 10018d00 f i KMp4Movie.obj
 0001:00017e30       ??0KMp4Video@@QAE@ABV0@@Z  10018e30 f i KMp4Movie.obj
 0001:00017e90       ??4KMp4Video@@QAEAAV0@ABV0@@Z 10018e90 f i KMp4Movie.obj
 0001:00017ee0       ??0KMp4Movie@@QAE@XZ       10018ee0 f i KMp4Movie.obj
 0001:00017f40       ??0KMp4Movie@@QAE@ABV0@@Z  10018f40 f i KMp4Movie.obj
 0001:00017fb0       ??4KMp4Movie@@QAEAAV0@ABV0@@Z 10018fb0 f i KMp4Movie.obj
 0001:00017ff0       ??1KMp4Movie@@QAE@XZ       10018ff0 f i KMp4Movie.obj
 0001:00018040       ?Open@KMp4Movie@@QAEHPAD@Z 10019040 f   KMp4Movie.obj
 0001:00018079       ?Close@KMp4Movie@@QAEXXZ   10019079 f   KMp4Movie.obj
 0001:000180a4       ?Play@KMp4Movie@@QAEXHHH@Z 100190a4 f   KMp4Movie.obj
 0001:000180ea       ?Stop@KMp4Movie@@QAEXXZ    100190ea f   KMp4Movie.obj
 0001:00018115       ?Seek@KMp4Movie@@QAEXH@Z   10019115 f   KMp4Movie.obj
 0001:0001814a       ?Rewind@KMp4Movie@@QAEXXZ  1001914a f   KMp4Movie.obj
 0001:00018175       ?WaitForEnd@KMp4Movie@@QAEXXZ 10019175 f   KMp4Movie.obj
 0001:00018200       ??0KMp4Video@@QAE@XZ       10019200 f   KMp4Video.obj
 0001:00018267       ??1KMp4Video@@QAE@XZ       10019267 f   KMp4Video.obj
 0001:000182ca       ?Open@KMp4Video@@UAEHPAD@Z 100192ca f   KMp4Video.obj
 0001:0001834a       ?Close@KMp4Video@@UAEXXZ   1001934a f   KMp4Video.obj
 0001:0001838b       ?Seek@KMp4Video@@UAEXH@Z   1001938b f   KMp4Video.obj
 0001:000183aa       ?Rewind@KMp4Video@@UAEXXZ  100193aa f   KMp4Video.obj
 0001:000183c3       ?NextFrame@KMp4Video@@MAEHXZ 100193c3 f   KMp4Video.obj
 0001:00018475       ?DrawFrame@KMp4Video@@IAEXXZ 10019475 f   KMp4Video.obj
 0001:00018513       ?DivXInit@KMp4Video@@AAEHXZ 10019513 f   KMp4Video.obj
 0001:000187ae       ?DivXDecode@KMp4Video@@AAEXH@Z 100197ae f   KMp4Video.obj
 0001:00018805       ?DivXExit@KMp4Video@@AAEXXZ 10019805 f   KMp4Video.obj
 0001:00018850       ??0KMpgMusic@@QAE@XZ       10019850 f i KMpgMusic.obj
 0001:000188d0       ??0KMpgMusic@@QAE@ABV0@@Z  100198d0 f i KMpgMusic.obj
 0001:00018980       ??4KMpgMusic@@QAEAAV0@ABV0@@Z 10019980 f i KMpgMusic.obj
 0001:00018a30       ??1KMpgMusic@@UAE@XZ       10019a30 f i KMpgMusic.obj
 0001:00018aa0       ??_GKMpgMusic@@UAEPAXI@Z   10019aa0 f i KMpgMusic.obj
 0001:00018ad0       ??_EKMpgMusic@@UAEPAXI@Z   10019ad0 f i KMpgMusic.obj
 0001:00018b50       ?Open@KMpgMusic@@UAEHPAD@Z 10019b50 f   KMpgMusic.obj
 0001:00018ba3       ?InitSoundFormat@KMpgMusic@@MAEXXZ 10019ba3 f   KMpgMusic.obj
 0001:00018be8       ?ReadWaveData@KMpgMusic@@MAEKPAEK@Z 10019be8 f   KMpgMusic.obj
 0001:00018c05       ?Seek@KMpgMusic@@UAEXH@Z   10019c05 f   KMpgMusic.obj
 0001:00018c12       ?Rewind@KMpgMusic@@UAEXXZ  10019c12 f   KMpgMusic.obj
 0001:00018c37       ?Mp3FileOpen@KMpgMusic@@MAEHPAD@Z 10019c37 f   KMpgMusic.obj
 0001:00018c53       ?Mp3FileRead@KMpgMusic@@MAEKPAEK@Z 10019c53 f   KMpgMusic.obj
 0001:00018c73       ?Mp3FileSeek@KMpgMusic@@MAEKJ@Z 10019c73 f   KMpgMusic.obj
 0001:00018c91       ?Mp3Init@KMpgMusic@@AAEHXZ 10019c91 f   KMpgMusic.obj
 0001:00018f1b       ?Mp3Decode@KMpgMusic@@AAEKPAEK@Z 10019f1b f   KMpgMusic.obj
 0001:00019010       ?Mp3FillBuffer@KMpgMusic@@AAEHXZ 1001a010 f   KMpgMusic.obj
 0001:000190e0       ?GetMsgBuf@KMsgNode@@QAEPAXXZ 1001a0e0 f i KMsgNode.obj
 0001:00019100       ?GetMsgLen@KMsgNode@@QAEKXZ 1001a100 f i KMsgNode.obj
 0001:00019120       ?SetPtr@KMsgNode@@QAEXPAX@Z 1001a120 f i KMsgNode.obj
 0001:00019140       ?GetPtr@KMsgNode@@QAEPAXXZ 1001a140 f i KMsgNode.obj
 0001:00019160       ??0KMsgNode@@QAE@ABV0@@Z   1001a160 f i KMsgNode.obj
 0001:000191b0       ??4KMsgNode@@QAEAAV0@ABV0@@Z 1001a1b0 f i KMsgNode.obj
 0001:000191f0       ??_GKMsgNode@@UAEPAXI@Z    1001a1f0 f i KMsgNode.obj
 0001:00019220       ??_EKMsgNode@@UAEPAXI@Z    1001a220 f i KMsgNode.obj
 0001:00019290       ??0KMsgNode@@QAE@XZ        1001a290 f   KMsgNode.obj
 0001:000192c3       ??1KMsgNode@@UAE@XZ        1001a2c3 f   KMsgNode.obj
 0001:00019326       ?SetMsg@KMsgNode@@QAEXPAXK@Z 1001a326 f   KMsgNode.obj
 0001:00019390       ??0KMusic@@QAE@XZ          1001a390 f   KMusic.obj
 0001:000193f8       ??1KMusic@@UAE@XZ          1001a3f8 f   KMusic.obj
 0001:0001944c       ?ThreadFunction@KMusic@@KAXPAX@Z 1001a44c f   KMusic.obj
 0001:00019476       ?Open@KMusic@@UAEHPAD@Z    1001a476 f   KMusic.obj
 0001:00019485       ?Init@KMusic@@MAEHXZ       1001a485 f   KMusic.obj
 0001:0001950c       ?Close@KMusic@@UAEXXZ      1001a50c f   KMusic.obj
 0001:0001955b       ?InitSoundFormat@KMusic@@MAEXXZ 1001a55b f   KMusic.obj
 0001:00019566       ?InitSoundBuffer@KMusic@@MAEHXZ 1001a566 f   KMusic.obj
 0001:00019605       ?FreeSoundBuffer@KMusic@@MAEXXZ 1001a605 f   KMusic.obj
 0001:00019646       ?InitEventHandle@KMusic@@MAEHXZ 1001a646 f   KMusic.obj
 0001:000196b5       ?FreeEventHandle@KMusic@@MAEXXZ 1001a6b5 f   KMusic.obj
 0001:00019708       ?InitSoundNotify@KMusic@@MAEHXZ 1001a708 f   KMusic.obj
 0001:000197c6       ?FreeSoundNotify@KMusic@@MAEXXZ 1001a7c6 f   KMusic.obj
 0001:00019807       ?HandleNotify@KMusic@@UAEHXZ 1001a807 f   KMusic.obj
 0001:00019854       ?FillBufferWithSound@KMusic@@MAEHK@Z 1001a854 f   KMusic.obj
 0001:00019958       ?FillBufferWithSilence@KMusic@@MAEHXZ 1001a958 f   KMusic.obj
 0001:000199e5       ?ReadWaveData@KMusic@@MAEKPAEK@Z 1001a9e5 f   KMusic.obj
 0001:000199f4       ?Play@KMusic@@UAEXH@Z      1001a9f4 f   KMusic.obj
 0001:00019a2b       ?Stop@KMusic@@UAEXXZ       1001aa2b f   KMusic.obj
 0001:00019a51       ?IsPlaying@KMusic@@UAEHXZ  1001aa51 f   KMusic.obj
 0001:00019aa9       ?SetVolume@KMusic@@UAEXJ@Z 1001aaa9 f   KMusic.obj
 0001:00019ad5       ?Rewind@KMusic@@UAEXXZ     1001aad5 f   KMusic.obj
 0001:00019ae0       ??0KMutex@@QAE@XZ          1001aae0 f   KMutex.obj
 0001:00019af8       ??1KMutex@@QAE@XZ          1001aaf8 f   KMutex.obj
 0001:00019b0d       ?Lock@KMutex@@QAEXXZ       1001ab0d f   KMutex.obj
 0001:00019b22       ?Unlock@KMutex@@QAEXXZ     1001ab22 f   KMutex.obj
 0001:00019b40       ??0KOctreeNode@@QAE@ABV0@@Z 1001ab40 f i KOctree.obj
 0001:00019bb0       ??4KOctreeNode@@QAEAAV0@ABV0@@Z 1001abb0 f i KOctree.obj
 0001:00019c30       ??_GKOctreeNode@@UAEPAXI@Z 1001ac30 f i KOctree.obj
 0001:00019c60       ??_EKOctreeNode@@UAEPAXI@Z 1001ac60 f i KOctree.obj
 0001:00019cd0       ??0KOctree@@QAE@ABV0@@Z    1001acd0 f i KOctree.obj
 0001:00019d40       ??4KOctree@@QAEAAV0@ABV0@@Z 1001ad40 f i KOctree.obj
 0001:00019da0       ??_GKOctree@@UAEPAXI@Z     1001ada0 f i KOctree.obj
 0001:00019dd0       ??_EKOctree@@UAEPAXI@Z     1001add0 f i KOctree.obj
 0001:00019e40       ??0KOctree@@QAE@XZ         1001ae40 f   KOctree.obj
 0001:00019e8a       ??1KOctree@@UAE@XZ         1001ae8a f   KOctree.obj
 0001:00019efa       ?Insert@KOctree@@QAEXEEE@Z 1001aefa f   KOctree.obj
 0001:00019f35       ?ReduceNode@KOctree@@QAEXXZ 1001af35 f   KOctree.obj
 0001:00019f80       ?GetMinSumNode@KOctree@@QAEXPAVKOctreeNode@@@Z 1001af80 f   KOctree.obj
 0001:0001a00e       ?InitPalette@KOctree@@QAEXXZ 1001b00e f   KOctree.obj
 0001:0001a041       ?MakePalette@KOctree@@QAEXPAVKOctreeNode@@@Z 1001b041 f   KOctree.obj
 0001:0001a115       ?QueryIndex@KOctree@@QAEHEEE@Z 1001b115 f   KOctree.obj
 0001:0001a140       ??0KOctreeNode@@QAE@XZ     1001b140 f   KOctreeNode.obj
 0001:0001a1b3       ??1KOctreeNode@@UAE@XZ     1001b1b3 f   KOctreeNode.obj
 0001:0001a1cf       ?Free@KOctreeNode@@QAEXXZ  1001b1cf f   KOctreeNode.obj
 0001:0001a242       ?Insert@KOctreeNode@@QAEHEEEHH@Z 1001b242 f   KOctreeNode.obj
 0001:0001a404       ?QueryIndex@KOctreeNode@@QAEHEEEH@Z 1001b404 f   KOctreeNode.obj
 0001:0001a4e3       ?Merge@KOctreeNode@@QAEHXZ 1001b4e3 f   KOctreeNode.obj
 0001:0001a5db       ?IsLeaf@KOctreeNode@@QAEHXZ 1001b5db f   KOctreeNode.obj
 0001:0001a618       ?IsFather@KOctreeNode@@QAEHXZ 1001b618 f   KOctreeNode.obj
 0001:0001a686       ?RefenceSum@KOctreeNode@@QAEHXZ 1001b686 f   KOctreeNode.obj
 0001:0001a6e0       ??4KPakData@@QAEAAV0@ABV0@@Z 1001b6e0 f i KPakData.obj
 0001:0001a710       ??0KPakData@@QAE@XZ        1001b710 f   KPakData.obj
 0001:0001a77c       ??1KPakData@@QAE@XZ        1001b77c f   KPakData.obj
 0001:0001a7d3       ?Open@KPakData@@QAEHPAD@Z  1001b7d3 f   KPakData.obj
 0001:0001a89b       ?Read@KPakData@@QAEKPAXK@Z 1001b89b f   KPakData.obj
 0001:0001a8b8       ?Seek@KPakData@@QAEKJK@Z   1001b8b8 f   KPakData.obj
 0001:0001a8d5       ?Tell@KPakData@@QAEKXZ     1001b8d5 f   KPakData.obj
 0001:0001a8e8       ?Close@KPakData@@QAEXXZ    1001b8e8 f   KPakData.obj
 0001:0001a930       ?Search@KPakData@@QAEHPADPAK1@Z 1001b930 f   KPakData.obj
 0001:0001aa56       ?Decode@KPakData@@QAEHPAUTCodeInfo@@@Z 1001ba56 f   KPakData.obj
 0001:0001aa80       ?g_SetPakFileMode@@YAXH@Z  1001ba80 f   KPakFile.obj
 0001:0001aa8d       ?SprGetHeader@@YAPAUSPRHEAD@@PBDAAPAUSPROFFS@@@Z 1001ba8d f   KPakFile.obj
 0001:0001ac69       ?SprReleaseHeader@@YAXPAUSPRHEAD@@@Z 1001bc69 f   KPakFile.obj
 0001:0001ac81       ?SprGetFrame@@YAPAUSPRFRAME@@PAUSPRHEAD@@H@Z 1001bc81 f   KPakFile.obj
 0001:0001acce       ?SprReleaseFrame@@YAXPAUSPRFRAME@@@Z 1001bcce f   KPakFile.obj
 0001:0001ace6       ?get_jpg_image@@YAPAUKSGImageContent@@QBDI@Z 1001bce6 f   KPakFile.obj
 0001:0001aeba       ?release_image@@YAXPAUKSGImageContent@@@Z 1001beba f   KPakFile.obj
 0001:0001aed2       ??0KPakFile@@QAE@XZ        1001bed2 f   KPakFile.obj
 0001:0001aefc       ??1KPakFile@@QAE@XZ        1001befc f   KPakFile.obj
 0001:0001af44       ?IsFileInPak@KPakFile@@QAE_NXZ 1001bf44 f   KPakFile.obj
 0001:0001af76       ?Open@KPakFile@@QAEHPBD@Z  1001bf76 f   KPakFile.obj
 0001:0001b042       ?Read@KPakFile@@QAEKPAXI@Z 1001c042 f   KPakFile.obj
 0001:0001b095       ?Seek@KPakFile@@QAEKHI@Z   1001c095 f   KPakFile.obj
 0001:0001b132       ?Tell@KPakFile@@QAEKXZ     1001c132 f   KPakFile.obj
 0001:0001b161       ?Size@KPakFile@@QAEKXZ     1001c161 f   KPakFile.obj
 0001:0001b190       ?Close@KPakFile@@QAEXXZ    1001c190 f   KPakFile.obj
 0001:0001b1c2       ?Save@KPakFile@@QAEHPBD@Z  1001c1c2 f   KPakFile.obj
 0001:0001b1e0       ??0KPakList@@QAE@XZ        1001c1e0 f   KPakList.obj
 0001:0001b203       ??1KPakList@@QAE@XZ        1001c203 f   KPakList.obj
 0001:0001b216       ?Close@KPakList@@QAEXXZ    1001c216 f   KPakList.obj
 0001:0001b280       ?FindElemFile@KPakList@@QAE_NKAAUXPackElemFileRef@@@Z 1001c280 f   KPakList.obj
 0001:0001b2dd       ?FileNameToId@KPakList@@AAEKPBD@Z 1001c2dd f   KPakList.obj
 0001:0001b38d       ?FindElemFile@KPakList@@QAE_NPBDAAUXPackElemFileRef@@@Z 1001c38d f   KPakList.obj
 0001:0001b3fe       ?Open@KPakList@@QAE_NPBD@Z 1001c3fe f   KPakList.obj
 0001:0001b700       ?ElemFileRead@KPakList@@QAEHAAUXPackElemFileRef@@PAXI@Z 1001c700 f   KPakList.obj
 0001:0001b748       ?GetSprHeader@KPakList@@QAEPAUSPRHEAD@@AAUXPackElemFileRef@@AAPAUSPROFFS@@@Z 1001c748 f   KPakList.obj
 0001:0001b78c       ?GetSprFrame@KPakList@@QAEPAUSPRFRAME@@HPAUSPRHEAD@@H@Z 1001c78c f   KPakList.obj
 0001:0001b7d0       ??_GXPackFile@@QAEPAXI@Z   1001c7d0 f i KPakList.obj
 0001:0001b800       ??4KPakTool@@QAEAAV0@ABV0@@Z 1001c800 f i KPakTool.obj
 0001:0001b820       ??0KPakTool@@QAE@XZ        1001c820 f   KPakTool.obj
 0001:0001b841       ??1KPakTool@@QAE@XZ        1001c841 f   KPakTool.obj
 0001:0001b85f       ?Pack@KPakTool@@QAEHPAD0H@Z 1001c85f f   KPakTool.obj
 0001:0001bc0d       ?UnPack@KPakTool@@QAEHPAD0@Z 1001cc0d f   KPakTool.obj
 0001:0001bfb0       ?g_SetColorStyle@@YAXEEE@Z 1001cfb0 f   KPalette.obj
 0001:0001bfcf       ?g_Pal24ToPal16@@YAXPAUKPAL24@@PAGH@Z 1001cfcf f   KPalette.obj
 0001:0001c078       ?g_Pal16ToPal24@@YAXPAGPAUKPAL24@@H@Z 1001d078 f   KPalette.obj
 0001:0001c117       ?g_Pal32ToPal16@@YAXPAUKPAL32@@PAGH@Z 1001d117 f   KPalette.obj
 0001:0001c169       ?g_Pal24ToPal16Style@@YAXPAUKPAL24@@PAGH@Z 1001d169 f   KPalette.obj
 0001:0001c1f7       ?g_Pal32ToPal16Style@@YAXPAUKPAL32@@PAGH@Z 1001d1f7 f   KPalette.obj
 0001:0001c285       ?g_Pal24ToPal16Gray@@YAXPAUKPAL24@@PAGH@Z 1001d285 f   KPalette.obj
 0001:0001c2fb       ?g_Pal32ToPal16Gray@@YAXPAUKPAL32@@PAGH@Z 1001d2fb f   KPalette.obj
 0001:0001c371       ?g_Pal24ToPal16Lum@@YAXPAUKPAL24@@PAGH@Z 1001d371 f   KPalette.obj
 0001:0001c438       ?g_Pal32ToPal16Lum@@YAXPAUKPAL32@@PAGH@Z 1001d438 f   KPalette.obj
 0001:0001c4f3       ?g_Pal24ToPal32@@YAXPAUKPAL24@@PAUKPAL32@@H@Z 1001d4f3 f   KPalette.obj
 0001:0001c567       ?g_Pal32ToPal24@@YAXPAUKPAL32@@PAUKPAL24@@H@Z 1001d567 f   KPalette.obj
 0001:0001c5d0       ??4KPcxFile@@QAEAAV0@ABV0@@Z 1001d5d0 f i KPcxFile.obj
 0001:0001c5f0       ?Load@KPcxFile@@QAEHPADPAVKBitmap@@@Z 1001d5f0 f   KPcxFile.obj
 0001:0001c8f0       ?Save@KPcxFile@@QAEHPADPAVKBitmap@@@Z 1001d8f0 f   KPcxFile.obj
 0001:0001c902       ?Decode@KPcxFile@@AAEXPAX0@Z 1001d902 f   KPcxFile.obj
 0001:0001c9e4       ?Encode@KPcxFile@@AAEXPAX0@Z 1001d9e4 f   KPcxFile.obj
 0001:0001ca00       ?GetVertexNumber@KPolygon@@QAEHXZ 1001da00 f i KPolygon.obj
 0001:0001ca10       ?GetPolygonPtr@KPolygon@@QAEPAUTPolygon@@XZ 1001da10 f i KPolygon.obj
 0001:0001ca20       ??4KPolygon@@QAEAAV0@ABV0@@Z 1001da20 f i KPolygon.obj
 0001:0001ca50       ??0KPolygon@@QAE@XZ        1001da50 f   KPolygon.obj
 0001:0001ca7a       ?IsPointInPolygon@KPolygon@@QAEHUtagPOINT@@@Z 1001da7a f   KPolygon.obj
 0001:0001cb9a       ?IsPointInPolygon@KPolygon@@QAEHHH@Z 1001db9a f   KPolygon.obj
 0001:0001ccba       ?GetNearVertex@KPolygon@@QAEHUtagPOINT@@@Z 1001dcba f   KPolygon.obj
 0001:0001cd80       ?GetIndexVertex@KPolygon@@QAEHHPAUtagPOINT@@@Z 1001dd80 f   KPolygon.obj
 0001:0001cdbf       ?RemoveIndexVertex@KPolygon@@QAEHH@Z 1001ddbf f   KPolygon.obj
 0001:0001ce23       ?AddPointToVertex@KPolygon@@QAEHUtagPOINT@@@Z 1001de23 f   KPolygon.obj
 0001:0001cfcf       ?AddPointToVertex@KPolygon@@QAEHHH@Z 1001dfcf f   KPolygon.obj
 0001:0001d18b       ?LoopVertex@KPolygon@@QAEXH@Z 1001e18b f   KPolygon.obj
 0001:0001d223       ?Clear@KPolygon@@QAEXXZ    1001e223 f   KPolygon.obj
 0001:0001d24a       ?GetCenterPos@KPolygon@@QAEXPAUtagPOINT@@@Z 1001e24a f   KPolygon.obj
 0001:0001d2d6       ?ShiftVertex@KPolygon@@QAEHHH@Z 1001e2d6 f   KPolygon.obj
 0001:0001d54e       ?GetLeftVertex@KPolygon@@QAEHXZ 1001e54e f   KPolygon.obj
 0001:0001d5ae       ?GetRightVertex@KPolygon@@QAEHXZ 1001e5ae f   KPolygon.obj
 0001:0001d610       ?g_ColliSion@@YAHVKPolygon@@0@Z 1001e610 f   KPolyRelation.obj
 0001:0001d668       ?g_SpaceRelation@@YAHVKPolygon@@0@Z 1001e668 f   KPolyRelation.obj
 0001:0001d844       ?IntersectionX2Y@@YAHUtagPOINT@@0HPAH@Z 1001e844 f   KPolyRelation.obj
 0001:0001d8a0       ?g_RandomSeed@@YAXI@Z      1001e8a0 f   KRandom.obj
 0001:0001d8ad       ?g_Random@@YAII@Z          1001e8ad f   KRandom.obj
 0001:0001d8dd       ?g_GetRandomSeed@@YAIXZ    1001e8dd f   KRandom.obj
 0001:0001d8f0       ?SignalEvent@KSafeList@@QAEXXZ 1001e8f0 f i KSafeList.obj
 0001:0001d910       ?WaitEvent@KSafeList@@QAEXXZ 1001e910 f i KSafeList.obj
 0001:0001d930       ?TimedWaitEvent@KSafeList@@QAEXJ@Z 1001e930 f i KSafeList.obj
 0001:0001d950       ?Lock@KSafeList@@QAEXXZ    1001e950 f i KSafeList.obj
 0001:0001d970       ?Unlock@KSafeList@@QAEXXZ  1001e970 f i KSafeList.obj
 0001:0001d990       ??0KSafeList@@QAE@XZ       1001e990 f i KSafeList.obj
 0001:0001d9f0       ??0KSafeList@@QAE@ABV0@@Z  1001e9f0 f i KSafeList.obj
 0001:0001da30       ??4KSafeList@@QAEAAV0@ABV0@@Z 1001ea30 f i KSafeList.obj
 0001:0001da70       ??1KSafeList@@QAE@XZ       1001ea70 f i KSafeList.obj
 0001:0001dad0       ??4KScanFile@@QAEAAV0@ABV0@@Z 1001ead0 f i KScanDir.obj
 0001:0001db00       ??0KScanFile@@QAE@XZ       1001eb00 f   KScanDir.obj
 0001:0001db1f       ?DiscardFileExt@KScanFile@@QAEXPAD@Z 1001eb1f f   KScanDir.obj
 0001:0001db41       ?RunSearch@KScanFile@@QAEHPAD00@Z 1001eb41 f   KScanDir.obj
 0001:0001dbe3       ?SearchDirectory@KScanFile@@AAEXXZ 1001ebe3 f   KScanDir.obj
 0001:0001dd0a       ?CheckFileExt@KScanFile@@AAEHPAD@Z 1001ed0a f   KScanDir.obj
 0001:0001dd49       ?OutputFileName@KScanFile@@AAEXPAD@Z 1001ed49 f   KScanDir.obj
 0001:0001dde0       ??0KScript@@QAE@XZ         1001ede0 f   KScript.obj
 0001:0001ddf7       ??1KScript@@UAE@XZ         1001edf7 f   KScript.obj
 0001:0001de0b       ?Init@KScript@@UAEHXZ      1001ee0b f   KScript.obj
 0001:0001de1b       ?Exit@KScript@@UAEXXZ      1001ee1b f   KScript.obj
 0001:0001de26       ?Load@KScript@@UAEHPAD@Z   1001ee26 f   KScript.obj
 0001:0001de38       ?Compile@KScript@@UAEHPAD@Z 1001ee38 f   KScript.obj
 0001:0001de4a       ?Execute@KScript@@UAEHXZ   1001ee4a f   KScript.obj
 0001:0001de5a       ?CallFunction@KScript@@UAAHPADH0ZZ 1001ee5a f   KScript.obj
 0001:0001de64       ?RegisterFunction@KScript@@UAEHPADPAX@Z 1001ee64 f   KScript.obj
 0001:0001de80       ??0KScriptCache@@QAE@ABV0@@Z 1001ee80 f i KScriptCache.obj
 0001:0001deb0       ??4KScriptCache@@QAEAAV0@ABV0@@Z 1001eeb0 f i KScriptCache.obj
 0001:0001ded0       ??0KScriptCache@@QAE@XZ    1001eed0 f   KScriptCache.obj
 0001:0001deef       ??1KScriptCache@@QAE@XZ    1001eeef f   KScriptCache.obj
 0001:0001df40       ?LoadNode@KScriptCache@@UAEHPAVKCacheNode@@@Z 1001ef40 f   KScriptCache.obj
 0001:0001dff8       ?FreeNode@KScriptCache@@UAEXPAVKCacheNode@@@Z 1001eff8 f   KScriptCache.obj
 0001:0001e060       ?SeekBegin@KStepLuaScript@@QAEXXZ 1001f060 f i KScriptList.obj
 0001:0001e080       ?SeekToExeBegin@KStepLuaScript@@QAEXXZ 1001f080 f i KScriptList.obj
 0001:0001e0a0       ?RunMain@KStepLuaScript@@QAEXXZ 1001f0a0 f i KScriptList.obj
 0001:0001e0c0       ?RunFunc@KStepLuaScript@@QAEXXZ 1001f0c0 f i KScriptList.obj
 0001:0001e0e0       ?RunIdle@KStepLuaScript@@QAEXXZ 1001f0e0 f i KScriptList.obj
 0001:0001e100       ?RunResume@KStepLuaScript@@QAEXXZ 1001f100 f i KScriptList.obj
 0001:0001e120       ?RunWaitMsg@KStepLuaScript@@QAEXXZ 1001f120 f i KScriptList.obj
 0001:0001e140       ?IsRunMain@KStepLuaScript@@QAEHXZ 1001f140 f i KScriptList.obj
 0001:0001e160       ?IsRunFunc@KStepLuaScript@@QAEHXZ 1001f160 f i KScriptList.obj
 0001:0001e180       ?IsRunIdle@KStepLuaScript@@QAEHXZ 1001f180 f i KScriptList.obj
 0001:0001e1a0       ?IsRunResume@KStepLuaScript@@QAEHXZ 1001f1a0 f i KScriptList.obj
 0001:0001e1c0       ?IsRunWaitMsg@KStepLuaScript@@QAEHXZ 1001f1c0 f i KScriptList.obj
 0001:0001e1e0       ?GetWaitingMsg@KStepLuaScript@@QAEPADXZ 1001f1e0 f i KScriptList.obj
 0001:0001e200       ?GetStatus@KStepLuaScript@@QAEHXZ 1001f200 f i KScriptList.obj
 0001:0001e220       ??0KStepLuaScript@@QAE@ABV0@@Z 1001f220 f i KScriptList.obj
 0001:0001e320       ??4KStepLuaScript@@QAEAAV0@ABV0@@Z 1001f320 f i KScriptList.obj
 0001:0001e440       ??_GKStepLuaScript@@UAEPAXI@Z 1001f440 f i KScriptList.obj
 0001:0001e470       ??_EKStepLuaScript@@UAEPAXI@Z 1001f470 f i KScriptList.obj
 0001:0001e4f0       ??1KScriptNode@@UAE@XZ     1001f4f0 f i KScriptList.obj
 0001:0001e570       ??0KScriptNode@@QAE@XZ     1001f570 f i KScriptList.obj
 0001:0001e590       ??0KScriptNode@@QAE@ABV0@@Z 1001f590 f i KScriptList.obj
 0001:0001e5d0       ??4KScriptNode@@QAEAAV0@ABV0@@Z 1001f5d0 f i KScriptList.obj
 0001:0001e610       ??_GKScriptNode@@UAEPAXI@Z 1001f610 f i KScriptList.obj
 0001:0001e640       ??_EKScriptNode@@UAEPAXI@Z 1001f640 f i KScriptList.obj
 0001:0001e6b0       ??0KScriptList@@QAE@XZ     1001f6b0 f i KScriptList.obj
 0001:0001e6d0       ??0KScriptList@@QAE@ABV0@@Z 1001f6d0 f i KScriptList.obj
 0001:0001e6f0       ??4KScriptList@@QAEAAV0@ABV0@@Z 1001f6f0 f i KScriptList.obj
 0001:0001e710       ??1KScriptList@@QAE@XZ     1001f710 f i KScriptList.obj
 0001:0001e730       ?GetScript@KScriptList@@QAEPAVKLuaScript@@PAUlua_State@@@Z 1001f730 f   KScriptList.obj
 0001:0001e791       ?Activate@KScriptList@@QAEXXZ 1001f791 f   KScriptList.obj
 0001:0001e863       ?SendMessageA@KScriptList@@QAEXPAD0@Z 1001f863 f   KScriptList.obj
 0001:0001e8c0       ?IsEmpty@KList@@QAEHXZ     1001f8c0 f i KScriptList.obj
 0001:0001e8e0       ??0KScriptSet@@QAE@XZ      1001f8e0 f   KScriptSet.obj
 0001:0001e91f       ??0KScriptSet@@QAE@H@Z     1001f91f f   KScriptSet.obj
 0001:0001e989       ??1KScriptSet@@QAE@XZ      1001f989 f   KScriptSet.obj
 0001:0001e9d9       ?GetScript@KScriptSet@@QAEPAVKScript@@PADHH@Z 1001f9d9 f   KScriptSet.obj
 0001:0001ebb0       ?GetScript@KScriptSet@@QAEPAVKScript@@KHH@Z 1001fbb0 f   KScriptSet.obj
 0001:0001ed84       ?UpdateRecent@KScriptSet@@QAEXHPAUTScript@@@Z 1001fd84 f   KScriptSet.obj
 0001:0001eeb5       ?SearchScript@KScriptSet@@QAEPAUTScript@@PADPAH@Z 1001feb5 f   KScriptSet.obj
 0001:0001eef5       ?SearchScript@KScriptSet@@QAEPAUTScript@@KPAH@Z 1001fef5 f   KScriptSet.obj
 0001:0001ef35       ?CreateScript@KScriptSet@@UAEPAVKScript@@PADH@Z 1001ff35 f   KScriptSet.obj
 0001:0001ef44       ?CreateScript@KScriptSet@@UAEPAVKScript@@KH@Z 1001ff44 f   KScriptSet.obj
 0001:0001ef53       ?DeleteScript@KScriptSet@@QAEHPAD@Z 1001ff53 f   KScriptSet.obj
 0001:0001f0b0       ?DeleteScript@KScriptSet@@QAEHK@Z 100200b0 f   KScriptSet.obj
 0001:0001f20d       ?DeleteScript@KScriptSet@@QAEHPAUTScript@@@Z 1002020d f   KScriptSet.obj
 0001:0001f248       ?InsertScript@KScriptSet@@QAEPAUTScript@@PAD@Z 10020248 f   KScriptSet.obj
 0001:0001f2b8       ?InsertScript@KScriptSet@@QAEPAUTScript@@K@Z 100202b8 f   KScriptSet.obj
 0001:0001f328       ?GetInitStackSize@KScriptSet@@UAEHPAD@Z 10020328 f   KScriptSet.obj
 0001:0001f337       ?GetInitStackSize@KScriptSet@@UAEHK@Z 10020337 f   KScriptSet.obj
 0001:0001f346       ?ListScriptsKey@KScriptSet@@QAEKXZ 10020346 f   KScriptSet.obj
 0001:0001f360       ?ListRecent@KScriptSet@@QAEKH@Z 10020360 f   KScriptSet.obj
 0001:0001f3ca       ?Run@KScriptSet@@UAEHPAD@Z 100203ca f   KScriptSet.obj
 0001:0001f3dc       ?Run@KScriptSet@@UAEHK@Z   100203dc f   KScriptSet.obj
 0001:0001f3ee       ?RunFunction@KScriptSet@@UAAHPAD00ZZ 100203ee f   KScriptSet.obj
 0001:0001f3f8       ?RunFunction@KScriptSet@@UAAHKPAD0ZZ 100203f8 f   KScriptSet.obj
 0001:0001f402       ?BTSearch@@YAPAUTScript@@PAU1@0PADPAH@Z 10020402 f   KScriptSet.obj
 0001:0001f489       ?BTSearch@@YAPAUTScript@@PAU1@0KPAH@Z 10020489 f   KScriptSet.obj
 0001:0001f504       ?BTInsert@@YAPAUTScript@@PAU1@PAD@Z 10020504 f   KScriptSet.obj
 0001:0001f5ac       ?BTInsert@@YAPAUTScript@@PAU1@K@Z 100205ac f   KScriptSet.obj
 0001:0001f644       ?BTDelete@@YAPAUTScript@@PAU1@PAPAU1@H@Z 10020644 f   KScriptSet.obj
 0001:0001f9de       ?BTFindLess@@YAPAUTScript@@PAU1@@Z 100209de f   KScriptSet.obj
 0001:0001fa0a       ?BTPreorder@@YAKPAUTScript@@@Z 10020a0a f   KScriptSet.obj
 0001:0001fa50       ?KSG_StringToMD5String@@YAHQADQBD@Z 10020a50 f   KSG_MD5_String.obj
 0001:0001fb90       ?KSG_StringGetInt@@YAHPAPBDH@Z 10020b90 f   KSG_StringProcess.obj
 0001:0001fcd0       ?KSG_StringSkipSymbol@@YA_NPAPBDH@Z 10020cd0 f   KSG_StringProcess.obj
 0001:0001fd55       ?KSG_GetCurSec@@YAHXZ      10020d55 f   KSG_StringProcess.obj
 0001:0001fd72       ?KSG_StringSetValue@@YAHHHHH@Z 10020d72 f   KSG_StringProcess.obj
[...]
 0002:00003490       _GUID_ZPixelFormats        10050490     dxguid:dxguid.obj
 0002:000034a0       _GUID_D3DExtendedCaps      100504a0     dxguid:dxguid.obj
 0002:000034b0       _GUID_KernelCaps           100504b0     dxguid:dxguid.obj
 0002:000034c0       _GUID_KernelCallbacks      100504c0     dxguid:dxguid.obj
 0002:000034d0       _GUID_NonLocalVidMemCaps   100504d0     dxguid:dxguid.obj
 0002:000034e0       _GUID_D3DCallbacks3        100504e0     dxguid:dxguid.obj
 0002:000034f0       _GUID_D3DCallbacks2        100504f0     dxguid:dxguid.obj
 0002:00003500       _GUID_VideoPortCaps        10050500     dxguid:dxguid.obj
 0002:00003510       _GUID_ColorControlCallbacks 10050510     dxguid:dxguid.obj
 0002:00003520       _GUID_VideoPortCallbacks   10050520     dxguid:dxguid.obj
 0002:00003530       _GUID_MiscellaneousCallbacks 10050530     dxguid:dxguid.obj
 0002:00003540       _IID_IDirectDrawGammaControl 10050540     dxguid:dxguid.obj
 0002:00003550       _IID_IDirectDrawColorControl 10050550     dxguid:dxguid.obj
 0002:00003560       _IID_IDirectDrawClipper    10050560     dxguid:dxguid.obj
 0002:00003570       _IID_IDirectDrawPalette    10050570     dxguid:dxguid.obj
 0002:00003580       _IID_IDirectDrawPalette2   10050580     dxguid:dxguid.obj
 0002:00003590       _IID_IDirectDrawOptSurface 10050590     dxguid:dxguid.obj
 0002:000035a0       _GUID_DirectDrawPaletteStream 100505a0     dxguid:dxguid.obj
 0002:000035b0       _GUID_DirectDrawSurfaceStream 100505b0     dxguid:dxguid.obj
 0002:000035c0       _IID_IDirectDrawFactory2   100505c0     dxguid:dxguid.obj
 0002:000035d0       _CLSID_DirectDrawFactory2  100505d0     dxguid:dxguid.obj
 0002:000035e0       _IID_IDirectDrawSurfaceNew 100505e0     dxguid:dxguid.obj
 0002:000035f0       _IID_IDirectDrawSurface7   100505f0     dxguid:dxguid.obj
 0002:00003600       _IID_IDirectDrawSurface4   10050600     dxguid:dxguid.obj
 0002:00003610       _IID_IDirectDrawSurface3   10050610     dxguid:dxguid.obj
 0002:00003620       _IID_IDirectDrawSurface2   10050620     dxguid:dxguid.obj
 0002:00003630       _IID_IDirectDrawSurface    10050630     dxguid:dxguid.obj
 0002:00003640       _IID_IDirectDraw7          10050640     dxguid:dxguid.obj
 0002:00003650       _IID_IDirectDraw4          10050650     dxguid:dxguid.obj
 0002:00003660       _IID_IDirectDraw2          10050660     dxguid:dxguid.obj
 0002:00003670       _IID_IDirectDraw           10050670     dxguid:dxguid.obj
 0002:00003680       _CLSID_DirectDrawClipper   10050680     dxguid:dxguid.obj
 0002:00003690       _CLSID_DirectDraw7         10050690     dxguid:dxguid.obj
 0002:000036a0       _CLSID_DirectDraw          100506a0     dxguid:dxguid.obj
 0002:0000389c       _c_dfDIMouse               1005089c     dinput8:dilib1.obj
 0002:00003aa4       _c_dfDIKeyboard            10050aa4     dinput8:dilib2.obj
 0002:00003ac0       __real@8@3fffe2d0e56041893800 10050ac0     JpgLib:KJpegColor.obj
 0002:00003ac8       __real@8@3ffeb6d1e108c3f3e000 10050ac8     JpgLib:KJpegColor.obj
 0002:00003ad0       __real@8@3ffdb0331e3a7daa5000 10050ad0     JpgLib:KJpegColor.obj
 0002:00003ad8       __real@8@3fff8000000000000000 10050ad8     JpgLib:KJpegColor.obj
 0002:00003ae0       __real@8@3fffb374bc6a7ef9d800 10050ae0     JpgLib:KJpegColor.obj
 0002:00004040       __real@8@3ffe8000000000000000 10051040     mp3lib:KMp3Sbt.obj
 0002:00004048       __real@8@40018000000000000000 10051048     mp3lib:KMp3Sbt.obj
 0002:00004050       __real@8@3ffdaaaaab0000000000 10051050     mp3lib:KMp3Quant.obj
 0002:00004218       __real@8@c0008000000000000000 10051218     mp3lib:KMp3Init.obj
 0002:00004220       __real@8@3ffdaaaaaaaaaaaaa800 10051220     mp3lib:KMp3Init.obj
 0002:00004228       __real@8@bffe8000000000000000 10051228     mp3lib:KMp3Init.obj
 0002:00004230       __real@8@3ffd8000000000000000 10051230     mp3lib:KMp3Init.obj
 0002:00004238       __real@8@40008000000000000000 10051238     mp3lib:KMp3Init.obj
 0002:00004240       __real@8@4001c000000000000000 10051240     mp3lib:KMp3Init.obj
 0002:00004248       __real@8@3ffbaaaaaaaaaaaaa800 10051248     mp3lib:KMp3Init.obj
 0002:00004250       __real@8@40039000000000000000 10051250     mp3lib:KMp3Init.obj
 0002:00004258       __real@8@3ff9e38e38e38e38e000 10051258     mp3lib:KMp3Init.obj
 0002:00004260       __real@4@3ffe8000000000000000 10051260     mp3lib:KMp3Init.obj
 0002:00004268       __real@8@3ffaaaaaaaaaaaaaa800 10051268     mp3lib:KMp3Init.obj
 0002:00004270       __real@8@3ff8e38e38e38e38e000 10051270     mp3lib:KMp3Init.obj
 0002:00004278       __real@8@bffd8000000000000000 10051278     mp3lib:KMp3Init.obj
 0002:00005c58       __IMPORT_DESCRIPTOR_KERNEL32 10052c58     kernel32:KERNEL32.dll
 0002:00005c6c       __IMPORT_DESCRIPTOR_USER32 10052c6c     user32:USER32.dll
 0002:00005c80       __IMPORT_DESCRIPTOR_GDI32  10052c80     gdi32:GDI32.dll
 0002:00005c94       __IMPORT_DESCRIPTOR_comdlg32 10052c94     comdlg32:comdlg32.dll
 0002:00005ca8       __IMPORT_DESCRIPTOR_DDRAW  10052ca8     ddraw:DDRAW.dll
 0002:00005cbc       __IMPORT_DESCRIPTOR_DSOUND 10052cbc     dsound:DSOUND.dll
 0002:00005cd0       __IMPORT_DESCRIPTOR_WINMM  10052cd0     winmm:WINMM.dll
 0002:00005ce4       __IMPORT_DESCRIPTOR_DINPUT8 10052ce4     dinput8:DINPUT8.dll
 0002:00005cf8       __IMPORT_DESCRIPTOR_LuaLibDll 10052cf8     LuaLibDll:LuaLibDll.dll
 0002:00005d0c       __IMPORT_DESCRIPTOR_MSVCRT 10052d0c     MSVCRT:MSVCRT.dll
 0002:00005d20       __IMPORT_DESCRIPTOR_IMM32  10052d20     imm32:IMM32.dll
 0002:00005d34       __NULL_IMPORT_DESCRIPTOR   10052d34     kernel32:KERNEL32.dll
 0003:00000000       ___xc_a                    10061000     MSVCRT:cinitexe.obj
 0003:00000014       ___xc_z                    10061014     MSVCRT:cinitexe.obj
 0003:00000018       ___xi_a                    10061018     MSVCRT:cinitexe.obj
 0003:0000001c       ___xi_z                    1006101c     MSVCRT:cinitexe.obj
 0003:00000098       ?g_RGB@@3P6AGHHH@ZA        10061098     KColors.obj
 0003:000013a0       ??_C@_0CD@NAH@KMemList?3?3Leak?5Detected?0?5Size?5?$DN?5@ 100623a0     KMemBase.obj
 0003:00001e74       ?s_NotAllowAtLineHeadA1Characters@@3PAEA 10062e74     Text.obj
 0003:00001e80       ?s_NotAllowAtLineHeadA3Characters@@3PAEA 10062e80     Text.obj
 0003:00001e8c       ?s_NotAllowAtLineHead00Characters@@3PAEA 10062e8c     Text.obj
 0003:00001e94       _ucl_alloc_hook            10062e94     alloc.obj
 0003:00001e98       _ucl_free_hook             10062e98     alloc.obj
 0003:00001ee0       _jpeg_zigzag               10062ee0     JpgLib:KJpegDecode.obj
 0003:00002210       _band_limit_nsb            10063210     mp3lib:KMp3Decode.obj
 0003:00006798       _wincoef                   10067798     mp3lib:KMp3Win.obj
 0003:000081d0       ?g_pCanvas@@3PAVKCanvas@@A 100691d0     KCanvas.obj
 0003:000081d8       ?g_pDirectDraw@@3PAVKDirectDraw@@A 100691d8     KDDraw.obj
 0003:000081e0       ?g_pDirectInput@@3PAVKDirectInput@@A 100691e0     KDInput.obj
 0003:000081f0       ?g_pDirectSound@@3PAVKDirectSound@@A 100691f0     KDSound.obj
 0003:00008204       ?g_pIme@@3PAVKIme@@A       10069204     Kime.obj
 0003:00008214       ?g_pKeyboard@@3PAVKKeyboard@@A 10069214     KKeyboard.obj
 0003:00008240       ?g_MemManager@@3VKMemManager@@A 10069240     KMemManager.obj
 0003:000082ac       ?g_pMouse@@3PAVKMouse@@A   100692ac     KMouse.obj
 0003:000082cc       ?g_pPakList@@3PAVKPakList@@A 100692cc     KPakList.obj
 0003:00008650       ?sout@@3PAU_iobuf@@A       10069650     KWin32App.obj
 0003:00008654       ?serr@@3PAU_iobuf@@A       10069654     KWin32App.obj
 0003:0000866c       ?g_pZipList@@3PAVKZipList@@A 1006966c     KZipList.obj
 0003:00008678       ?ms_ElemFileCache@XPackFile@@0PAUXPackElemFileCache@1@A 10069678     XPackFile.obj
 0003:00008768       ?ms_nNumElemFileCache@XPackFile@@0HA 10069768     XPackFile.obj
 0003:00008784       ?g_pIInlinePicSink@@3PAUIInlinePicEngineSink@@A 10069784     Text.obj
 0003:00008794       ___ucl_init_done           10069794     ucl_init.obj
 0003:00008798       _jpeg_stream               10069798     JpgLib:KJpegLib.obj
 0003:0000879c       _jpeg_IDCT                 1006979c     JpgLib:KJpegLib.obj
 0003:000087a0       _jpeg_Y2RGB                100697a0     JpgLib:KJpegLib.obj
 0003:000087a4       _jpeg_YCbCr411             100697a4     JpgLib:KJpegLib.obj
 0003:000087a8       _jpeg_YCbCr111             100697a8     JpgLib:KJpegLib.obj
 0003:00010a60       _jpeg_qtable               10071a60     <common>
 0003:00010a80       _jpeg_ybuf                 10071a80     <common>
 0003:00010c80       _jpeg_crbuf                10071c80     <common>
 0003:00010d00       _jpeg_htable               10071d00     <common>
 0003:00010d40       _jpeg_cbbuf                10071d40     <common>
 0003:00010dc0       _jpeg_head                 10071dc0     <common>
 0003:00010dd8       _jpeg_DC                   10071dd8     <common>
 0003:00010dde       _jpeg_bit                  10071dde     <common>
 0003:00010de0       _mdct6_3v                  10071de0     <common>
 0003:00010e00       _mdct6_3v2                 10071e00     <common>
 0003:00010e20       _mdct18w                   10071e20     <common>
 0003:00010e80       _mdct18w2                  10071e80     <common>
 0003:00010ec0       _coef                      10071ec0     <common>
 0003:00010f50       _coef87                    10071f50     <common>
 0003:00010f60       _coef32                    10071f60     <common>
 0003:00010fe0       _csa                       10071fe0     <common>
 0003:00011020       _win                       10072020     <common>
 0003:00011260       _sfBandIndex               10072260     <common>
 0003:00011320       _bitdat                    10072320     <common>
 0003:00011340       _nBand                     10072340     <common>
 0003:000113f0       __adjust_fdiv              100723f0     <common>
 0003:000113f4       __pRawDllMain              100723f4     <common>
 0003:000113f8       ___onexitend               100723f8     <common>
 0003:000113fc       ___onexitbegin             100723fc     <common>

 entry point at        0001:0004aadf

 Static symbols

 0001:0003d0ee       _basic_integral_check      1003e0ee f   ucl_init.obj
 0001:0003d1f9       _basic_ptr_check           1003e1f9 f   ucl_init.obj
 0001:0003d28f       _ptr_check                 1003e28f f   ucl_init.obj
 0001:0003d58e       _schedule_insns_bug        1003e58e f   ucl_init.obj
 0001:0003d5be       _strength_reduce_bug       1003e5be f   ucl_init.obj
 0001:0003871f       _swd_exit                  1003971f f   n2e_99.obj
 0001:000387ba       _init_match                100397ba f   n2e_99.obj
 0001:0003887c       _swd_init                  1003987c f   n2e_99.obj
 0001:00038bbc       _swd_initdict              10039bbc f   n2e_99.obj
 0001:00038c4d       _swd_insertdict            10039c4d f   n2e_99.obj
 0001:00038d52       _find_match                10039d52 f   n2e_99.obj
 0001:00038e71       _swd_getbyte               10039e71 f   n2e_99.obj
 0001:00038f8a       _swd_accept                10039f8a f   n2e_99.obj
 0001:000390aa       _swd_remove_node           1003a0aa f   n2e_99.obj
 0001:00039168       _swd_findbest              1003a168 f   n2e_99.obj
 0001:0003937b       _swd_search                1003a37b f   n2e_99.obj
 0001:0003950b       _swd_search2               1003a50b f   n2e_99.obj
 0001:0003955c       _bbConfig                  1003a55c f   n2e_99.obj
 0001:000395dd       _bbPutBit                  1003a5dd f   n2e_99.obj
 0001:00039677       _bbWriteBits               1003a677 f   n2e_99.obj
 0001:000396d1       _bbPutByte                 1003a6d1 f   n2e_99.obj
 0001:000396f0       _bbFlushBits               1003a6f0 f   n2e_99.obj
 0001:0003973e       _code_prefix_ss12          1003a73e f   n2e_99.obj
 0001:000397e4       _code_match                1003a7e4 f   n2e_99.obj
 0001:0003998d       _code_prefix_ss11          1003a98d f   n2e_99.obj
 0001:00039a19       _code_run                  1003aa19 f   n2e_99.obj
 0001:00039a98       _len_of_coded_match        1003aa98 f   n2e_99.obj
 0001:0003425f       _swd_exit                  1003525f f   n2d_99.obj
 0001:000342fa       _init_match                100352fa f   n2d_99.obj
 0001:000343bc       _swd_init                  100353bc f   n2d_99.obj
 0001:000346fc       _swd_initdict              100356fc f   n2d_99.obj
 0001:0003478d       _swd_insertdict            1003578d f   n2d_99.obj
 0001:00034892       _find_match                10035892 f   n2d_99.obj
 0001:000349b1       _swd_getbyte               100359b1 f   n2d_99.obj
 0001:00034aca       _swd_accept                10035aca f   n2d_99.obj
 0001:00034bea       _swd_remove_node           10035bea f   n2d_99.obj
 0001:00034ca8       _swd_findbest              10035ca8 f   n2d_99.obj
 0001:00034ebb       _swd_search                10035ebb f   n2d_99.obj
 0001:0003504b       _swd_search2               1003604b f   n2d_99.obj
 0001:0003509c       _bbConfig                  1003609c f   n2d_99.obj
 0001:0003511d       _bbPutBit                  1003611d f   n2d_99.obj
 0001:000351b7       _bbWriteBits               100361b7 f   n2d_99.obj
 0001:00035211       _bbPutByte                 10036211 f   n2d_99.obj
 0001:00035230       _bbFlushBits               10036230 f   n2d_99.obj
 0001:0003527e       _code_prefix_ss12          1003627e f   n2d_99.obj
 0001:00035324       _code_match                10036324 f   n2d_99.obj
 0001:000354b3       _code_prefix_ss11          100364b3 f   n2d_99.obj
 0001:0003553f       _code_run                  1003653f f   n2d_99.obj
 0001:000355be       _len_of_coded_match        100365be f   n2d_99.obj
 0001:0003021f       _swd_exit                  1003121f f   n2b_99.obj
 0001:000302ba       _init_match                100312ba f   n2b_99.obj
 0001:0003037c       _swd_init                  1003137c f   n2b_99.obj
 0001:000306bc       _swd_initdict              100316bc f   n2b_99.obj
 0001:0003074d       _swd_insertdict            1003174d f   n2b_99.obj
 0001:00030852       _find_match                10031852 f   n2b_99.obj
 0001:00030971       _swd_getbyte               10031971 f   n2b_99.obj
 0001:00030a8a       _swd_accept                10031a8a f   n2b_99.obj
 0001:00030baa       _swd_remove_node           10031baa f   n2b_99.obj
 0001:00030c68       _swd_findbest              10031c68 f   n2b_99.obj
 0001:00030e7b       _swd_search                10031e7b f   n2b_99.obj
 0001:0003100b       _swd_search2               1003200b f   n2b_99.obj
 0001:0003105c       _bbConfig                  1003205c f   n2b_99.obj
 0001:000310dd       _bbPutBit                  100320dd f   n2b_99.obj
 0001:00031177       _bbWriteBits               10032177 f   n2b_99.obj
 0001:000311d1       _bbPutByte                 100321d1 f   n2b_99.obj
 0001:000311f0       _bbFlushBits               100321f0 f   n2b_99.obj
 0001:0003123e       _code_prefix_ss11          1003223e f   n2b_99.obj
 0001:000312ca       _code_match                100322ca f   n2b_99.obj
 0001:00031446       _code_run                  10032446 f   n2b_99.obj
 0001:000314c5       _len_of_coded_match        100324c5 f   n2b_99.obj
 0001:0002faa0       _ucl_alloc_internal        10030aa0 f   alloc.obj
 0001:0002faf4       _ucl_free_internal         10030af4 f   alloc.obj
 0001:0002e069       ?TEncodeCtrl@@YA_NPADHAAH1@Z 1002f069 f   Text.obj
 0001:0002e244       ?TEncodeCtrl@@YAHHPADH0@Z  1002f244 f   Text.obj
 0001:0002b832       ?md5_process@@YAXPAUmd5_state_s@@PBE@Z 1002c832 f   md5.obj
 0001:00028c7c       ?WndProc@@YGJPAUHWND__@@IIJ@Z 10029c7c f   KWin32App.obj
 0001:00027b8a       ?ImaInitTable@@YAXXZ       10028b8a f   KWavCodec.obj
 0001:00027c2e       ?ImaDecodeBlock@@YAXPAEPAFH@Z 10028c2e f   KWavCodec.obj
 0001:00027c70       ?ImaDecodeSample@@YAXHHPAEPAFHH@Z 10028c70 f   KWavCodec.obj
 0001:00018e0d       ?LoadMpgLib@@YAHXZ         10019e0d f   KMpgMusic.obj
 0001:00018ef7       ?FreeMpgLib@@YAXXZ         10019ef7 f   KMpgMusic.obj
 0001:000186e2       ?LoadMp4Lib@@YAHXZ         100196e2 f   KMp4Video.obj
 0001:0001878a       ?FreeMp4Lib@@YAXXZ         1001978a f   KMp4Video.obj
 0001:000168c0       _$E6                       100178c0 f   KMessage.obj
 0001:000168cf       _$E3                       100178cf f   KMessage.obj
 0001:000168de       _$E5                       100178de f   KMessage.obj
 0001:000168f0       _$E4                       100178f0 f   KMessage.obj
 0001:000161f0       _$E6                       100171f0 f   KMemManager.obj
 0001:000161ff       _$E3                       100171ff f   KMemManager.obj
 0001:0001620e       _$E5                       1001720e f   KMemManager.obj
 0001:00016220       _$E4                       10017220 f   KMemManager.obj
 0001:00015d00       _$E4                       10016d00 f   KMemBase.obj
 0001:00015d0f       _$E1                       10016d0f f   KMemBase.obj
 0001:00015d1e       _$E3                       10016d1e f   KMemBase.obj
 0001:00015d30       _$E2                       10016d30 f   KMemBase.obj
 0001:0000bc49       ?LoadEicLib@@YAHXZ         1000cc49 f   KEicScript.obj
 0001:0000bd33       ?FreeEicLib@@YAXXZ         1000cd33 f   KEicScript.obj
 0001:0000a0fb       _$E4                       1000b0fb f   KDrawSprite.obj
 0001:0000a10a       _$E1                       1000b10a f   KDrawSprite.obj
 0001:0000a119       _$E3                       1000b119 f   KDrawSprite.obj
 0001:0000a12b       _$E2                       1000b12b f   KDrawSprite.obj
 0001:00001314       ?str2ulong@@YAKPAD@Z       10002314 f   KAviFile.obj
 0001:0003f550       _Y2RGB                     10040550 f   JpgLib:KJpegColor.obj
 0001:0003f5a0       _YCbCr411_565              100405a0 f   JpgLib:KJpegColor.obj
 0001:0003f850       _YCbCr411_555              10040850 f   JpgLib:KJpegColor.obj
 0001:0003faf0       _RGB16_555                 10040af0 f   JpgLib:KJpegColor.obj
 0001:0003fb80       _RGB16_565                 10040b80 f   JpgLib:KJpegColor.obj
 0001:0003fc10       _YCbCr411_nommx            10040c10 f   JpgLib:KJpegColor.obj
 0001:0003fdc0       _YCbCr111                  10040dc0 f   JpgLib:KJpegColor.obj
 0001:00045480       _forward_bf                10046480 f   mp3lib:KMp3Fdct.obj
 0001:00045540       _back_bf                   10046540 f   mp3lib:KMp3Fdct.obj
 0001:00043f10       _bitget_lb                 10044f10 f   mp3lib:KMp3Huf.obj
 0001:00043f80       _bitget2                   10044f80 f   mp3lib:KMp3Huf.obj
 0001:000427b0       _gencoef                   100437b0 f   mp3lib:KMp3Sbt.obj
 0001:000410d0       _Xform_mono                100420d0 f   mp3lib:KMp3Decode.obj
 0001:00041180       _Xform_dual_right          10042180 f   mp3lib:KMp3Decode.obj
 0001:00041230       _Xform_dual                10042230 f   mp3lib:KMp3Decode.obj
 0001:00041350       _Xform_dual_mono           10042350 f   mp3lib:KMp3Decode.obj
 0001:00041510       _L3audio_decode_MPEG1      10042510 f   mp3lib:KMp3Decode.obj
 0001:00041690       _bitget_init               10042690 f   mp3lib:KMp3Decode.obj
 0001:000416b0       _unpack_side_MPEG1         100426b0 f   mp3lib:KMp3Decode.obj
 0001:00041980       _unpack_main               10042980 f   mp3lib:KMp3Decode.obj
 0001:00041ed0       _bitget_init_end           10042ed0 f   mp3lib:KMp3Decode.obj
 0001:00041ee0       _bitget_bits_used          10042ee0 f   mp3lib:KMp3Decode.obj
 0001:000422d0       _L3audio_decode_MPEG2      100432d0 f   mp3lib:KMp3Decode.obj
 0001:00042460       _unpack_side_MPEG2         10043460 f   mp3lib:KMp3Decode.obj
 0001:0004a780       ?ArrayUnwindFilter@@YAHPAU_EXCEPTION_POINTERS@@@Z 1004b780 f   MSVCRT:ehvecdtr.obj
