 GameServer

 Timestamp is 66766b88 (Sat Jun 22 13:13:28 2024)

 Preferred load address is 00400000

 Start         Length     Name                   Class
 0001:00000000 00033328H .text                   CODE
 0001:00033330 0000213eH .text$x                 CODE
 0002:00000000 000001e0H .idata$5                DATA
 0002:000001e0 00001bfcH .rdata                  DATA
 0002:00001de0 0000104cH .rdata$r                DATA
 0002:00002e30 000038a8H .xdata$x                DATA
 0002:000066d8 0000008cH .idata$2                DATA
 0002:00006764 00000014H .idata$3                DATA
 0002:00006778 000001e0H .idata$4                DATA
 0002:00006958 00000860H .idata$6                DATA
 0002:000071b8 00000000H .edata                  DATA
 0003:00000000 00000004H .CRT$XCA                DATA
 0003:00000004 000000bcH .CRT$XCU                DATA
 0003:000000c0 00000004H .CRT$XCZ                DATA
 0003:000000c4 00000004H .CRT$XIA                DATA
 0003:000000c8 0000000cH .CRT$XIC                DATA
 0003:000000d4 00000004H .CRT$XIY                DATA
 0003:000000d8 00000004H .CRT$XIZ                DATA
 0003:000000dc 00000004H .CRT$XPA                DATA
 0003:000000e0 00000004H .CRT$XPX                DATA
 0003:000000e4 00000004H .CRT$XPZ                DATA
 0003:000000e8 00000004H .CRT$XTA                DATA
 0003:000000ec 00000004H .CRT$XTB                DATA
 0003:000000f0 00000004H .CRT$XTZ                DATA
 0003:00000100 00003920H .data                   DATA
 0003:00003a20 000023c8H .bss                    DATA

  Address         Publics by Value              Rva+Base     Lib:Object

 0001:00000000       _main                      00401000 f   GameServer.obj
 0001:00000080       ?id@?$ctype@G@std@@$D      00401080 f i GameServer.obj
 0001:000000b0       ?id@?$ctype@G@std@@$E      004010b0 f i GameServer.obj
 0001:0000030f       ?ServerEventNotify@@YGXPAXABK1@Z 0040130f f   KSOServer.obj
 0001:000003ef       ?GatewayClientEventNotify@@YGXPAXABK@Z 004013ef f   KSOServer.obj
 0001:00000425       ?ChatClientEventNotify@@YGXPAXABK@Z 00401425 f   KSOServer.obj
 0001:0000044f       ?TongClientEventNotify@@YGXPAXABK@Z 0040144f f   KSOServer.obj
 0001:00000479       ?DatabaseClientEventNotify@@YGXPAXABK@Z 00401479 f   KSOServer.obj
 0001:000004af       ?TransferClientEventNotify@@YGXPAXABK@Z 004014af f   KSOServer.obj
 0001:000004c1       ??0KSwordOnLineSever@@QAE@XZ 004014c1 f   KSOServer.obj
 0001:00000723       ??1KSwordOnLineSever@@QAE@XZ 00401723 f   KSOServer.obj
 0001:00000778       ?Init@KSwordOnLineSever@@QAEHXZ 00401778 f   KSOServer.obj
 0001:00002108       ?Release@KSwordOnLineSever@@QAEXXZ 00403108 f   KSOServer.obj
 0001:00002522       ?Breathe@KSwordOnLineSever@@QAEHXZ 00403522 f   KSOServer.obj
 0001:00002e02       ?MessageLoop@KSwordOnLineSever@@AAEXXZ 00403e02 f   KSOServer.obj
 0001:0000316a       ?ChatMessageProcess@KSwordOnLineSever@@AAEXPBDI@Z 0040416a f   KSOServer.obj
 0001:000032c2       ?TongMessageProcess@KSwordOnLineSever@@AAEXPBDI@Z 004042c2 f   KSOServer.obj
 0001:00004656       ?ChatGroupMan@KSwordOnLineSever@@AAEXPBXI@Z 00405656 f   KSOServer.obj
 0001:000047a0       ?ChatSpecMan@KSwordOnLineSever@@AAEXPBXI@Z 004057a0 f   KSOServer.obj
 0001:00004832       ?DatabaseMessageProcess@KSwordOnLineSever@@AAEXPBDI@Z 00405832 f   KSOServer.obj
 0001:000048c7       ?DatabaseLargePackProcess@KSwordOnLineSever@@AAEXPBDI@Z 004058c7 f   KSOServer.obj
 0001:000049ac       ?TransferMessageProcess@KSwordOnLineSever@@AAEXPBDI@Z 004059ac f   KSOServer.obj
 0001:00004bc7       ?TransferLargePackProcess@KSwordOnLineSever@@AAEXPBXIPAVKTransferUnit@@@Z 00405bc7 f   KSOServer.obj
 0001:00004fe5       ?TransferSmallPackProcess@KSwordOnLineSever@@AAEXPBXIPAVKTransferUnit@@@Z 00405fe5 f   KSOServer.obj
 0001:00005926       ?PlayerMessageProcess@KSwordOnLineSever@@AAEXKPBDI@Z 00406926 f   KSOServer.obj
 0001:0000661c       ?GatewayMessageProcess@KSwordOnLineSever@@AAEXPBDI@Z 0040761c f   KSOServer.obj
 0001:00006689       ?GatewayLargePackProcess@KSwordOnLineSever@@AAEXPBXI@Z 00407689 f   KSOServer.obj
 0001:00006a2d       ?GatewaySmallPackProcess@KSwordOnLineSever@@AAEXPBXI@Z 00407a2d f   KSOServer.obj
 0001:00006c67       ?GatewayBoardCastProcess@KSwordOnLineSever@@AAEXPBDI@Z 00407c67 f   KSOServer.obj
 0001:00006d80       ?MainLoop@KSwordOnLineSever@@AAEXXZ 00407d80 f   KSOServer.obj
 0001:00006fa2       ?PingClient@KSwordOnLineSever@@AAEXK@Z 00407fa2 f   KSOServer.obj
 0001:00007019       ?ProcessPingReply@KSwordOnLineSever@@AAEXKPBDI@Z 00408019 f   KSOServer.obj
 0001:000070f9       ?SavePlayerData@KSwordOnLineSever@@AAEXXZ 004080f9 f   KSOServer.obj
 0001:000071b6       ?SavePlayerData@KSwordOnLineSever@@AAEHH_N@Z 004081b6 f   KSOServer.obj
 0001:000073ea       ?PlayerExchangeServer@KSwordOnLineSever@@AAEXXZ 004083ea f   KSOServer.obj
 0001:00007831       ?PlayerLogoutGateway@KSwordOnLineSever@@AAEXXZ 00408831 f   KSOServer.obj
 0001:00007c29       ?GetNetStatus@KSwordOnLineSever@@QAEHK@Z 00408c29 f   KSOServer.obj
 0001:00007c58       ?SetNetStatus@KSwordOnLineSever@@QAEXKW4NetStatus@@@Z 00408c58 f   KSOServer.obj
 0001:00007ebb       ?ProcessLoginProtocol@KSwordOnLineSever@@AAEHKPBDI@Z 00408ebb f   KSOServer.obj
 0001:00007f24       ?ExSpcritStarPlayer@KSwordOnLineSever@@AAEXH@Z 00408f24 f   KSOServer.obj
 0001:00007f58       ?ExSpcritStopPlayer@KSwordOnLineSever@@AAEXH@Z 00408f58 f   KSOServer.obj
 0001:00007f8c       ?KickAcountAndBlock@KSwordOnLineSever@@AAEXHPBD@Z 00408f8c f   KSOServer.obj
 0001:00007fc4       ?SendGameDataToClient@KSwordOnLineSever@@AAEHKH@Z 00408fc4 f   KSOServer.obj
 0001:00008114       ?ProcessSyncReplyProtocol@KSwordOnLineSever@@AAEHKPBDI@Z 00409114 f   KSOServer.obj
 0001:0000813d       ?ExitAllPlayer@KSwordOnLineSever@@AAEXXZ 0040913d f   KSOServer.obj
 0001:00008369       ?SetRunningStatus@KSwordOnLineSever@@QAEXH@Z 00409369 f   KSOServer.obj
 0001:00008382       ?SetRunningDataBase@KSwordOnLineSever@@QAEXH@Z 00409382 f   KSOServer.obj
 0001:0000839b       ?GetRunningDataBase@KSwordOnLineSever@@QAEHXZ 0040939b f   KSOServer.obj
 0001:000083af       ?SetRunningGateway@KSwordOnLineSever@@QAEXH@Z 004093af f   KSOServer.obj
 0001:000083c8       ?GetRunningGateway@KSwordOnLineSever@@QAEHXZ 004093c8 f   KSOServer.obj
 0001:000083dc       ?ConformAskWay@KSwordOnLineSever@@AAEHPBXHPAK@Z 004093dc f   KSOServer.obj
 0001:00008504       ?GetLocalIpAddress@KSwordOnLineSever@@AAEHPAK0@Z 00409504 f   KSOServer.obj
 0001:0000852c       ?TransferAskWayMessageProcess@KSwordOnLineSever@@AAEXPBDI@Z 0040952c f   KSOServer.obj
 0001:000087e2       ?TransferLoseWayMessageProcess@KSwordOnLineSever@@AAEXPBDI@Z 004097e2 f   KSOServer.obj
 0001:000089ef       ?ProcessPlayerTongMsg@KSwordOnLineSever@@AAEXKPBDI@Z 004099ef f   KSOServer.obj
 0001:00009347       ?CheckPlayerID@KSwordOnLineSever@@AAEHKK@Z 0040a347 f   KSOServer.obj
 0001:000093c3       ?ChangePortServer@KSwordOnLineSever@@AAEHGG@Z 0040a3c3 f   KSOServer.obj
 0001:000094b0       ??0CCriticalSection@Win32@OnlineGameLib@@QAE@XZ 0040a4b0 f i KSOServer.obj
 0001:000094d0       ??1CCriticalSection@Win32@OnlineGameLib@@QAE@XZ 0040a4d0 f i KSOServer.obj
 0001:000094f0       ??0Owner@CCriticalSection@Win32@OnlineGameLib@@QAE@AAV123@@Z 0040a4f0 f i KSOServer.obj
 0001:00009520       ?Enter@CCriticalSection@Win32@OnlineGameLib@@QAEXXZ 0040a520 f i KSOServer.obj
 0001:00009540       ??1Owner@CCriticalSection@Win32@OnlineGameLib@@QAE@XZ 0040a540 f i KSOServer.obj
 0001:00009560       ?Leave@CCriticalSection@Win32@OnlineGameLib@@QAEXXZ 0040a560 f i KSOServer.obj
 0001:00009580       ??1?$map@KPAVKTransferUnit@@U?$less@K@std@@V?$allocator@PAVKTransferUnit@@@3@@std@@QAE@XZ 0040a580 f i KSOServer.obj
 0001:000095a0       ?endl@std@@YAAAV?$basic_ostream@DU?$char_traits@D@std@@@1@AAV21@@Z 0040a5a0 f i KSOServer.obj
 0001:000095c0       ?GetProcAddress@CLibrary@Win32@OnlineGameLib@@QAEP6GHXZPBD@Z 0040a5c0 f i KSOServer.obj
 0001:000095e0       ??0GameStatus@@QAE@XZ      0040a5e0 f i KSOServer.obj
 0001:00009650       ??_H@YGXPAXIHP6EX0@Z@Z     0040a650 f i KSOServer.obj
 0001:00009680       ?Peek@CPackager@Win32@OnlineGameLib@@SAEPBXI@Z 0040a680 f i KSOServer.obj
 0001:000096a0       ?GetBuffer@CBuffer@Win32@OnlineGameLib@@QBEPBEXZ 0040a6a0 f i KSOServer.obj
 0001:000096c0       ?GetIp@KTransferUnit@@QAEKXZ 0040a6c0 f i KSOServer.obj
 0001:000096e0       ?GetRelayID@KTransferUnit@@QAEKXZ 0040a6e0 f i KSOServer.obj
 0001:00009700       ?GetUsed@CBuffer@Win32@OnlineGameLib@@QBEIXZ 0040a700 f i KSOServer.obj
 0001:00009720       ?gGetMacAndIPAddress@@YAHPAEPAK01KK@Z 0040a720 f i KSOServer.obj
 0001:00009a00       ??6?$basic_ostream@DU?$char_traits@D@std@@@std@@QAEAAV01@P6AAAV01@AAV01@@Z@Z 0040aa00 f i KSOServer.obj
 0001:00009a20       ??6?$basic_ostream@DU?$char_traits@D@std@@@std@@QAEAAV01@H@Z 0040aa20 f i KSOServer.obj
 0001:00009bf0       ??1locale@std@@QAE@XZ      0040abf0 f i KSOServer.obj
 0001:00009c40       ?_Decref@facet@locale@std@@QAEPAV123@XZ 0040ac40 f i KSOServer.obj
 0001:00009ca0       ?flags@ios_base@std@@QBEHXZ 0040aca0 f i KSOServer.obj
 0001:00009cc0       ?getloc@ios_base@std@@QBE?AVlocale@2@XZ 0040acc0 f i KSOServer.obj
 0001:00009d00       ??0locale@std@@QAE@ABV01@@Z 0040ad00 f i KSOServer.obj
 0001:00009d30       ?_Incref@facet@locale@std@@QAEXXZ 0040ad30 f i KSOServer.obj
 0001:00009d70       ??6?$basic_ostream@DU?$char_traits@D@std@@@std@@QAEAAV01@K@Z 0040ad70 f i KSOServer.obj
 0001:00009f00       ?put@?$basic_ostream@DU?$char_traits@D@std@@@std@@QAEAAV12@D@Z 0040af00 f i KSOServer.obj
 0001:0000a030       ?eq_int_type@?$char_traits@D@std@@SA_NABH0@Z 0040b030 f i KSOServer.obj
 0001:0000a050       ?eof@?$char_traits@D@std@@SAHXZ 0040b050 f i KSOServer.obj
 0001:0000a060       ?flush@?$basic_ostream@DU?$char_traits@D@std@@@std@@QAEAAV12@XZ 0040b060 f i KSOServer.obj
 0001:0000a0d0       ?fail@ios_base@std@@QBE_NXZ 0040b0d0 f i KSOServer.obj
 0001:0000a0f0       ?rdstate@ios_base@std@@QBEHXZ 0040b0f0 f i KSOServer.obj
 0001:0000a110       ?setstate@?$basic_ios@DU?$char_traits@D@std@@@std@@QAEXH_N@Z 0040b110 f i KSOServer.obj
 0001:0000a140       ?rdbuf@?$basic_ios@DU?$char_traits@D@std@@@std@@QBEPAV?$basic_streambuf@DU?$char_traits@D@std@@@2@XZ 0040b140 f i KSOServer.obj
 0001:0000a160       ??0?$map@KPAVKTransferUnit@@U?$less@K@std@@V?$allocator@PAVKTransferUnit@@@3@@std@@QAE@ABU?$less@K@1@ABV?$allocator@PAVKTransferUnit@@@1@@Z 0040b160 f i KSOServer.obj
 0001:0000a190       ?begin@?$map@KPAVKTransferUnit@@U?$less@K@std@@V?$allocator@PAVKTransferUnit@@@3@@std@@QAE?AViterator@?$_Tree@KU?$pair@$$CBKPAVKTransferUnit@@@std@@U_Kfn@?$map@KPAVKTransferUnit@@U?$less@K@std@@V?$allocator@PAVKTransferUnit@@@3@@2@U?$less@K@2@V?$allocator@PAVKTransferUnit@@@2@@2@XZ 0040b190 f i KSOServer.obj
 0001:0000a1c0       ?end@?$map@KPAVKTransferUnit@@U?$less@K@std@@V?$allocator@PAVKTransferUnit@@@3@@std@@QAE?AViterator@?$_Tree@KU?$pair@$$CBKPAVKTransferUnit@@@std@@U_Kfn@?$map@KPAVKTransferUnit@@U?$less@K@std@@V?$allocator@PAVKTransferUnit@@@3@@2@U?$less@K@2@V?$allocator@PAVKTransferUnit@@@2@@2@XZ 0040b1c0 f i KSOServer.obj
 0001:0000a1f0       ?insert@?$map@KPAVKTransferUnit@@U?$less@K@std@@V?$allocator@PAVKTransferUnit@@@3@@std@@QAE?AU?$pair@Viterator@?$_Tree@KU?$pair@$$CBKPAVKTransferUnit@@@std@@U_Kfn@?$map@KPAVKTransferUnit@@U?$less@K@std@@V?$allocator@PAVKTransferUnit@@@3@@2@U?$less@K@2@V?$allocator@PAVKTransferUnit@@@2@@std@@_N@2@ABU?$pair@$$CBKPAVKTransferUnit@@@2@@Z 0040b1f0 f i KSOServer.obj
 0001:0000a240       ?clear@?$map@KPAVKTransferUnit@@U?$less@K@std@@V?$allocator@PAVKTransferUnit@@@3@@std@@QAEXXZ 0040b240 f i KSOServer.obj
 0001:0000a260       ?find@?$map@KPAVKTransferUnit@@U?$less@K@std@@V?$allocator@PAVKTransferUnit@@@3@@std@@QAE?AViterator@?$_Tree@KU?$pair@$$CBKPAVKTransferUnit@@@std@@U_Kfn@?$map@KPAVKTransferUnit@@U?$less@K@std@@V?$allocator@PAVKTransferUnit@@@3@@2@U?$less@K@2@V?$allocator@PAVKTransferUnit@@@2@@2@ABK@Z 0040b260 f i KSOServer.obj
 0001:0000a290       ??1?$_Tree@KU?$pair@$$CBKPAVKTransferUnit@@@std@@U_Kfn@?$map@KPAVKTransferUnit@@U?$less@K@std@@V?$allocator@PAVKTransferUnit@@@3@@2@U?$less@K@2@V?$allocator@PAVKTransferUnit@@@2@@std@@QAE@XZ 0040b290 f i KSOServer.obj
 0001:0000a360       ??0?$pair@$$CBKPAVKTransferUnit@@@std@@QAE@ABKABQAVKTransferUnit@@@Z 0040b360 f i KSOServer.obj
 0001:0000a390       ??0iterator@?$_Tree@KU?$pair@$$CBKPAVKTransferUnit@@@std@@U_Kfn@?$map@KPAVKTransferUnit@@U?$less@K@std@@V?$allocator@PAVKTransferUnit@@@3@@2@U?$less@K@2@V?$allocator@PAVKTransferUnit@@@2@@std@@QAE@XZ 0040b390 f i KSOServer.obj
 0001:0000a3b0       ??Diterator@?$_Tree@KU?$pair@$$CBKPAVKTransferUnit@@@std@@U_Kfn@?$map@KPAVKTransferUnit@@U?$less@K@std@@V?$allocator@PAVKTransferUnit@@@3@@2@U?$less@K@2@V?$allocator@PAVKTransferUnit@@@2@@std@@QBEAAU?$pair@$$CBKPAVKTransferUnit@@@2@XZ 0040b3b0 f i KSOServer.obj
 0001:0000a3d0       ??Eiterator@?$_Tree@KU?$pair@$$CBKPAVKTransferUnit@@@std@@U_Kfn@?$map@KPAVKTransferUnit@@U?$less@K@std@@V?$allocator@PAVKTransferUnit@@@3@@2@U?$less@K@2@V?$allocator@PAVKTransferUnit@@@2@@std@@QAE?AV012@H@Z 0040b3d0 f i KSOServer.obj
 0001:0000a400       ??9iterator@?$_Tree@KU?$pair@$$CBKPAVKTransferUnit@@@std@@U_Kfn@?$map@KPAVKTransferUnit@@U?$less@K@std@@V?$allocator@PAVKTransferUnit@@@3@@2@U?$less@K@2@V?$allocator@PAVKTransferUnit@@@2@@std@@QBE_NABV012@@Z 0040b400 f i KSOServer.obj
 0001:0000a430       ?clear@?$basic_ios@DU?$char_traits@D@std@@@std@@QAEXH_N@Z 0040b430 f i KSOServer.obj
 0001:0000a470       ?fill@?$basic_ios@DU?$char_traits@D@std@@@std@@QBEDXZ 0040b470 f i KSOServer.obj
 0001:0000a490       ??0sentry@?$basic_ostream@DU?$char_traits@D@std@@@std@@QAE@AAV12@@Z 0040b490 f i KSOServer.obj
 0001:0000a4c0       ??1sentry@?$basic_ostream@DU?$char_traits@D@std@@@std@@QAE@XZ 0040b4c0 f i KSOServer.obj
 0001:0000a4f0       ??Bsentry@?$basic_ostream@DU?$char_traits@D@std@@@std@@QBE_NXZ 0040b4f0 f i KSOServer.obj
 0001:0000a500       ?pubsync@?$basic_streambuf@DU?$char_traits@D@std@@@std@@QAEHXZ 0040b500 f i KSOServer.obj
 0001:0000a520       ?sputc@?$basic_streambuf@DU?$char_traits@D@std@@@std@@QAEHD@Z 0040b520 f i KSOServer.obj
 0001:0000a5a0       ?to_int_type@?$char_traits@D@std@@SAHABD@Z 0040b5a0 f i KSOServer.obj
 0001:0000a5b0       ?pptr@?$basic_streambuf@DU?$char_traits@D@std@@@std@@IBEPADXZ 0040b5b0 f i KSOServer.obj
 0001:0000a5d0       ?epptr@?$basic_streambuf@DU?$char_traits@D@std@@@std@@IBEPADXZ 0040b5d0 f i KSOServer.obj
 0001:0000a5f0       ?_Value@?$_Tree@KU?$pair@$$CBKPAVKTransferUnit@@@std@@U_Kfn@?$map@KPAVKTransferUnit@@U?$less@K@std@@V?$allocator@PAVKTransferUnit@@@3@@2@U?$less@K@2@V?$allocator@PAVKTransferUnit@@@2@@std@@KAAAU?$pair@$$CBKPAVKTransferUnit@@@2@PAU_Node@12@@Z 0040b5f0 f i KSOServer.obj
 0001:0000a600       ??0?$_Tree@KU?$pair@$$CBKPAVKTransferUnit@@@std@@U_Kfn@?$map@KPAVKTransferUnit@@U?$less@K@std@@V?$allocator@PAVKTransferUnit@@@3@@2@U?$less@K@2@V?$allocator@PAVKTransferUnit@@@2@@std@@QAE@ABU?$less@K@1@_NABV?$allocator@PAVKTransferUnit@@@1@@Z 0040b600 f i KSOServer.obj
 0001:0000a640       ?begin@?$_Tree@KU?$pair@$$CBKPAVKTransferUnit@@@std@@U_Kfn@?$map@KPAVKTransferUnit@@U?$less@K@std@@V?$allocator@PAVKTransferUnit@@@3@@2@U?$less@K@2@V?$allocator@PAVKTransferUnit@@@2@@std@@QAE?AViterator@12@XZ 0040b640 f i KSOServer.obj
 0001:0000a670       ?end@?$_Tree@KU?$pair@$$CBKPAVKTransferUnit@@@std@@U_Kfn@?$map@KPAVKTransferUnit@@U?$less@K@std@@V?$allocator@PAVKTransferUnit@@@3@@2@U?$less@K@2@V?$allocator@PAVKTransferUnit@@@2@@std@@QAE?AViterator@12@XZ 0040b670 f i KSOServer.obj
 0001:0000a6a0       ?insert@?$_Tree@KU?$pair@$$CBKPAVKTransferUnit@@@std@@U_Kfn@?$map@KPAVKTransferUnit@@U?$less@K@std@@V?$allocator@PAVKTransferUnit@@@3@@2@U?$less@K@2@V?$allocator@PAVKTransferUnit@@@2@@std@@QAE?AU?$pair@Viterator@?$_Tree@KU?$pair@$$CBKPAVKTransferUnit@@@std@@U_Kfn@?$map@KPAVKTransferUnit@@U?$less@K@std@@V?$allocator@PAVKTransferUnit@@@3@@2@U?$less@K@2@V?$allocator@PAVKTransferUnit@@@2@@std@@_N@2@ABU?$pair@$$CBKPAVKTransferUnit@@@2@@Z 0040b6a0 f i KSOServer.obj
 0001:0000a8e0       ?erase@?$_Tree@KU?$pair@$$CBKPAVKTransferUnit@@@std@@U_Kfn@?$map@KPAVKTransferUnit@@U?$less@K@std@@V?$allocator@PAVKTransferUnit@@@3@@2@U?$less@K@2@V?$allocator@PAVKTransferUnit@@@2@@std@@QAE?AViterator@12@V312@0@Z 0040b8e0 f i KSOServer.obj
 0001:0000aa20       ?clear@?$_Tree@KU?$pair@$$CBKPAVKTransferUnit@@@std@@U_Kfn@?$map@KPAVKTransferUnit@@U?$less@K@std@@V?$allocator@PAVKTransferUnit@@@3@@2@U?$less@K@2@V?$allocator@PAVKTransferUnit@@@2@@std@@QAEXXZ 0040ba20 f i KSOServer.obj
 0001:0000aa60       ?find@?$_Tree@KU?$pair@$$CBKPAVKTransferUnit@@@std@@U_Kfn@?$map@KPAVKTransferUnit@@U?$less@K@std@@V?$allocator@PAVKTransferUnit@@@3@@2@U?$less@K@2@V?$allocator@PAVKTransferUnit@@@2@@std@@QAE?AViterator@12@ABK@Z 0040ba60 f i KSOServer.obj
 0001:0000ab00       ?_Freenode@?$_Tree@KU?$pair@$$CBKPAVKTransferUnit@@@std@@U_Kfn@?$map@KPAVKTransferUnit@@U?$less@K@std@@V?$allocator@PAVKTransferUnit@@@3@@2@U?$less@K@2@V?$allocator@PAVKTransferUnit@@@2@@std@@IAEXPAU_Node@12@@Z 0040bb00 f i KSOServer.obj
 0001:0000ab20       ??0const_iterator@?$_Tree@KU?$pair@$$CBKPAVKTransferUnit@@@std@@U_Kfn@?$map@KPAVKTransferUnit@@U?$less@K@std@@V?$allocator@PAVKTransferUnit@@@3@@2@U?$less@K@2@V?$allocator@PAVKTransferUnit@@@2@@std@@QAE@XZ 0040bb20 f i KSOServer.obj
 0001:0000ab30       ??Eiterator@?$_Tree@KU?$pair@$$CBKPAVKTransferUnit@@@std@@U_Kfn@?$map@KPAVKTransferUnit@@U?$less@K@std@@V?$allocator@PAVKTransferUnit@@@3@@2@U?$less@K@2@V?$allocator@PAVKTransferUnit@@@2@@std@@QAEAAV012@XZ 0040bb30 f i KSOServer.obj
 0001:0000ab50       ??8iterator@?$_Tree@KU?$pair@$$CBKPAVKTransferUnit@@@std@@U_Kfn@?$map@KPAVKTransferUnit@@U?$less@K@std@@V?$allocator@PAVKTransferUnit@@@3@@2@U?$less@K@2@V?$allocator@PAVKTransferUnit@@@2@@std@@QBE_NABV012@@Z 0040bb50 f i KSOServer.obj
 0001:0000ab70       ??0?$pair@Viterator@?$_Tree@KU?$pair@$$CBKPAVKTransferUnit@@@std@@U_Kfn@?$map@KPAVKTransferUnit@@U?$less@K@std@@V?$allocator@PAVKTransferUnit@@@3@@2@U?$less@K@2@V?$allocator@PAVKTransferUnit@@@2@@std@@_N@std@@QAE@ABViterator@?$_Tree@KU?$pair@$$CBKPAVKTransferUnit@@@std@@U_Kfn@?$map@KPAVKTransferUnit@@U?$less@K@std@@V?$allocator@PAVKTransferUnit@@@3@@2@U?$less@K@2@V?$allocator@PAVKTransferUnit@@@2@@1@AB_N@Z 0040bb70 f i KSOServer.obj
 0001:0000aba0       ?put@?$num_put@DV?$ostreambuf_iterator@DU?$char_traits@D@std@@@std@@@std@@QBE?AV?$ostreambuf_iterator@DU?$char_traits@D@std@@@2@V32@AAVios_base@2@DJ@Z 0040bba0 f i KSOServer.obj
 0001:0000abf0       ?put@?$num_put@DV?$ostreambuf_iterator@DU?$char_traits@D@std@@@std@@@std@@QBE?AV?$ostreambuf_iterator@DU?$char_traits@D@std@@@2@V32@AAVios_base@2@DK@Z 0040bbf0 f i KSOServer.obj
 0001:0000ac40       ??0?$ostreambuf_iterator@DU?$char_traits@D@std@@@std@@QAE@PAV?$basic_streambuf@DU?$char_traits@D@std@@@1@@Z 0040bc40 f i KSOServer.obj
 0001:0000ac60       ?failed@?$ostreambuf_iterator@DU?$char_traits@D@std@@@std@@QBE_NXZ 0040bc60 f i KSOServer.obj
 0001:0000ac70       ?opfx@?$basic_ostream@DU?$char_traits@D@std@@@std@@QAE_NXZ 0040bc70 f i KSOServer.obj
 0001:0000ace0       ?good@ios_base@std@@QBE_NXZ 0040bce0 f i KSOServer.obj
 0001:0000ad00       ?osfx@?$basic_ostream@DU?$char_traits@D@std@@@std@@QAEXXZ 0040bd00 f i KSOServer.obj
 0001:0000ad30       ?tie@?$basic_ios@DU?$char_traits@D@std@@@std@@QBEPAV?$basic_ostream@DU?$char_traits@D@std@@@2@XZ 0040bd30 f i KSOServer.obj
 0001:0000ad50       ?_Pninc@?$basic_streambuf@DU?$char_traits@D@std@@@std@@IAEPADXZ 0040bd50 f i KSOServer.obj
 0001:0000ad90       ??R_Kfn@?$map@KPAVKTransferUnit@@U?$less@K@std@@V?$allocator@PAVKTransferUnit@@@3@@std@@QBEABKABU?$pair@$$CBKPAVKTransferUnit@@@2@@Z 0040bd90 f i KSOServer.obj
 0001:0000ada0       ??R?$less@K@std@@QBE_NABK0@Z 0040bda0 f i KSOServer.obj
 0001:0000adc0       ?deallocate@?$allocator@PAVKTransferUnit@@@std@@QAEXPAXI@Z 0040bdc0 f i KSOServer.obj
 0001:0000ade0       ?_Key@?$_Tree@KU?$pair@$$CBKPAVKTransferUnit@@@std@@U_Kfn@?$map@KPAVKTransferUnit@@U?$less@K@std@@V?$allocator@PAVKTransferUnit@@@3@@2@U?$less@K@2@V?$allocator@PAVKTransferUnit@@@2@@std@@KAABKPAU_Node@12@@Z 0040bde0 f i KSOServer.obj
 0001:0000ae00       ?_Left@?$_Tree@KU?$pair@$$CBKPAVKTransferUnit@@@std@@U_Kfn@?$map@KPAVKTransferUnit@@U?$less@K@std@@V?$allocator@PAVKTransferUnit@@@3@@2@U?$less@K@2@V?$allocator@PAVKTransferUnit@@@2@@std@@KAAAPAU_Node@12@PAU312@@Z 0040be00 f i KSOServer.obj
 0001:0000ae10       ?_Right@?$_Tree@KU?$pair@$$CBKPAVKTransferUnit@@@std@@U_Kfn@?$map@KPAVKTransferUnit@@U?$less@K@std@@V?$allocator@PAVKTransferUnit@@@3@@2@U?$less@K@2@V?$allocator@PAVKTransferUnit@@@2@@std@@KAAAPAU_Node@12@PAU312@@Z 0040be10 f i KSOServer.obj
 0001:0000ae20       ?size@?$_Tree@KU?$pair@$$CBKPAVKTransferUnit@@@std@@U_Kfn@?$map@KPAVKTransferUnit@@U?$less@K@std@@V?$allocator@PAVKTransferUnit@@@3@@2@U?$less@K@2@V?$allocator@PAVKTransferUnit@@@2@@std@@QBEIXZ 0040be20 f i KSOServer.obj
 0001:0000ae40       ?erase@?$_Tree@KU?$pair@$$CBKPAVKTransferUnit@@@std@@U_Kfn@?$map@KPAVKTransferUnit@@U?$less@K@std@@V?$allocator@PAVKTransferUnit@@@3@@2@U?$less@K@2@V?$allocator@PAVKTransferUnit@@@2@@std@@QAE?AViterator@12@V312@@Z 0040be40 f i KSOServer.obj
 0001:0000b690       ?lower_bound@?$_Tree@KU?$pair@$$CBKPAVKTransferUnit@@@std@@U_Kfn@?$map@KPAVKTransferUnit@@U?$less@K@std@@V?$allocator@PAVKTransferUnit@@@3@@2@U?$less@K@2@V?$allocator@PAVKTransferUnit@@@2@@std@@QAE?AViterator@12@ABK@Z 0040c690 f i KSOServer.obj
 0001:0000b6c0       ?_Erase@?$_Tree@KU?$pair@$$CBKPAVKTransferUnit@@@std@@U_Kfn@?$map@KPAVKTransferUnit@@U?$less@K@std@@V?$allocator@PAVKTransferUnit@@@3@@2@U?$less@K@2@V?$allocator@PAVKTransferUnit@@@2@@std@@IAEXPAU_Node@12@@Z 0040c6c0 f i KSOServer.obj
 0001:0000b770       ?_Init@?$_Tree@KU?$pair@$$CBKPAVKTransferUnit@@@std@@U_Kfn@?$map@KPAVKTransferUnit@@U?$less@K@std@@V?$allocator@PAVKTransferUnit@@@3@@2@U?$less@K@2@V?$allocator@PAVKTransferUnit@@@2@@std@@IAEXXZ 0040c770 f i KSOServer.obj
 0001:0000b850       ?_Insert@?$_Tree@KU?$pair@$$CBKPAVKTransferUnit@@@std@@U_Kfn@?$map@KPAVKTransferUnit@@U?$less@K@std@@V?$allocator@PAVKTransferUnit@@@3@@2@U?$less@K@2@V?$allocator@PAVKTransferUnit@@@2@@std@@IAE?AViterator@12@PAU_Node@12@0ABU?$pair@$$CBKPAVKTransferUnit@@@2@@Z 0040c850 f i KSOServer.obj
 0001:0000bd20       ?_Lmost@?$_Tree@KU?$pair@$$CBKPAVKTransferUnit@@@std@@U_Kfn@?$map@KPAVKTransferUnit@@U?$less@K@std@@V?$allocator@PAVKTransferUnit@@@3@@2@U?$less@K@2@V?$allocator@PAVKTransferUnit@@@2@@std@@IAEAAPAU_Node@12@XZ 0040cd20 f i KSOServer.obj
 0001:0000bd40       ?_Rmost@?$_Tree@KU?$pair@$$CBKPAVKTransferUnit@@@std@@U_Kfn@?$map@KPAVKTransferUnit@@U?$less@K@std@@V?$allocator@PAVKTransferUnit@@@3@@2@U?$less@K@2@V?$allocator@PAVKTransferUnit@@@2@@std@@IAEAAPAU_Node@12@XZ 0040cd40 f i KSOServer.obj
 0001:0000bd60       ?_Root@?$_Tree@KU?$pair@$$CBKPAVKTransferUnit@@@std@@U_Kfn@?$map@KPAVKTransferUnit@@U?$less@K@std@@V?$allocator@PAVKTransferUnit@@@3@@2@U?$less@K@2@V?$allocator@PAVKTransferUnit@@@2@@std@@IAEAAPAU_Node@12@XZ 0040cd60 f i KSOServer.obj
 0001:0000bd80       ?_Inc@const_iterator@?$_Tree@KU?$pair@$$CBKPAVKTransferUnit@@@std@@U_Kfn@?$map@KPAVKTransferUnit@@U?$less@K@std@@V?$allocator@PAVKTransferUnit@@@3@@2@U?$less@K@2@V?$allocator@PAVKTransferUnit@@@2@@std@@QAEXXZ 0040cd80 f i KSOServer.obj
 0001:0000be60       ?_Mynode@const_iterator@?$_Tree@KU?$pair@$$CBKPAVKTransferUnit@@@std@@U_Kfn@?$map@KPAVKTransferUnit@@U?$less@K@std@@V?$allocator@PAVKTransferUnit@@@3@@2@U?$less@K@2@V?$allocator@PAVKTransferUnit@@@2@@std@@QBEPAU_Node@23@XZ 0040ce60 f i KSOServer.obj
 0001:0000be70       ??0iterator@?$_Tree@KU?$pair@$$CBKPAVKTransferUnit@@@std@@U_Kfn@?$map@KPAVKTransferUnit@@U?$less@K@std@@V?$allocator@PAVKTransferUnit@@@3@@2@U?$less@K@2@V?$allocator@PAVKTransferUnit@@@2@@std@@QAE@PAU_Node@12@@Z 0040ce70 f i KSOServer.obj
 0001:0000be90       ??Fiterator@?$_Tree@KU?$pair@$$CBKPAVKTransferUnit@@@std@@U_Kfn@?$map@KPAVKTransferUnit@@U?$less@K@std@@V?$allocator@PAVKTransferUnit@@@3@@2@U?$less@K@2@V?$allocator@PAVKTransferUnit@@@2@@std@@QAEAAV012@XZ 0040ce90 f i KSOServer.obj
 0001:0000beb0       ?_Color@?$_Tree@KU?$pair@$$CBKPAVKTransferUnit@@@std@@U_Kfn@?$map@KPAVKTransferUnit@@U?$less@K@std@@V?$allocator@PAVKTransferUnit@@@3@@2@U?$less@K@2@V?$allocator@PAVKTransferUnit@@@2@@std@@KAAAW4_Redbl@12@PAU_Node@12@@Z 0040ceb0 f i KSOServer.obj
 0001:0000bec0       ?_Parent@?$_Tree@KU?$pair@$$CBKPAVKTransferUnit@@@std@@U_Kfn@?$map@KPAVKTransferUnit@@U?$less@K@std@@V?$allocator@PAVKTransferUnit@@@3@@2@U?$less@K@2@V?$allocator@PAVKTransferUnit@@@2@@std@@KAAAPAU_Node@12@PAU312@@Z 0040cec0 f i KSOServer.obj
 0001:0000bed0       ?_Lbound@?$_Tree@KU?$pair@$$CBKPAVKTransferUnit@@@std@@U_Kfn@?$map@KPAVKTransferUnit@@U?$less@K@std@@V?$allocator@PAVKTransferUnit@@@3@@2@U?$less@K@2@V?$allocator@PAVKTransferUnit@@@2@@std@@IBEPAU_Node@12@ABK@Z 0040ced0 f i KSOServer.obj
 0001:0000bfa0       ?_Lrotate@?$_Tree@KU?$pair@$$CBKPAVKTransferUnit@@@std@@U_Kfn@?$map@KPAVKTransferUnit@@U?$less@K@std@@V?$allocator@PAVKTransferUnit@@@3@@2@U?$less@K@2@V?$allocator@PAVKTransferUnit@@@2@@std@@IAEXPAU_Node@12@@Z 0040cfa0 f i KSOServer.obj
 0001:0000c110       ?_Max@?$_Tree@KU?$pair@$$CBKPAVKTransferUnit@@@std@@U_Kfn@?$map@KPAVKTransferUnit@@U?$less@K@std@@V?$allocator@PAVKTransferUnit@@@3@@2@U?$less@K@2@V?$allocator@PAVKTransferUnit@@@2@@std@@KAPAU_Node@12@PAU312@@Z 0040d110 f i KSOServer.obj
 0001:0000c190       ?_Min@?$_Tree@KU?$pair@$$CBKPAVKTransferUnit@@@std@@U_Kfn@?$map@KPAVKTransferUnit@@U?$less@K@std@@V?$allocator@PAVKTransferUnit@@@3@@2@U?$less@K@2@V?$allocator@PAVKTransferUnit@@@2@@std@@KAPAU_Node@12@PAU312@@Z 0040d190 f i KSOServer.obj
 0001:0000c210       ?_Rrotate@?$_Tree@KU?$pair@$$CBKPAVKTransferUnit@@@std@@U_Kfn@?$map@KPAVKTransferUnit@@U?$less@K@std@@V?$allocator@PAVKTransferUnit@@@3@@2@U?$less@K@2@V?$allocator@PAVKTransferUnit@@@2@@std@@IAEXPAU_Node@12@@Z 0040d210 f i KSOServer.obj
 0001:0000c380       ?_Buynode@?$_Tree@KU?$pair@$$CBKPAVKTransferUnit@@@std@@U_Kfn@?$map@KPAVKTransferUnit@@U?$less@K@std@@V?$allocator@PAVKTransferUnit@@@3@@2@U?$less@K@2@V?$allocator@PAVKTransferUnit@@@2@@std@@IAEPAU_Node@12@PAU312@W4_Redbl@12@@Z 0040d380 f i KSOServer.obj
 0001:0000c3d0       ?_Consval@?$_Tree@KU?$pair@$$CBKPAVKTransferUnit@@@std@@U_Kfn@?$map@KPAVKTransferUnit@@U?$less@K@std@@V?$allocator@PAVKTransferUnit@@@3@@2@U?$less@K@2@V?$allocator@PAVKTransferUnit@@@2@@std@@IAEXPAU?$pair@$$CBKPAVKTransferUnit@@@2@ABU32@@Z 0040d3d0 f i KSOServer.obj
 0001:0000c3f0       ?_Destval@?$_Tree@KU?$pair@$$CBKPAVKTransferUnit@@@std@@U_Kfn@?$map@KPAVKTransferUnit@@U?$less@K@std@@V?$allocator@PAVKTransferUnit@@@3@@2@U?$less@K@2@V?$allocator@PAVKTransferUnit@@@2@@std@@IAEXPAU?$pair@$$CBKPAVKTransferUnit@@@2@@Z 0040d3f0 f i KSOServer.obj
 0001:0000c410       ??0const_iterator@?$_Tree@KU?$pair@$$CBKPAVKTransferUnit@@@std@@U_Kfn@?$map@KPAVKTransferUnit@@U?$less@K@std@@V?$allocator@PAVKTransferUnit@@@3@@2@U?$less@K@2@V?$allocator@PAVKTransferUnit@@@2@@std@@QAE@PAU_Node@12@@Z 0040d410 f i KSOServer.obj
 0001:0000c430       ?_Dec@const_iterator@?$_Tree@KU?$pair@$$CBKPAVKTransferUnit@@@std@@U_Kfn@?$map@KPAVKTransferUnit@@U?$less@K@std@@V?$allocator@PAVKTransferUnit@@@3@@2@U?$less@K@2@V?$allocator@PAVKTransferUnit@@@2@@std@@QAEXXZ 0040d430 f i KSOServer.obj
 0001:0000c540       ?_Charalloc@?$allocator@PAVKTransferUnit@@@std@@QAEPADI@Z 0040d540 f i KSOServer.obj
 0001:0000c560       ?_Root@?$_Tree@KU?$pair@$$CBKPAVKTransferUnit@@@std@@U_Kfn@?$map@KPAVKTransferUnit@@U?$less@K@std@@V?$allocator@PAVKTransferUnit@@@3@@2@U?$less@K@2@V?$allocator@PAVKTransferUnit@@@2@@std@@IBEAAPAU_Node@12@XZ 0040d560 f i KSOServer.obj
 0001:0000c580       ??6std@@YAAAV?$basic_ostream@DU?$char_traits@D@std@@@0@AAV10@PBD@Z 0040d580 f i KSOServer.obj
 0001:0000c840       ?length@?$char_traits@D@std@@SAIPBD@Z 0040d840 f i KSOServer.obj
 0001:0000c860       ?width@ios_base@std@@QBEHXZ 0040d860 f i KSOServer.obj
 0001:0000c880       ?width@ios_base@std@@QAEHH@Z 0040d880 f i KSOServer.obj
 0001:0000c8b0       ?use_facet@std@@YAABV?$num_put@DV?$ostreambuf_iterator@DU?$char_traits@D@std@@@std@@@1@ABVlocale@1@PBV21@_N@Z 0040d8b0 f i KSOServer.obj
 0001:0000c9d0       ??0bad_cast@std@@QAE@PBD@Z 0040d9d0 f i KSOServer.obj
 0001:0000ca00       ??1bad_cast@std@@UAE@XZ    0040da00 f i KSOServer.obj
 0001:0000ca20       ?_Doraise@bad_cast@std@@MBEXXZ 0040da20 f i KSOServer.obj
 0001:0000ca50       ??_Gbad_cast@std@@UAEPAXI@Z 0040da50 f i KSOServer.obj
 0001:0000ca50       ??_Ebad_cast@std@@UAEPAXI@Z 0040da50 f i KSOServer.obj
 0001:0000ca80       ??0bad_cast@std@@QAE@ABV01@@Z 0040da80 f i KSOServer.obj
 0001:0000cab0       ??Bid@locale@std@@QAEIXZ   0040dab0 f i KSOServer.obj
 0001:0000cb00       ?swap@std@@YAXAAW4_Redbl@?$_Tree@KU?$pair@$$CBKPAVKTransferUnit@@@std@@U_Kfn@?$map@KPAVKTransferUnit@@U?$less@K@std@@V?$allocator@PAVKTransferUnit@@@3@@2@U?$less@K@2@V?$allocator@PAVKTransferUnit@@@2@@1@0@Z 0040db00 f i KSOServer.obj
 0001:0000cb30       ?_Construct@std@@YAXPAU?$pair@$$CBKPAVKTransferUnit@@@1@ABU21@@Z 0040db30 f i KSOServer.obj
 0001:0000cb70       ??2@YAPAXIPAX@Z            0040db70 f i KSOServer.obj
 0001:0000cb80       ?_Destroy@std@@YAXPAU?$pair@$$CBKPAVKTransferUnit@@@1@@Z 0040db80 f i KSOServer.obj
 0001:0000cb90       ?_Allocate@std@@YAPADHPAD@Z 0040db90 f i KSOServer.obj
 0001:0000cbb0       ?sputn@?$basic_streambuf@DU?$char_traits@D@std@@@std@@QAEHPBDH@Z 0040dbb0 f i KSOServer.obj
 0001:0000cbd0       ??0?$num_put@DV?$ostreambuf_iterator@DU?$char_traits@D@std@@@std@@@std@@QAE@I@Z 0040dbd0 f i KSOServer.obj
 0001:0000cc60       ??1facet@locale@std@@UAE@XZ 0040dc60 f i KSOServer.obj
 0001:0000cc80       ??0facet@locale@std@@IAE@I@Z 0040dc80 f i KSOServer.obj
 0001:0000ccb0       ??_Gfacet@locale@std@@UAEPAXI@Z 0040dcb0 f i KSOServer.obj
 0001:0000ccb0       ??_Efacet@locale@std@@UAEPAXI@Z 0040dcb0 f i KSOServer.obj
 0001:0000cce0       ?do_put@?$num_put@DV?$ostreambuf_iterator@DU?$char_traits@D@std@@@std@@@std@@MBE?AV?$ostreambuf_iterator@DU?$char_traits@D@std@@@2@V32@AAVios_base@2@D_N@Z 0040dce0 f i KSOServer.obj
 0001:0000cf20       ??1?$basic_string@DU?$char_traits@D@std@@V?$allocator@D@2@@std@@QAE@XZ 0040df20 f i KSOServer.obj
 0001:0000cf40       ?c_str@?$basic_string@DU?$char_traits@D@std@@V?$allocator@D@2@@std@@QBEPBDXZ 0040df40 f i KSOServer.obj
 0001:0000cf70       ?size@?$basic_string@DU?$char_traits@D@std@@V?$allocator@D@2@@std@@QBEIXZ 0040df70 f i KSOServer.obj
 0001:0000cf90       ?_Nullstr@?$basic_string@DU?$char_traits@D@std@@V?$allocator@D@2@@std@@CAPBDXZ 0040df90 f i KSOServer.obj
 0001:0000cfa0       ?_Tidy@?$basic_string@DU?$char_traits@D@std@@V?$allocator@D@2@@std@@AAEX_N@Z 0040dfa0 f i KSOServer.obj
 0001:0000d060       ?do_put@?$num_put@DV?$ostreambuf_iterator@DU?$char_traits@D@std@@@std@@@std@@MBE?AV?$ostreambuf_iterator@DU?$char_traits@D@std@@@2@V32@AAVios_base@2@DJ@Z 0040e060 f i KSOServer.obj
 0001:0000d0d0       ?do_put@?$num_put@DV?$ostreambuf_iterator@DU?$char_traits@D@std@@@std@@@std@@MBE?AV?$ostreambuf_iterator@DU?$char_traits@D@std@@@2@V32@AAVios_base@2@DK@Z 0040e0d0 f i KSOServer.obj
 0001:0000d140       ?do_put@?$num_put@DV?$ostreambuf_iterator@DU?$char_traits@D@std@@@std@@@std@@MBE?AV?$ostreambuf_iterator@DU?$char_traits@D@std@@@2@V32@AAVios_base@2@DN@Z 0040e140 f i KSOServer.obj
 0001:0000d210       ?precision@ios_base@std@@QBEHXZ 0040e210 f i KSOServer.obj
 0001:0000d230       ?do_put@?$num_put@DV?$ostreambuf_iterator@DU?$char_traits@D@std@@@std@@@std@@MBE?AV?$ostreambuf_iterator@DU?$char_traits@D@std@@@2@V32@AAVios_base@2@DO@Z 0040e230 f i KSOServer.obj
 0001:0000d300       ?do_put@?$num_put@DV?$ostreambuf_iterator@DU?$char_traits@D@std@@@std@@@std@@MBE?AV?$ostreambuf_iterator@DU?$char_traits@D@std@@@2@V32@AAVios_base@2@DPBX@Z 0040e300 f i KSOServer.obj
 0001:0000d410       ??_G?$num_put@DV?$ostreambuf_iterator@DU?$char_traits@D@std@@@std@@@std@@UAEPAXI@Z 0040e410 f i KSOServer.obj
 0001:0000d410       ??_E?$num_put@DV?$ostreambuf_iterator@DU?$char_traits@D@std@@@std@@@std@@UAEPAXI@Z 0040e410 f i KSOServer.obj
 0001:0000d440       ??1?$num_put@DV?$ostreambuf_iterator@DU?$char_traits@D@std@@@std@@@std@@UAE@XZ 0040e440 f i KSOServer.obj
 0001:0000d460       ??0?$basic_string@DU?$char_traits@D@std@@V?$allocator@D@2@@std@@QAE@ABV?$allocator@D@1@@Z 0040e460 f i KSOServer.obj
 0001:0000d490       ??4?$basic_string@DU?$char_traits@D@std@@V?$allocator@D@2@@std@@QAEAAV01@ABV01@@Z 0040e490 f i KSOServer.obj
 0001:0000d4b0       ?append@?$basic_string@DU?$char_traits@D@std@@V?$allocator@D@2@@std@@QAEAAV12@ID@Z 0040e4b0 f i KSOServer.obj
 0001:0000d530       ?assign@?$char_traits@D@std@@SAPADPADIABD@Z 0040e530 f i KSOServer.obj
 0001:0000d550       ?_Eos@?$basic_string@DU?$char_traits@D@std@@V?$allocator@D@2@@std@@AAEXI@Z 0040e550 f i KSOServer.obj
 0001:0000d590       ?assign@?$char_traits@D@std@@SAXAADABD@Z 0040e590 f i KSOServer.obj
 0001:0000d5a0       ?_Grow@?$basic_string@DU?$char_traits@D@std@@V?$allocator@D@2@@std@@AAE_NI_N@Z 0040e5a0 f i KSOServer.obj
 0001:0000d6e0       ?_Refcnt@?$basic_string@DU?$char_traits@D@std@@V?$allocator@D@2@@std@@AAEAAEPBD@Z 0040e6e0 f i KSOServer.obj
 0001:0000d700       ?deallocate@?$allocator@D@std@@QAEXPAXI@Z 0040e700 f i KSOServer.obj
 0001:0000d720       ?_Ffmt@?$num_put@DV?$ostreambuf_iterator@DU?$char_traits@D@std@@@std@@@std@@KAPADPADDH@Z 0040e720 f i KSOServer.obj
 0001:0000d7f0       ?_Fput@?$num_put@DV?$ostreambuf_iterator@DU?$char_traits@D@std@@@std@@@std@@KA?AV?$ostreambuf_iterator@DU?$char_traits@D@std@@@2@V32@AAVios_base@2@DPBDII@Z 0040e7f0 f i KSOServer.obj
 0001:0000dba0       ?_Ifmt@?$num_put@DV?$ostreambuf_iterator@DU?$char_traits@D@std@@@std@@@std@@KAPADPADDH@Z 0040eba0 f i KSOServer.obj
 0001:0000dc60       ?_Iput@?$num_put@DV?$ostreambuf_iterator@DU?$char_traits@D@std@@@std@@@std@@KA?AV?$ostreambuf_iterator@DU?$char_traits@D@std@@@2@V32@AAVios_base@2@DPADI@Z 0040ec60 f i KSOServer.obj
 0001:0000e040       ?_Put@?$num_put@DV?$ostreambuf_iterator@DU?$char_traits@D@std@@@std@@@std@@KA?AV?$ostreambuf_iterator@DU?$char_traits@D@std@@@2@V32@PBDI@Z 0040f040 f i KSOServer.obj
 0001:0000e090       ?_Putc@?$num_put@DV?$ostreambuf_iterator@DU?$char_traits@D@std@@@std@@@std@@KA?AV?$ostreambuf_iterator@DU?$char_traits@D@std@@@2@V32@PBDI@Z 0040f090 f i KSOServer.obj
 0001:0000e0f0       ?_Rep@?$num_put@DV?$ostreambuf_iterator@DU?$char_traits@D@std@@@std@@@std@@KA?AV?$ostreambuf_iterator@DU?$char_traits@D@std@@@2@V32@DI@Z 0040f0f0 f i KSOServer.obj
 0001:0000e140       ?falsename@?$numpunct@D@std@@QBE?AV?$basic_string@DU?$char_traits@D@std@@V?$allocator@D@2@@2@XZ 0040f140 f i KSOServer.obj
 0001:0000e170       ?truename@?$numpunct@D@std@@QBE?AV?$basic_string@DU?$char_traits@D@std@@V?$allocator@D@2@@2@XZ 0040f170 f i KSOServer.obj
 0001:0000e1a0       ?assign@?$basic_string@DU?$char_traits@D@std@@V?$allocator@D@2@@std@@QAEAAV12@ABV12@@Z 0040f1a0 f i KSOServer.obj
 0001:0000e1d0       ?assign@?$basic_string@DU?$char_traits@D@std@@V?$allocator@D@2@@std@@QAEAAV12@ABV12@II@Z 0040f1d0 f i KSOServer.obj
 0001:0000e330       ?copy@?$char_traits@D@std@@SAPADPADPBDI@Z 0040f330 f i KSOServer.obj
 0001:0000e350       ?erase@?$basic_string@DU?$char_traits@D@std@@V?$allocator@D@2@@std@@QAEAAV12@II@Z 0040f350 f i KSOServer.obj
 0001:0000e400       ?move@?$char_traits@D@std@@SAPADPADPBDI@Z 0040f400 f i KSOServer.obj
 0001:0000e420       ?capacity@?$basic_string@DU?$char_traits@D@std@@V?$allocator@D@2@@std@@QBEIXZ 0040f420 f i KSOServer.obj
 0001:0000e440       ?max_size@?$basic_string@DU?$char_traits@D@std@@V?$allocator@D@2@@std@@QBEIXZ 0040f440 f i KSOServer.obj
 0001:0000e480       ?_Copy@?$basic_string@DU?$char_traits@D@std@@V?$allocator@D@2@@std@@AAEXI@Z 0040f480 f i KSOServer.obj
 0001:0000e5c0       ?_Split@?$basic_string@DU?$char_traits@D@std@@V?$allocator@D@2@@std@@AAEXXZ 0040f5c0 f i KSOServer.obj
 0001:0000e630       ?assign@?$basic_string@DU?$char_traits@D@std@@V?$allocator@D@2@@std@@QAEAAV12@PBD@Z 0040f630 f i KSOServer.obj
 0001:0000e660       ?assign@?$basic_string@DU?$char_traits@D@std@@V?$allocator@D@2@@std@@QAEAAV12@PBDI@Z 0040f660 f i KSOServer.obj
 0001:0000e6b0       ??4?$ostreambuf_iterator@DU?$char_traits@D@std@@@std@@QAEAAV01@D@Z 0040f6b0 f i KSOServer.obj
 0001:0000e710       ??D?$ostreambuf_iterator@DU?$char_traits@D@std@@@std@@QAEAAV01@XZ 0040f710 f i KSOServer.obj
 0001:0000e720       ??E?$ostreambuf_iterator@DU?$char_traits@D@std@@@std@@QAEAAV01@XZ 0040f720 f i KSOServer.obj
 0001:0000e730       ?decimal_point@?$numpunct@D@std@@QBEDXZ 0040f730 f i KSOServer.obj
 0001:0000e750       ?thousands_sep@?$numpunct@D@std@@QBEDXZ 0040f750 f i KSOServer.obj
 0001:0000e770       ?grouping@?$numpunct@D@std@@QBE?AV?$basic_string@DU?$char_traits@D@std@@V?$allocator@D@2@@2@XZ 0040f770 f i KSOServer.obj
 0001:0000e7a0       ?allocate@?$allocator@D@std@@QAEPADIPBX@Z 0040f7a0 f i KSOServer.obj
 0001:0000e7c0       ?max_size@?$allocator@D@std@@QBEIXZ 0040f7c0 f i KSOServer.obj
 0001:0000e7f0       ??8std@@YA_NABV?$allocator@D@0@0@Z 0040f7f0 f i KSOServer.obj
 0001:0000e800       ?_Widen@std@@YADDPAD@Z     0040f800 f i KSOServer.obj
 0001:0000e810       ?use_facet@std@@YAABV?$numpunct@D@1@ABVlocale@1@PBV21@_N@Z 0040f810 f i KSOServer.obj
 0001:0000e930       ??0?$numpunct@D@std@@QAE@I@Z 0040f930 f i KSOServer.obj
 0001:0000e9c0       ?do_decimal_point@?$numpunct@D@std@@MBEDXZ 0040f9c0 f i KSOServer.obj
 0001:0000e9e0       ?do_thousands_sep@?$numpunct@D@std@@MBEDXZ 0040f9e0 f i KSOServer.obj
 0001:0000ea00       ?do_grouping@?$numpunct@D@std@@MBE?AV?$basic_string@DU?$char_traits@D@std@@V?$allocator@D@2@@2@XZ 0040fa00 f i KSOServer.obj
 0001:0000ea40       ??0?$basic_string@DU?$char_traits@D@std@@V?$allocator@D@2@@std@@QAE@PBDABV?$allocator@D@1@@Z 0040fa40 f i KSOServer.obj
 0001:0000ea70       ?do_falsename@?$numpunct@D@std@@MBE?AV?$basic_string@DU?$char_traits@D@std@@V?$allocator@D@2@@2@XZ 0040fa70 f i KSOServer.obj
 0001:0000eab0       ?do_truename@?$numpunct@D@std@@MBE?AV?$basic_string@DU?$char_traits@D@std@@V?$allocator@D@2@@2@XZ 0040fab0 f i KSOServer.obj
 0001:0000eaf0       ??_G?$numpunct@D@std@@UAEPAXI@Z 0040faf0 f i KSOServer.obj
 0001:0000eaf0       ??_E?$numpunct@D@std@@UAEPAXI@Z 0040faf0 f i KSOServer.obj
 0001:0000eb20       ??1?$numpunct@D@std@@UAE@XZ 0040fb20 f i KSOServer.obj
 0001:0000eb80       ?_Save@?$_Tidyfac@V?$num_put@DV?$ostreambuf_iterator@DU?$char_traits@D@std@@@std@@@std@@@std@@SAPAV?$num_put@DV?$ostreambuf_iterator@DU?$char_traits@D@std@@@std@@@2@PAV32@@Z 0040fb80 f i KSOServer.obj
 0001:0000ebf0       ?_Save@?$_Tidyfac@V?$numpunct@D@std@@@std@@SAPAV?$numpunct@D@2@PAV32@@Z 0040fbf0 f i KSOServer.obj
 0001:0000ec60       ?_Init@?$num_put@DV?$ostreambuf_iterator@DU?$char_traits@D@std@@@std@@@std@@IAEXABV_Locinfo@2@@Z 0040fc60 f i KSOServer.obj
 0001:0000ec70       ?_Init@?$numpunct@D@std@@IAEXABV_Locinfo@2@@Z 0040fc70 f i KSOServer.obj
 0001:0000ed10       ?_Getlconv@_Locinfo@std@@QBEPBUlconv@@XZ 0040fd10 f i KSOServer.obj
 0001:0000ed20       ?_Getfalse@_Locinfo@std@@QBEPBDXZ 0040fd20 f i KSOServer.obj
 0001:0000ed30       ?_Gettrue@_Locinfo@std@@QBEPBDXZ 0040fd30 f i KSOServer.obj
 0001:0000ed40       ?_Tidy@?$_Tidyfac@V?$num_put@DV?$ostreambuf_iterator@DU?$char_traits@D@std@@@std@@@std@@@std@@SAXXZ 0040fd40 f i KSOServer.obj
 0001:0000edd0       ?_Tidy@?$_Tidyfac@V?$numpunct@D@std@@@std@@SAXXZ 0040fdd0 f i KSOServer.obj
 0001:0000ee60       ?_Maklocstr@std@@YAPADPBDPAD@Z 0040fe60 f i KSOServer.obj
 0001:0000eee0       ?id@?$num_put@DV?$ostreambuf_iterator@DU?$char_traits@D@std@@@$D 0040fee0 f i KSOServer.obj
 0001:0000ef10       ?id@?$numpunct@D@std@@$D   0040ff10 f i KSOServer.obj
 0001:0000ef40       ?id@?$numpunct@D@std@@$E   0040ff40 f i KSOServer.obj
 0001:0000ef50       ?id@?$num_put@DV?$ostreambuf_iterator@DU?$char_traits@D@std@@@$E 0040ff50 f i KSOServer.obj
 0001:0000ef60       ??0KTransferUnit@@QAE@KK@Z 0040ff60 f   KTransferUnit.obj
 0001:0000efa3       ??1KTransferUnit@@UAE@XZ   0040ffa3 f   KTransferUnit.obj
 0001:0000eff0       ??_GKTransferUnit@@UAEPAXI@Z 0040fff0 f i KTransferUnit.obj
 0001:0000eff0       ??_EKTransferUnit@@UAEPAXI@Z 0040fff0 f i KTransferUnit.obj
 0001:0000f020       ??0CLibrary@Win32@OnlineGameLib@@QAE@QBD@Z 00410020 f   Common:Library.obj
 0001:0000f08d       ??0CLibrary@Win32@OnlineGameLib@@QAE@XZ 0041008d f   Common:Library.obj
 0001:0000f0bf       ??1CLibrary@Win32@OnlineGameLib@@UAE@XZ 004100bf f   Common:Library.obj
 0001:0000f113       ?Load@CLibrary@Win32@OnlineGameLib@@QAE_NQBD@Z 00410113 f   Common:Library.obj
 0001:0000f149       ?Free@CLibrary@Win32@OnlineGameLib@@QAE_NXZ 00410149 f   Common:Library.obj
 0001:0000f1a0       ??_ECLibrary@Win32@OnlineGameLib@@UAEPAXI@Z 004101a0 f i Common:Library.obj
 0001:0000f1a0       ??_GCLibrary@Win32@OnlineGameLib@@UAEPAXI@Z 004101a0 f i Common:Library.obj
 0001:0000f1d0       ??4?$basic_string@DU?$char_traits@D@std@@V?$allocator@D@2@@std@@QAEAAV01@PBD@Z 004101d0 f i Common:Library.obj
 0001:0000f1f0       ??0CUsesWinsock@Win32@OnlineGameLib@@QAE@XZ 004101f0 f   Common:UsesWinsock.obj
 0001:0000f271       ??1CUsesWinsock@Win32@OnlineGameLib@@QAE@XZ 00410271 f   Common:UsesWinsock.obj
 0001:0000f2b0       ??1CWin32Exception@Win32@OnlineGameLib@@UAE@XZ 004102b0 f i Common:UsesWinsock.obj
 0001:0000f2d0       ??1CException@Win32@OnlineGameLib@@UAE@XZ 004102d0 f i Common:UsesWinsock.obj
 0001:0000f330       ??_ECException@Win32@OnlineGameLib@@UAEPAXI@Z 00410330 f i Common:UsesWinsock.obj
 0001:0000f330       ??_GCException@Win32@OnlineGameLib@@UAEPAXI@Z 00410330 f i Common:UsesWinsock.obj
 0001:0000f360       ??0CWin32Exception@Win32@OnlineGameLib@@QAE@ABV012@@Z 00410360 f i Common:UsesWinsock.obj
 0001:0000f3a0       ??0CException@Win32@OnlineGameLib@@QAE@ABV012@@Z 004103a0 f i Common:UsesWinsock.obj
 0001:0000f410       ??_GCWin32Exception@Win32@OnlineGameLib@@UAEPAXI@Z 00410410 f i Common:UsesWinsock.obj
 0001:0000f410       ??_ECWin32Exception@Win32@OnlineGameLib@@UAEPAXI@Z 00410410 f i Common:UsesWinsock.obj
 0001:0000f440       ??0?$basic_string@DU?$char_traits@D@std@@V?$allocator@D@2@@std@@QAE@ABV01@@Z 00410440 f i Common:UsesWinsock.obj
 0001:0000f480       ??0CBuffer@Win32@OnlineGameLib@@AAE@AAVAllocator@012@I@Z 00410480 f   Common:Buffer.obj
 0001:0000f530       ??1CBuffer@Win32@OnlineGameLib@@AAE@XZ 00410530 f   Common:Buffer.obj
 0001:0000f5fd       ?GetHeadPack@CBuffer@Win32@OnlineGameLib@@QAEPAV123@I@Z 004105fd f   Common:Buffer.obj
 0001:0000f67d       ?GetNextPack@CBuffer@Win32@OnlineGameLib@@QAEPAV123@XZ 0041067d f   Common:Buffer.obj
 0001:0000f709       ?AddData@CBuffer@Win32@OnlineGameLib@@QAEXQBDI@Z 00410709 f   Common:Buffer.obj
 0001:0000f7bf       ?AddData@CBuffer@Win32@OnlineGameLib@@QAEXQBEI@Z 004107bf f   Common:Buffer.obj
 0001:0000f7dc       ?AddData@CBuffer@Win32@OnlineGameLib@@QAEXE@Z 004107dc f   Common:Buffer.obj
 0001:0000f7f7       ?SplitBuffer@CBuffer@Win32@OnlineGameLib@@QAEPAV123@I@Z 004107f7 f   Common:Buffer.obj
 0001:0000f859       ?AllocateNewBuffer@CBuffer@Win32@OnlineGameLib@@QBEPAV123@XZ 00410859 f   Common:Buffer.obj
 0001:0000f86f       ?Release@CBuffer@Win32@OnlineGameLib@@QAEXXZ 0041086f f   Common:Buffer.obj
 0001:0000f919       ??2CBuffer@Win32@OnlineGameLib@@CAPAXII@Z 00410919 f   Common:Buffer.obj
 0001:0000f93b       ??3CBuffer@Win32@OnlineGameLib@@CAXPAXI@Z 0041093b f   Common:Buffer.obj
 0001:0000f9c5       ??0Allocator@CBuffer@Win32@OnlineGameLib@@QAE@II@Z 004109c5 f   Common:Buffer.obj
 0001:0000fa11       ??1Allocator@CBuffer@Win32@OnlineGameLib@@UAE@XZ 00410a11 f   Common:Buffer.obj
 0001:0000faa6       ?Allocate@Allocator@CBuffer@Win32@OnlineGameLib@@QAEPAV234@XZ 00410aa6 f   Common:Buffer.obj
 0001:0000fbf6       ?Flush@Allocator@CBuffer@Win32@OnlineGameLib@@IAEXXZ 00410bf6 f   Common:Buffer.obj
 0001:0000fca6       ?Release@Allocator@CBuffer@Win32@OnlineGameLib@@AAEXPAV234@@Z 00410ca6 f   Common:Buffer.obj
 0001:0000fd9e       ??0CPackager@Win32@OnlineGameLib@@QAE@II@Z 00410d9e f   Common:Buffer.obj
 0001:0000fe41       ??1CPackager@Win32@OnlineGameLib@@UAE@XZ 00410e41 f   Common:Buffer.obj
 0001:0000fed1       ?AddData@CPackager@Win32@OnlineGameLib@@QAEXEQBDIK@Z 00410ed1 f   Common:Buffer.obj
 0001:0000ffdd       ?AddData@CPackager@Win32@OnlineGameLib@@QAEXEQBEIK@Z 00410fdd f   Common:Buffer.obj
 0001:00010002       ?DelData@CPackager@Win32@OnlineGameLib@@QAEXE@Z 00411002 f   Common:Buffer.obj
 0001:0001010f       ?GetHeadPack@CPackager@Win32@OnlineGameLib@@QAEPAVCBuffer@23@EI@Z 0041110f f   Common:Buffer.obj
 0001:000102cb       ?GetNextPack@CPackager@Win32@OnlineGameLib@@QAEPAVCBuffer@23@E@Z 004112cb f   Common:Buffer.obj
 0001:0001047f       ?PackUp@CPackager@Win32@OnlineGameLib@@QAEPAVCBuffer@23@PBXI@Z 0041147f f   Common:Buffer.obj
 0001:00010661       ?Empty@CPackager@Win32@OnlineGameLib@@QAEXXZ 00411661 f   Common:Buffer.obj
 0001:000108c0       ??0COpaqueUserData@OnlineGameLib@@IAE@XZ 004118c0 f i Common:Buffer.obj
 0001:000108e0       ??1COpaqueUserData@OnlineGameLib@@IAE@XZ 004118e0 f i Common:Buffer.obj
 0001:00010900       ?Empty@CBuffer@Win32@OnlineGameLib@@QAEXXZ 00411900 f i Common:Buffer.obj
 0001:00010920       ?_trace@@YAXPBDZZ          00411920 f i Common:Buffer.obj
 0001:00010930       ?OnBufferCreated@Allocator@CBuffer@Win32@OnlineGameLib@@EAEXXZ 00411930 f i Common:Buffer.obj
 0001:00010940       ?OnBufferAllocated@Allocator@CBuffer@Win32@OnlineGameLib@@EAEXXZ 00411940 f i Common:Buffer.obj
 0001:00010950       ?OnBufferReleased@Allocator@CBuffer@Win32@OnlineGameLib@@EAEXXZ 00411950 f i Common:Buffer.obj
 0001:00010960       ??_GAllocator@CBuffer@Win32@OnlineGameLib@@UAEPAXI@Z 00411960 f i Common:Buffer.obj
 0001:00010960       ??_EAllocator@CBuffer@Win32@OnlineGameLib@@UAEPAXI@Z 00411960 f i Common:Buffer.obj
 0001:00010990       ??0?$TNodeList@VCBuffer@Win32@OnlineGameLib@@@OnlineGameLib@@QAE@XZ 00411990 f i Common:Buffer.obj
 0001:000109b0       ?Empty@CNodeList@OnlineGameLib@@QBE_NXZ 004119b0 f i Common:Buffer.obj
 0001:000109d0       ?AddRef@CBuffer@Win32@OnlineGameLib@@QAEXXZ 004119d0 f i Common:Buffer.obj
 0001:000109f0       ?DestroyBuffer@Allocator@CBuffer@Win32@OnlineGameLib@@AAEXPAV234@@Z 004119f0 f i Common:Buffer.obj
 0001:00010aa0       ??_GCBuffer@Win32@OnlineGameLib@@AAEPAXI@Z 00411aa0 f i Common:Buffer.obj
 0001:00010ad0       ?Count@CNodeList@OnlineGameLib@@QBEIXZ 00411ad0 f i Common:Buffer.obj
 0001:00010af0       ??_ECPackager@Win32@OnlineGameLib@@UAEPAXI@Z 00411af0 f i Common:Buffer.obj
 0001:00010af0       ??_GCPackager@Win32@OnlineGameLib@@UAEPAXI@Z 00411af0 f i Common:Buffer.obj
 0001:00010b20       ??1?$map@EPAVCBuffer@Win32@OnlineGameLib@@U?$less@E@std@@V?$allocator@PAVCBuffer@Win32@OnlineGameLib@@@5@@std@@QAE@XZ 00411b20 f i Common:Buffer.obj
 0001:00010b40       ?SetUserData@COpaqueUserData@OnlineGameLib@@QAEXK@Z 00411b40 f i Common:Buffer.obj
 0001:00010b60       ?SetUserPtr@COpaqueUserData@OnlineGameLib@@QAEXPAX@Z 00411b60 f i Common:Buffer.obj
 0001:00010b80       ?GetUserData@COpaqueUserData@OnlineGameLib@@QBEKXZ 00411b80 f i Common:Buffer.obj
 0001:00010ba0       ?GetUserPtr@COpaqueUserData@OnlineGameLib@@QBEPAXXZ 00411ba0 f i Common:Buffer.obj
 0001:00010bc0       ?HaveNextPack@CBuffer@Win32@OnlineGameLib@@QAE_NXZ 00411bc0 f i Common:Buffer.obj
 0001:00010be0       ?_Header@CPackager@Win32@OnlineGameLib@@AAE_NE@Z 00411be0 f i Common:Buffer.obj
 0001:00010c10       ?_Middle@CPackager@Win32@OnlineGameLib@@AAE_NE@Z 00411c10 f i Common:Buffer.obj
 0001:00010c40       ?_Tail@CPackager@Win32@OnlineGameLib@@AAE_NE@Z 00411c40 f i Common:Buffer.obj
 0001:00010c70       ?_Error@CPackager@Win32@OnlineGameLib@@AAE_NE@Z 00411c70 f i Common:Buffer.obj
 0001:00010ca0       ??0?$map@EPAVCBuffer@Win32@OnlineGameLib@@U?$less@E@std@@V?$allocator@PAVCBuffer@Win32@OnlineGameLib@@@5@@std@@QAE@ABU?$less@E@1@ABV?$allocator@PAVCBuffer@Win32@OnlineGameLib@@@1@@Z 00411ca0 f i Common:Buffer.obj
 0001:00010cd0       ?begin@?$map@EPAVCBuffer@Win32@OnlineGameLib@@U?$less@E@std@@V?$allocator@PAVCBuffer@Win32@OnlineGameLib@@@5@@std@@QAE?AViterator@?$_Tree@EU?$pair@$$CBEPAVCBuffer@Win32@OnlineGameLib@@@std@@U_Kfn@?$map@EPAVCBuffer@Win32@OnlineGameLib@@U?$less@E@std@@V?$allocator@PAVCBuffer@Win32@OnlineGameLib@@@5@@2@U?$less@E@2@V?$allocator@PAVCBuffer@Win32@OnlineGameLib@@@2@@2@XZ 00411cd0 f i Common:Buffer.obj
 0001:00010d00       ?end@?$map@EPAVCBuffer@Win32@OnlineGameLib@@U?$less@E@std@@V?$allocator@PAVCBuffer@Win32@OnlineGameLib@@@5@@std@@QAE?AViterator@?$_Tree@EU?$pair@$$CBEPAVCBuffer@Win32@OnlineGameLib@@@std@@U_Kfn@?$map@EPAVCBuffer@Win32@OnlineGameLib@@U?$less@E@std@@V?$allocator@PAVCBuffer@Win32@OnlineGameLib@@@5@@2@U?$less@E@2@V?$allocator@PAVCBuffer@Win32@OnlineGameLib@@@2@@2@XZ 00411d00 f i Common:Buffer.obj
 0001:00010d30       ??A?$map@EPAVCBuffer@Win32@OnlineGameLib@@U?$less@E@std@@V?$allocator@PAVCBuffer@Win32@OnlineGameLib@@@5@@std@@QAEAAPAVCBuffer@Win32@OnlineGameLib@@ABE@Z 00411d30 f i Common:Buffer.obj
 0001:00010d80       ?erase@?$map@EPAVCBuffer@Win32@OnlineGameLib@@U?$less@E@std@@V?$allocator@PAVCBuffer@Win32@OnlineGameLib@@@5@@std@@QAE?AViterator@?$_Tree@EU?$pair@$$CBEPAVCBuffer@Win32@OnlineGameLib@@@std@@U_Kfn@?$map@EPAVCBuffer@Win32@OnlineGameLib@@U?$less@E@std@@V?$allocator@PAVCBuffer@Win32@OnlineGameLib@@@5@@2@U?$less@E@2@V?$allocator@PAVCBuffer@Win32@OnlineGameLib@@@2@@2@V342@0@Z 00411d80 f i Common:Buffer.obj
 0001:00010db0       ?erase@?$map@EPAVCBuffer@Win32@OnlineGameLib@@U?$less@E@std@@V?$allocator@PAVCBuffer@Win32@OnlineGameLib@@@5@@std@@QAEIABE@Z 00411db0 f i Common:Buffer.obj
 0001:00010dd0       ?find@?$map@EPAVCBuffer@Win32@OnlineGameLib@@U?$less@E@std@@V?$allocator@PAVCBuffer@Win32@OnlineGameLib@@@5@@std@@QAE?AViterator@?$_Tree@EU?$pair@$$CBEPAVCBuffer@Win32@OnlineGameLib@@@std@@U_Kfn@?$map@EPAVCBuffer@Win32@OnlineGameLib@@U?$less@E@std@@V?$allocator@PAVCBuffer@Win32@OnlineGameLib@@@5@@2@U?$less@E@2@V?$allocator@PAVCBuffer@Win32@OnlineGameLib@@@2@@2@ABE@Z 00411dd0 f i Common:Buffer.obj
 0001:00010e00       ??1?$_Tree@EU?$pair@$$CBEPAVCBuffer@Win32@OnlineGameLib@@@std@@U_Kfn@?$map@EPAVCBuffer@Win32@OnlineGameLib@@U?$less@E@std@@V?$allocator@PAVCBuffer@Win32@OnlineGameLib@@@5@@2@U?$less@E@2@V?$allocator@PAVCBuffer@Win32@OnlineGameLib@@@2@@std@@QAE@XZ 00411e00 f i Common:Buffer.obj
 0001:00010ed0       ??0iterator@?$_Tree@EU?$pair@$$CBEPAVCBuffer@Win32@OnlineGameLib@@@std@@U_Kfn@?$map@EPAVCBuffer@Win32@OnlineGameLib@@U?$less@E@std@@V?$allocator@PAVCBuffer@Win32@OnlineGameLib@@@5@@2@U?$less@E@2@V?$allocator@PAVCBuffer@Win32@OnlineGameLib@@@2@@std@@QAE@XZ 00411ed0 f i Common:Buffer.obj
 0001:00010ef0       ??Diterator@?$_Tree@EU?$pair@$$CBEPAVCBuffer@Win32@OnlineGameLib@@@std@@U_Kfn@?$map@EPAVCBuffer@Win32@OnlineGameLib@@U?$less@E@std@@V?$allocator@PAVCBuffer@Win32@OnlineGameLib@@@5@@2@U?$less@E@2@V?$allocator@PAVCBuffer@Win32@OnlineGameLib@@@2@@std@@QBEAAU?$pair@$$CBEPAVCBuffer@Win32@OnlineGameLib@@@2@XZ 00411ef0 f i Common:Buffer.obj
 0001:00010f10       ??Eiterator@?$_Tree@EU?$pair@$$CBEPAVCBuffer@Win32@OnlineGameLib@@@std@@U_Kfn@?$map@EPAVCBuffer@Win32@OnlineGameLib@@U?$less@E@std@@V?$allocator@PAVCBuffer@Win32@OnlineGameLib@@@5@@2@U?$less@E@2@V?$allocator@PAVCBuffer@Win32@OnlineGameLib@@@2@@std@@QAE?AV012@H@Z 00411f10 f i Common:Buffer.obj
 0001:00010f40       ??8iterator@?$_Tree@EU?$pair@$$CBEPAVCBuffer@Win32@OnlineGameLib@@@std@@U_Kfn@?$map@EPAVCBuffer@Win32@OnlineGameLib@@U?$less@E@std@@V?$allocator@PAVCBuffer@Win32@OnlineGameLib@@@5@@2@U?$less@E@2@V?$allocator@PAVCBuffer@Win32@OnlineGameLib@@@2@@std@@QBE_NABV012@@Z 00411f40 f i Common:Buffer.obj
 0001:00010f60       ??9iterator@?$_Tree@EU?$pair@$$CBEPAVCBuffer@Win32@OnlineGameLib@@@std@@U_Kfn@?$map@EPAVCBuffer@Win32@OnlineGameLib@@U?$less@E@std@@V?$allocator@PAVCBuffer@Win32@OnlineGameLib@@@5@@2@U?$less@E@2@V?$allocator@PAVCBuffer@Win32@OnlineGameLib@@@2@@std@@QBE_NABV012@@Z 00411f60 f i Common:Buffer.obj
 0001:00010f90       ?insert@?$map@EPAVCBuffer@Win32@OnlineGameLib@@U?$less@E@std@@V?$allocator@PAVCBuffer@Win32@OnlineGameLib@@@5@@std@@QAE?AU?$pair@Viterator@?$_Tree@EU?$pair@$$CBEPAVCBuffer@Win32@OnlineGameLib@@@std@@U_Kfn@?$map@EPAVCBuffer@Win32@OnlineGameLib@@U?$less@E@std@@V?$allocator@PAVCBuffer@Win32@OnlineGameLib@@@5@@2@U?$less@E@2@V?$allocator@PAVCBuffer@Win32@OnlineGameLib@@@2@@std@@_N@2@ABU?$pair@$$CBEPAVCBuffer@Win32@OnlineGameLib@@@2@@Z 00411f90 f i Common:Buffer.obj
 0001:00010fe0       ?_Value@?$_Tree@EU?$pair@$$CBEPAVCBuffer@Win32@OnlineGameLib@@@std@@U_Kfn@?$map@EPAVCBuffer@Win32@OnlineGameLib@@U?$less@E@std@@V?$allocator@PAVCBuffer@Win32@OnlineGameLib@@@5@@2@U?$less@E@2@V?$allocator@PAVCBuffer@Win32@OnlineGameLib@@@2@@std@@KAAAU?$pair@$$CBEPAVCBuffer@Win32@OnlineGameLib@@@2@PAU_Node@12@@Z 00411fe0 f i Common:Buffer.obj
 0001:00010ff0       ??0?$_Tree@EU?$pair@$$CBEPAVCBuffer@Win32@OnlineGameLib@@@std@@U_Kfn@?$map@EPAVCBuffer@Win32@OnlineGameLib@@U?$less@E@std@@V?$allocator@PAVCBuffer@Win32@OnlineGameLib@@@5@@2@U?$less@E@2@V?$allocator@PAVCBuffer@Win32@OnlineGameLib@@@2@@std@@QAE@ABU?$less@E@1@_NABV?$allocator@PAVCBuffer@Win32@OnlineGameLib@@@1@@Z 00411ff0 f i Common:Buffer.obj
 0001:00011030       ?begin@?$_Tree@EU?$pair@$$CBEPAVCBuffer@Win32@OnlineGameLib@@@std@@U_Kfn@?$map@EPAVCBuffer@Win32@OnlineGameLib@@U?$less@E@std@@V?$allocator@PAVCBuffer@Win32@OnlineGameLib@@@5@@2@U?$less@E@2@V?$allocator@PAVCBuffer@Win32@OnlineGameLib@@@2@@std@@QAE?AViterator@12@XZ 00412030 f i Common:Buffer.obj
 0001:00011060       ?end@?$_Tree@EU?$pair@$$CBEPAVCBuffer@Win32@OnlineGameLib@@@std@@U_Kfn@?$map@EPAVCBuffer@Win32@OnlineGameLib@@U?$less@E@std@@V?$allocator@PAVCBuffer@Win32@OnlineGameLib@@@5@@2@U?$less@E@2@V?$allocator@PAVCBuffer@Win32@OnlineGameLib@@@2@@std@@QAE?AViterator@12@XZ 00412060 f i Common:Buffer.obj
 0001:00011090       ?erase@?$_Tree@EU?$pair@$$CBEPAVCBuffer@Win32@OnlineGameLib@@@std@@U_Kfn@?$map@EPAVCBuffer@Win32@OnlineGameLib@@U?$less@E@std@@V?$allocator@PAVCBuffer@Win32@OnlineGameLib@@@5@@2@U?$less@E@2@V?$allocator@PAVCBuffer@Win32@OnlineGameLib@@@2@@std@@QAE?AViterator@12@V312@0@Z 00412090 f i Common:Buffer.obj
 0001:000111d0       ?erase@?$_Tree@EU?$pair@$$CBEPAVCBuffer@Win32@OnlineGameLib@@@std@@U_Kfn@?$map@EPAVCBuffer@Win32@OnlineGameLib@@U?$less@E@std@@V?$allocator@PAVCBuffer@Win32@OnlineGameLib@@@5@@2@U?$less@E@2@V?$allocator@PAVCBuffer@Win32@OnlineGameLib@@@2@@std@@QAEIABE@Z 004121d0 f i Common:Buffer.obj
 0001:00011230       ?find@?$_Tree@EU?$pair@$$CBEPAVCBuffer@Win32@OnlineGameLib@@@std@@U_Kfn@?$map@EPAVCBuffer@Win32@OnlineGameLib@@U?$less@E@std@@V?$allocator@PAVCBuffer@Win32@OnlineGameLib@@@5@@2@U?$less@E@2@V?$allocator@PAVCBuffer@Win32@OnlineGameLib@@@2@@std@@QAE?AViterator@12@ABE@Z 00412230 f i Common:Buffer.obj
 0001:000112d0       ?_Freenode@?$_Tree@EU?$pair@$$CBEPAVCBuffer@Win32@OnlineGameLib@@@std@@U_Kfn@?$map@EPAVCBuffer@Win32@OnlineGameLib@@U?$less@E@std@@V?$allocator@PAVCBuffer@Win32@OnlineGameLib@@@5@@2@U?$less@E@2@V?$allocator@PAVCBuffer@Win32@OnlineGameLib@@@2@@std@@IAEXPAU_Node@12@@Z 004122d0 f i Common:Buffer.obj
 0001:000112f0       ??0?$pair@$$CBEPAVCBuffer@Win32@OnlineGameLib@@@std@@QAE@ABEABQAVCBuffer@Win32@OnlineGameLib@@@Z 004122f0 f i Common:Buffer.obj
 0001:00011320       ??0const_iterator@?$_Tree@EU?$pair@$$CBEPAVCBuffer@Win32@OnlineGameLib@@@std@@U_Kfn@?$map@EPAVCBuffer@Win32@OnlineGameLib@@U?$less@E@std@@V?$allocator@PAVCBuffer@Win32@OnlineGameLib@@@5@@2@U?$less@E@2@V?$allocator@PAVCBuffer@Win32@OnlineGameLib@@@2@@std@@QAE@XZ 00412320 f i Common:Buffer.obj
 0001:00011330       ??Eiterator@?$_Tree@EU?$pair@$$CBEPAVCBuffer@Win32@OnlineGameLib@@@std@@U_Kfn@?$map@EPAVCBuffer@Win32@OnlineGameLib@@U?$less@E@std@@V?$allocator@PAVCBuffer@Win32@OnlineGameLib@@@5@@2@U?$less@E@2@V?$allocator@PAVCBuffer@Win32@OnlineGameLib@@@2@@std@@QAEAAV012@XZ 00412330 f i Common:Buffer.obj
 0001:00011350       ??R?$less@E@std@@QBE_NABE0@Z 00412350 f i Common:Buffer.obj
 0001:00011380       ?deallocate@?$allocator@PAVCBuffer@Win32@OnlineGameLib@@@std@@QAEXPAXI@Z 00412380 f i Common:Buffer.obj
 0001:000113a0       ?_Key@?$_Tree@EU?$pair@$$CBEPAVCBuffer@Win32@OnlineGameLib@@@std@@U_Kfn@?$map@EPAVCBuffer@Win32@OnlineGameLib@@U?$less@E@std@@V?$allocator@PAVCBuffer@Win32@OnlineGameLib@@@5@@2@U?$less@E@2@V?$allocator@PAVCBuffer@Win32@OnlineGameLib@@@2@@std@@KAABEPAU_Node@12@@Z 004123a0 f i Common:Buffer.obj
 0001:000113c0       ?size@?$_Tree@EU?$pair@$$CBEPAVCBuffer@Win32@OnlineGameLib@@@std@@U_Kfn@?$map@EPAVCBuffer@Win32@OnlineGameLib@@U?$less@E@std@@V?$allocator@PAVCBuffer@Win32@OnlineGameLib@@@5@@2@U?$less@E@2@V?$allocator@PAVCBuffer@Win32@OnlineGameLib@@@2@@std@@QBEIXZ 004123c0 f i Common:Buffer.obj
 0001:000113e0       ?insert@?$_Tree@EU?$pair@$$CBEPAVCBuffer@Win32@OnlineGameLib@@@std@@U_Kfn@?$map@EPAVCBuffer@Win32@OnlineGameLib@@U?$less@E@std@@V?$allocator@PAVCBuffer@Win32@OnlineGameLib@@@5@@2@U?$less@E@2@V?$allocator@PAVCBuffer@Win32@OnlineGameLib@@@2@@std@@QAE?AU?$pair@Viterator@?$_Tree@EU?$pair@$$CBEPAVCBuffer@Win32@OnlineGameLib@@@std@@U_Kfn@?$map@EPAVCBuffer@Win32@OnlineGameLib@@U?$less@E@std@@V?$allocator@PAVCBuffer@Win32@OnlineGameLib@@@5@@2@U?$less@E@2@V?$allocator@PAVCBuffer@Win32@OnlineGameLib@@@2@@std@@_N@2@ABU?$pair@$$CBEPAVCBuffer@Win32@OnlineGameLib@@@2@@Z 004123e0 f i Common:Buffer.obj
 0001:00011620       ?erase@?$_Tree@EU?$pair@$$CBEPAVCBuffer@Win32@OnlineGameLib@@@std@@U_Kfn@?$map@EPAVCBuffer@Win32@OnlineGameLib@@U?$less@E@std@@V?$allocator@PAVCBuffer@Win32@OnlineGameLib@@@5@@2@U?$less@E@2@V?$allocator@PAVCBuffer@Win32@OnlineGameLib@@@2@@std@@QAE?AViterator@12@V312@@Z 00412620 f i Common:Buffer.obj
 0001:00011e70       ?lower_bound@?$_Tree@EU?$pair@$$CBEPAVCBuffer@Win32@OnlineGameLib@@@std@@U_Kfn@?$map@EPAVCBuffer@Win32@OnlineGameLib@@U?$less@E@std@@V?$allocator@PAVCBuffer@Win32@OnlineGameLib@@@5@@2@U?$less@E@2@V?$allocator@PAVCBuffer@Win32@OnlineGameLib@@@2@@std@@QAE?AViterator@12@ABE@Z 00412e70 f i Common:Buffer.obj
 0001:00011ea0       ?equal_range@?$_Tree@EU?$pair@$$CBEPAVCBuffer@Win32@OnlineGameLib@@@std@@U_Kfn@?$map@EPAVCBuffer@Win32@OnlineGameLib@@U?$less@E@std@@V?$allocator@PAVCBuffer@Win32@OnlineGameLib@@@5@@2@U?$less@E@2@V?$allocator@PAVCBuffer@Win32@OnlineGameLib@@@2@@std@@QAE?AU?$pair@Viterator@?$_Tree@EU?$pair@$$CBEPAVCBuffer@Win32@OnlineGameLib@@@std@@U_Kfn@?$map@EPAVCBuffer@Win32@OnlineGameLib@@U?$less@E@std@@V?$allocator@PAVCBuffer@Win32@OnlineGameLib@@@5@@2@U?$less@E@2@V?$allocator@PAVCBuffer@Win32@OnlineGameLib@@@2@@std@@V123@@2@ABE@Z 00412ea0 f i Common:Buffer.obj
 0001:00011ef0       ?_Erase@?$_Tree@EU?$pair@$$CBEPAVCBuffer@Win32@OnlineGameLib@@@std@@U_Kfn@?$map@EPAVCBuffer@Win32@OnlineGameLib@@U?$less@E@std@@V?$allocator@PAVCBuffer@Win32@OnlineGameLib@@@5@@2@U?$less@E@2@V?$allocator@PAVCBuffer@Win32@OnlineGameLib@@@2@@std@@IAEXPAU_Node@12@@Z 00412ef0 f i Common:Buffer.obj
 0001:00011fa0       ?_Init@?$_Tree@EU?$pair@$$CBEPAVCBuffer@Win32@OnlineGameLib@@@std@@U_Kfn@?$map@EPAVCBuffer@Win32@OnlineGameLib@@U?$less@E@std@@V?$allocator@PAVCBuffer@Win32@OnlineGameLib@@@5@@2@U?$less@E@2@V?$allocator@PAVCBuffer@Win32@OnlineGameLib@@@2@@std@@IAEXXZ 00412fa0 f i Common:Buffer.obj
 0001:00012080       ?_Lmost@?$_Tree@EU?$pair@$$CBEPAVCBuffer@Win32@OnlineGameLib@@@std@@U_Kfn@?$map@EPAVCBuffer@Win32@OnlineGameLib@@U?$less@E@std@@V?$allocator@PAVCBuffer@Win32@OnlineGameLib@@@5@@2@U?$less@E@2@V?$allocator@PAVCBuffer@Win32@OnlineGameLib@@@2@@std@@IAEAAPAU_Node@12@XZ 00413080 f i Common:Buffer.obj
 0001:000120a0       ?_Rmost@?$_Tree@EU?$pair@$$CBEPAVCBuffer@Win32@OnlineGameLib@@@std@@U_Kfn@?$map@EPAVCBuffer@Win32@OnlineGameLib@@U?$less@E@std@@V?$allocator@PAVCBuffer@Win32@OnlineGameLib@@@5@@2@U?$less@E@2@V?$allocator@PAVCBuffer@Win32@OnlineGameLib@@@2@@std@@IAEAAPAU_Node@12@XZ 004130a0 f i Common:Buffer.obj
 0001:000120c0       ?_Root@?$_Tree@EU?$pair@$$CBEPAVCBuffer@Win32@OnlineGameLib@@@std@@U_Kfn@?$map@EPAVCBuffer@Win32@OnlineGameLib@@U?$less@E@std@@V?$allocator@PAVCBuffer@Win32@OnlineGameLib@@@5@@2@U?$less@E@2@V?$allocator@PAVCBuffer@Win32@OnlineGameLib@@@2@@std@@IAEAAPAU_Node@12@XZ 004130c0 f i Common:Buffer.obj
 0001:000120e0       ?_Inc@const_iterator@?$_Tree@EU?$pair@$$CBEPAVCBuffer@Win32@OnlineGameLib@@@std@@U_Kfn@?$map@EPAVCBuffer@Win32@OnlineGameLib@@U?$less@E@std@@V?$allocator@PAVCBuffer@Win32@OnlineGameLib@@@5@@2@U?$less@E@2@V?$allocator@PAVCBuffer@Win32@OnlineGameLib@@@2@@std@@QAEXXZ 004130e0 f i Common:Buffer.obj
 0001:000121c0       ?_Mynode@const_iterator@?$_Tree@EU?$pair@$$CBEPAVCBuffer@Win32@OnlineGameLib@@@std@@U_Kfn@?$map@EPAVCBuffer@Win32@OnlineGameLib@@U?$less@E@std@@V?$allocator@PAVCBuffer@Win32@OnlineGameLib@@@5@@2@U?$less@E@2@V?$allocator@PAVCBuffer@Win32@OnlineGameLib@@@2@@std@@QBEPAU_Node@23@XZ 004131c0 f i Common:Buffer.obj
 0001:000121d0       ??0iterator@?$_Tree@EU?$pair@$$CBEPAVCBuffer@Win32@OnlineGameLib@@@std@@U_Kfn@?$map@EPAVCBuffer@Win32@OnlineGameLib@@U?$less@E@std@@V?$allocator@PAVCBuffer@Win32@OnlineGameLib@@@5@@2@U?$less@E@2@V?$allocator@PAVCBuffer@Win32@OnlineGameLib@@@2@@std@@QAE@PAU_Node@12@@Z 004131d0 f i Common:Buffer.obj
 0001:000121f0       ??0?$pair@Viterator@?$_Tree@EU?$pair@$$CBEPAVCBuffer@Win32@OnlineGameLib@@@std@@U_Kfn@?$map@EPAVCBuffer@Win32@OnlineGameLib@@U?$less@E@std@@V?$allocator@PAVCBuffer@Win32@OnlineGameLib@@@5@@2@U?$less@E@2@V?$allocator@PAVCBuffer@Win32@OnlineGameLib@@@2@@std@@_N@std@@QAE@ABViterator@?$_Tree@EU?$pair@$$CBEPAVCBuffer@Win32@OnlineGameLib@@@std@@U_Kfn@?$map@EPAVCBuffer@Win32@OnlineGameLib@@U?$less@E@std@@V?$allocator@PAVCBuffer@Win32@OnlineGameLib@@@5@@2@U?$less@E@2@V?$allocator@PAVCBuffer@Win32@OnlineGameLib@@@2@@1@AB_N@Z 004131f0 f i Common:Buffer.obj
 0001:00012220       ??R_Kfn@?$map@EPAVCBuffer@Win32@OnlineGameLib@@U?$less@E@std@@V?$allocator@PAVCBuffer@Win32@OnlineGameLib@@@5@@std@@QBEABEABU?$pair@$$CBEPAVCBuffer@Win32@OnlineGameLib@@@2@@Z 00413220 f i Common:Buffer.obj
 0001:00012230       ?_Color@?$_Tree@EU?$pair@$$CBEPAVCBuffer@Win32@OnlineGameLib@@@std@@U_Kfn@?$map@EPAVCBuffer@Win32@OnlineGameLib@@U?$less@E@std@@V?$allocator@PAVCBuffer@Win32@OnlineGameLib@@@5@@2@U?$less@E@2@V?$allocator@PAVCBuffer@Win32@OnlineGameLib@@@2@@std@@KAAAW4_Redbl@12@PAU_Node@12@@Z 00413230 f i Common:Buffer.obj
 0001:00012240       ?_Left@?$_Tree@EU?$pair@$$CBEPAVCBuffer@Win32@OnlineGameLib@@@std@@U_Kfn@?$map@EPAVCBuffer@Win32@OnlineGameLib@@U?$less@E@std@@V?$allocator@PAVCBuffer@Win32@OnlineGameLib@@@5@@2@U?$less@E@2@V?$allocator@PAVCBuffer@Win32@OnlineGameLib@@@2@@std@@KAAAPAU_Node@12@PAU312@@Z 00413240 f i Common:Buffer.obj
 0001:00012250       ?_Parent@?$_Tree@EU?$pair@$$CBEPAVCBuffer@Win32@OnlineGameLib@@@std@@U_Kfn@?$map@EPAVCBuffer@Win32@OnlineGameLib@@U?$less@E@std@@V?$allocator@PAVCBuffer@Win32@OnlineGameLib@@@5@@2@U?$less@E@2@V?$allocator@PAVCBuffer@Win32@OnlineGameLib@@@2@@std@@KAAAPAU_Node@12@PAU312@@Z 00413250 f i Common:Buffer.obj
 0001:00012260       ?_Right@?$_Tree@EU?$pair@$$CBEPAVCBuffer@Win32@OnlineGameLib@@@std@@U_Kfn@?$map@EPAVCBuffer@Win32@OnlineGameLib@@U?$less@E@std@@V?$allocator@PAVCBuffer@Win32@OnlineGameLib@@@5@@2@U?$less@E@2@V?$allocator@PAVCBuffer@Win32@OnlineGameLib@@@2@@std@@KAAAPAU_Node@12@PAU312@@Z 00413260 f i Common:Buffer.obj
 0001:00012270       ?upper_bound@?$_Tree@EU?$pair@$$CBEPAVCBuffer@Win32@OnlineGameLib@@@std@@U_Kfn@?$map@EPAVCBuffer@Win32@OnlineGameLib@@U?$less@E@std@@V?$allocator@PAVCBuffer@Win32@OnlineGameLib@@@5@@2@U?$less@E@2@V?$allocator@PAVCBuffer@Win32@OnlineGameLib@@@2@@std@@QAE?AViterator@12@ABE@Z 00413270 f i Common:Buffer.obj
 0001:000122a0       ?_Insert@?$_Tree@EU?$pair@$$CBEPAVCBuffer@Win32@OnlineGameLib@@@std@@U_Kfn@?$map@EPAVCBuffer@Win32@OnlineGameLib@@U?$less@E@std@@V?$allocator@PAVCBuffer@Win32@OnlineGameLib@@@5@@2@U?$less@E@2@V?$allocator@PAVCBuffer@Win32@OnlineGameLib@@@2@@std@@IAE?AViterator@12@PAU_Node@12@0ABU?$pair@$$CBEPAVCBuffer@Win32@OnlineGameLib@@@2@@Z 004132a0 f i Common:Buffer.obj
 0001:00012770       ?_Lbound@?$_Tree@EU?$pair@$$CBEPAVCBuffer@Win32@OnlineGameLib@@@std@@U_Kfn@?$map@EPAVCBuffer@Win32@OnlineGameLib@@U?$less@E@std@@V?$allocator@PAVCBuffer@Win32@OnlineGameLib@@@5@@2@U?$less@E@2@V?$allocator@PAVCBuffer@Win32@OnlineGameLib@@@2@@std@@IBEPAU_Node@12@ABE@Z 00413770 f i Common:Buffer.obj
 0001:00012840       ?_Lrotate@?$_Tree@EU?$pair@$$CBEPAVCBuffer@Win32@OnlineGameLib@@@std@@U_Kfn@?$map@EPAVCBuffer@Win32@OnlineGameLib@@U?$less@E@std@@V?$allocator@PAVCBuffer@Win32@OnlineGameLib@@@5@@2@U?$less@E@2@V?$allocator@PAVCBuffer@Win32@OnlineGameLib@@@2@@std@@IAEXPAU_Node@12@@Z 00413840 f i Common:Buffer.obj
 0001:000129b0       ?_Max@?$_Tree@EU?$pair@$$CBEPAVCBuffer@Win32@OnlineGameLib@@@std@@U_Kfn@?$map@EPAVCBuffer@Win32@OnlineGameLib@@U?$less@E@std@@V?$allocator@PAVCBuffer@Win32@OnlineGameLib@@@5@@2@U?$less@E@2@V?$allocator@PAVCBuffer@Win32@OnlineGameLib@@@2@@std@@KAPAU_Node@12@PAU312@@Z 004139b0 f i Common:Buffer.obj
 0001:00012a30       ?_Min@?$_Tree@EU?$pair@$$CBEPAVCBuffer@Win32@OnlineGameLib@@@std@@U_Kfn@?$map@EPAVCBuffer@Win32@OnlineGameLib@@U?$less@E@std@@V?$allocator@PAVCBuffer@Win32@OnlineGameLib@@@5@@2@U?$less@E@2@V?$allocator@PAVCBuffer@Win32@OnlineGameLib@@@2@@std@@KAPAU_Node@12@PAU312@@Z 00413a30 f i Common:Buffer.obj
 0001:00012ab0       ?_Rrotate@?$_Tree@EU?$pair@$$CBEPAVCBuffer@Win32@OnlineGameLib@@@std@@U_Kfn@?$map@EPAVCBuffer@Win32@OnlineGameLib@@U?$less@E@std@@V?$allocator@PAVCBuffer@Win32@OnlineGameLib@@@5@@2@U?$less@E@2@V?$allocator@PAVCBuffer@Win32@OnlineGameLib@@@2@@std@@IAEXPAU_Node@12@@Z 00413ab0 f i Common:Buffer.obj
 0001:00012c20       ?_Buynode@?$_Tree@EU?$pair@$$CBEPAVCBuffer@Win32@OnlineGameLib@@@std@@U_Kfn@?$map@EPAVCBuffer@Win32@OnlineGameLib@@U?$less@E@std@@V?$allocator@PAVCBuffer@Win32@OnlineGameLib@@@5@@2@U?$less@E@2@V?$allocator@PAVCBuffer@Win32@OnlineGameLib@@@2@@std@@IAEPAU_Node@12@PAU312@W4_Redbl@12@@Z 00413c20 f i Common:Buffer.obj
 0001:00012c70       ?_Destval@?$_Tree@EU?$pair@$$CBEPAVCBuffer@Win32@OnlineGameLib@@@std@@U_Kfn@?$map@EPAVCBuffer@Win32@OnlineGameLib@@U?$less@E@std@@V?$allocator@PAVCBuffer@Win32@OnlineGameLib@@@5@@2@U?$less@E@2@V?$allocator@PAVCBuffer@Win32@OnlineGameLib@@@2@@std@@IAEXPAU?$pair@$$CBEPAVCBuffer@Win32@OnlineGameLib@@@2@@Z 00413c70 f i Common:Buffer.obj
 0001:00012c90       ??0const_iterator@?$_Tree@EU?$pair@$$CBEPAVCBuffer@Win32@OnlineGameLib@@@std@@U_Kfn@?$map@EPAVCBuffer@Win32@OnlineGameLib@@U?$less@E@std@@V?$allocator@PAVCBuffer@Win32@OnlineGameLib@@@5@@2@U?$less@E@2@V?$allocator@PAVCBuffer@Win32@OnlineGameLib@@@2@@std@@QAE@PAU_Node@12@@Z 00413c90 f i Common:Buffer.obj
 0001:00012cb0       ??Fiterator@?$_Tree@EU?$pair@$$CBEPAVCBuffer@Win32@OnlineGameLib@@@std@@U_Kfn@?$map@EPAVCBuffer@Win32@OnlineGameLib@@U?$less@E@std@@V?$allocator@PAVCBuffer@Win32@OnlineGameLib@@@5@@2@U?$less@E@2@V?$allocator@PAVCBuffer@Win32@OnlineGameLib@@@2@@std@@QAEAAV012@XZ 00413cb0 f i Common:Buffer.obj
 0001:00012cd0       ??0?$pair@Viterator@?$_Tree@EU?$pair@$$CBEPAVCBuffer@Win32@OnlineGameLib@@@std@@U_Kfn@?$map@EPAVCBuffer@Win32@OnlineGameLib@@U?$less@E@std@@V?$allocator@PAVCBuffer@Win32@OnlineGameLib@@@5@@2@U?$less@E@2@V?$allocator@PAVCBuffer@Win32@OnlineGameLib@@@2@@std@@V123@@std@@QAE@ABViterator@?$_Tree@EU?$pair@$$CBEPAVCBuffer@Win32@OnlineGameLib@@@std@@U_Kfn@?$map@EPAVCBuffer@Win32@OnlineGameLib@@U?$less@E@std@@V?$allocator@PAVCBuffer@Win32@OnlineGameLib@@@5@@2@U?$less@E@2@V?$allocator@PAVCBuffer@Win32@OnlineGameLib@@@2@@1@0@Z 00413cd0 f i Common:Buffer.obj
 0001:00012d00       ?_Charalloc@?$allocator@PAVCBuffer@Win32@OnlineGameLib@@@std@@QAEPADI@Z 00413d00 f i Common:Buffer.obj
 0001:00012d20       ?_Root@?$_Tree@EU?$pair@$$CBEPAVCBuffer@Win32@OnlineGameLib@@@std@@U_Kfn@?$map@EPAVCBuffer@Win32@OnlineGameLib@@U?$less@E@std@@V?$allocator@PAVCBuffer@Win32@OnlineGameLib@@@5@@2@U?$less@E@2@V?$allocator@PAVCBuffer@Win32@OnlineGameLib@@@2@@std@@IBEAAPAU_Node@12@XZ 00413d20 f i Common:Buffer.obj
 0001:00012d40       ?_Ubound@?$_Tree@EU?$pair@$$CBEPAVCBuffer@Win32@OnlineGameLib@@@std@@U_Kfn@?$map@EPAVCBuffer@Win32@OnlineGameLib@@U?$less@E@std@@V?$allocator@PAVCBuffer@Win32@OnlineGameLib@@@5@@2@U?$less@E@2@V?$allocator@PAVCBuffer@Win32@OnlineGameLib@@@2@@std@@IBEPAU_Node@12@ABE@Z 00413d40 f i Common:Buffer.obj
 0001:00012e10       ?_Consval@?$_Tree@EU?$pair@$$CBEPAVCBuffer@Win32@OnlineGameLib@@@std@@U_Kfn@?$map@EPAVCBuffer@Win32@OnlineGameLib@@U?$less@E@std@@V?$allocator@PAVCBuffer@Win32@OnlineGameLib@@@5@@2@U?$less@E@2@V?$allocator@PAVCBuffer@Win32@OnlineGameLib@@@2@@std@@IAEXPAU?$pair@$$CBEPAVCBuffer@Win32@OnlineGameLib@@@2@ABU32@@Z 00413e10 f i Common:Buffer.obj
 0001:00012e30       ?_Dec@const_iterator@?$_Tree@EU?$pair@$$CBEPAVCBuffer@Win32@OnlineGameLib@@@std@@U_Kfn@?$map@EPAVCBuffer@Win32@OnlineGameLib@@U?$less@E@std@@V?$allocator@PAVCBuffer@Win32@OnlineGameLib@@@5@@2@U?$less@E@2@V?$allocator@PAVCBuffer@Win32@OnlineGameLib@@@2@@std@@QAEXXZ 00413e30 f i Common:Buffer.obj
 0001:00012f40       ?PopNode@?$TNodeList@VCBuffer@Win32@OnlineGameLib@@@OnlineGameLib@@QAEPAVCBuffer@Win32@2@XZ 00413f40 f i Common:Buffer.obj
 0001:00012f60       ?ToBool@Win32@OnlineGameLib@@YA_NABH@Z 00413f60 f i Common:Buffer.obj
 0001:00012f80       ?_Distance@std@@YAXViterator@?$_Tree@EU?$pair@$$CBEPAVCBuffer@Win32@OnlineGameLib@@@std@@U_Kfn@?$map@EPAVCBuffer@Win32@OnlineGameLib@@U?$less@E@std@@V?$allocator@PAVCBuffer@Win32@OnlineGameLib@@@5@@2@U?$less@E@2@V?$allocator@PAVCBuffer@Win32@OnlineGameLib@@@2@@1@0AAI@Z 00413f80 f i Common:Buffer.obj
 0001:00012fb0       ?swap@std@@YAXAAW4_Redbl@?$_Tree@EU?$pair@$$CBEPAVCBuffer@Win32@OnlineGameLib@@@std@@U_Kfn@?$map@EPAVCBuffer@Win32@OnlineGameLib@@U?$less@E@std@@V?$allocator@PAVCBuffer@Win32@OnlineGameLib@@@5@@2@U?$less@E@2@V?$allocator@PAVCBuffer@Win32@OnlineGameLib@@@2@@1@0@Z 00413fb0 f i Common:Buffer.obj
 0001:00012fe0       ?_Destroy@std@@YAXPAU?$pair@$$CBEPAVCBuffer@Win32@OnlineGameLib@@@1@@Z 00413fe0 f i Common:Buffer.obj
 0001:00012ff0       ?_Construct@std@@YAXPAU?$pair@$$CBEPAVCBuffer@Win32@OnlineGameLib@@@1@ABU21@@Z 00413ff0 f i Common:Buffer.obj
 0001:00013030       ?_Iter_cat@std@@YA?AUbidirectional_iterator_tag@1@ABU?$iterator@Ubidirectional_iterator_tag@std@@U?$pair@$$CBEPAVCBuffer@Win32@OnlineGameLib@@@2@H@1@@Z 00414030 f i Common:Buffer.obj
 0001:00013050       ?_Distance@std@@YAXViterator@?$_Tree@EU?$pair@$$CBEPAVCBuffer@Win32@OnlineGameLib@@@std@@U_Kfn@?$map@EPAVCBuffer@Win32@OnlineGameLib@@U?$less@E@std@@V?$allocator@PAVCBuffer@Win32@OnlineGameLib@@@5@@2@U?$less@E@2@V?$allocator@PAVCBuffer@Win32@OnlineGameLib@@@2@@1@0AAIUbidirectional_iterator_tag@1@@Z 00414050 f i Common:Buffer.obj
 0001:00013090       _GetCRCTable               00414090 f   Common:CRC32.OBJ
 0001:0001309a       _CRC32_C                   0041409a f   Common:CRC32.OBJ
 0001:00013286       _CRC32                     00414286 f   Common:CRC32.OBJ
 0001:00013390       ??0CWin32Exception@Win32@OnlineGameLib@@QAE@ABV?$basic_string@DU?$char_traits@D@std@@V?$allocator@D@2@@std@@K@Z 00414390 f   Common:Win32Exception.obj
 0001:00013440       ??0CException@Win32@OnlineGameLib@@QAE@ABV?$basic_string@DU?$char_traits@D@std@@V?$allocator@D@2@@std@@0@Z 00414440 f   Common:Exception.obj
 0001:000134a4       ?GetWhere@CException@Win32@OnlineGameLib@@UBE?AV?$basic_string@DU?$char_traits@D@std@@V?$allocator@D@2@@std@@XZ 004144a4 f   Common:Exception.obj
 0001:000134d5       ?GetMessageA@CException@Win32@OnlineGameLib@@UBE?AV?$basic_string@DU?$char_traits@D@std@@V?$allocator@D@2@@std@@XZ 004144d5 f   Common:Exception.obj
 0001:00013506       ?MessageBoxA@CException@Win32@OnlineGameLib@@QBEXPAUHWND__@@@Z 00414506 f   Common:Exception.obj
 0001:000135d0       ??0CNodeList@OnlineGameLib@@QAE@XZ 004145d0 f   Common:NodeList.obj
 0001:000135f1       ?PushNode@CNodeList@OnlineGameLib@@QAEXPAVNode@12@@Z 004145f1 f   Common:NodeList.obj
 0001:0001362f       ?PopNode@CNodeList@OnlineGameLib@@QAEPAVNode@12@XZ 0041462f f   Common:NodeList.obj
 0001:00013659       ?RemoveNode@CNodeList@OnlineGameLib@@AAEXPAVNode@12@@Z 00414659 f   Common:NodeList.obj
 0001:00013694       ??0Node@CNodeList@OnlineGameLib@@IAE@XZ 00414694 f   Common:NodeList.obj
 0001:000136bf       ??1Node@CNodeList@OnlineGameLib@@IAE@XZ 004146bf f   Common:NodeList.obj
 0001:00013752       ?AddToList@Node@CNodeList@OnlineGameLib@@QAEXPAV23@@Z 00414752 f   Common:NodeList.obj
 0001:00013768       ?RemoveFromList@Node@CNodeList@OnlineGameLib@@QAEXXZ 00414768 f   Common:NodeList.obj
 0001:0001378b       ?Unlink@Node@CNodeList@OnlineGameLib@@AAEXXZ 0041478b f   Common:NodeList.obj
 0001:000137e0       ?Next@Node@CNodeList@OnlineGameLib@@QAEXPAV123@@Z 004147e0 f i Common:NodeList.obj
 0001:00013810       ?Next@Node@CNodeList@OnlineGameLib@@QBEPAV123@XZ 00414810 f i Common:NodeList.obj
 0001:00013969       ?SetLogFileName@Win32@OnlineGameLib@@YAXABV?$basic_string@DU?$char_traits@D@std@@V?$allocator@D@2@@std@@@Z 00414969 f   Common:Utils.obj
 0001:000139b3       ?Message@Win32@OnlineGameLib@@YAXQBD@Z 004149b3 f   Common:Utils.obj
 0001:000139d9       ?Output@Win32@OnlineGameLib@@YAXABV?$basic_string@DU?$char_traits@D@std@@V?$allocator@D@2@@std@@@Z 004149d9 f   Common:Utils.obj
 0001:000139de       ?Trace@Win32@OnlineGameLib@@YAXABV?$basic_string@DU?$char_traits@D@std@@V?$allocator@D@2@@std@@0@Z 004149de f   Common:Utils.obj
 0001:000139e3       ?GetLastErrorMessage@Win32@OnlineGameLib@@YA?AV?$basic_string@DU?$char_traits@D@std@@V?$allocator@D@2@@std@@K@Z 004149e3 f   Common:Utils.obj
 0001:00013a6c       ?HexToString@Win32@OnlineGameLib@@YA?AV?$basic_string@DU?$char_traits@D@std@@V?$allocator@D@2@@std@@PBEI@Z 00414a6c f   Common:Utils.obj
 0001:00013b88       ?StringToHex@Win32@OnlineGameLib@@YAXABV?$basic_string@DU?$char_traits@D@std@@V?$allocator@D@2@@std@@PAEI@Z 00414b88 f   Common:Utils.obj
 0001:00013cd7       ?HexStringToDWORD@Win32@OnlineGameLib@@YAKPBD@Z 00414cd7 f   Common:Utils.obj
 0001:00013d91       ?HashStr2ID@Win32@OnlineGameLib@@YAKQBD@Z 00414d91 f   Common:Utils.obj
 0001:00013dfc       ?net_aton@Win32@OnlineGameLib@@YAKPBD@Z 00414dfc f   Common:Utils.obj
 0001:00013ee1       ?net_ntoa@Win32@OnlineGameLib@@YAPBDK@Z 00414ee1 f   Common:Utils.obj
 0001:00013f3d       ?GetCurrentDirectoryA@Win32@OnlineGameLib@@YA?AV?$basic_string@DU?$char_traits@D@std@@V?$allocator@D@2@@std@@XZ 00414f3d f   Common:Utils.obj
 0001:00014027       ?GetAppFullPath@Win32@OnlineGameLib@@YA?AV?$basic_string@DU?$char_traits@D@std@@V?$allocator@D@2@@std@@PAUHINSTANCE__@@@Z 00415027 f   Common:Utils.obj
 0001:00014141       ?GetDateStamp@Win32@OnlineGameLib@@YA?AV?$basic_string@DU?$char_traits@D@std@@V?$allocator@D@2@@std@@XZ 00415141 f   Common:Utils.obj
 0001:000141b4       ?GetTimeStamp@Win32@OnlineGameLib@@YA?AV?$basic_string@DU?$char_traits@D@std@@V?$allocator@D@2@@std@@XZ 004151b4 f   Common:Utils.obj
 0001:0001421b       ?ToHex@Win32@OnlineGameLib@@YA?AV?$basic_string@DU?$char_traits@D@std@@V?$allocator@D@2@@std@@E@Z 0041521b f   Common:Utils.obj
 0001:00014268       ?DumpData@Win32@OnlineGameLib@@YA?AV?$basic_string@DU?$char_traits@D@std@@V?$allocator@D@2@@std@@QBEII@Z 00415268 f   Common:Utils.obj
 0001:00014568       ?GetComputerNameA@Win32@OnlineGameLib@@YA?AV?$basic_string@DU?$char_traits@D@std@@V?$allocator@D@2@@std@@XZ 00415568 f   Common:Utils.obj
 0001:00014617       ?GetModuleFileNameA@Win32@OnlineGameLib@@YA?AV?$basic_string@DU?$char_traits@D@std@@V?$allocator@D@2@@std@@PAUHINSTANCE__@@@Z 00415617 f   Common:Utils.obj
 0001:000146df       ?GetUserNameA@Win32@OnlineGameLib@@YA?AV?$basic_string@DU?$char_traits@D@std@@V?$allocator@D@2@@std@@XZ 004156df f   Common:Utils.obj
 0001:000147a9       ?StripLeading@Win32@OnlineGameLib@@YA?AV?$basic_string@DU?$char_traits@D@std@@V?$allocator@D@2@@std@@ABV34@D@Z 004157a9 f   Common:Utils.obj
 0001:000147ff       ?StripTrailing@Win32@OnlineGameLib@@YA?AV?$basic_string@DU?$char_traits@D@std@@V?$allocator@D@2@@std@@ABV34@D@Z 004157ff f   Common:Utils.obj
 0001:00014878       ?GetFileVersion@Win32@OnlineGameLib@@YA?AV?$basic_string@DU?$char_traits@D@std@@V?$allocator@D@2@@std@@XZ 00415878 f   Common:Utils.obj
 0001:00014ae5       ?GetLocalName@Win32@OnlineGameLib@@YA_NPADI@Z 00415ae5 f   Common:Utils.obj
 0001:00014baf       ?GetLocalAddress@Win32@OnlineGameLib@@YA_NPADIH@Z 00415baf f   Common:Utils.obj
 0001:00014d30       ??_D?$basic_fstream@DU?$char_traits@D@std@@@std@@QAEXXZ 00415d30 f i Common:Utils.obj
 0001:00014d60       ?T2A@@YAPADPAD@Z           00415d60 f i Common:Utils.obj
 0001:00014d70       ??Y?$basic_string@DU?$char_traits@D@std@@V?$allocator@D@2@@std@@QAEAAV01@ABV01@@Z 00415d70 f i Common:Utils.obj
 0001:00014d90       ??Y?$basic_string@DU?$char_traits@D@std@@V?$allocator@D@2@@std@@QAEAAV01@PBD@Z 00415d90 f i Common:Utils.obj
 0001:00014db0       ??Y?$basic_string@DU?$char_traits@D@std@@V?$allocator@D@2@@std@@QAEAAV01@D@Z 00415db0 f i Common:Utils.obj
 0001:00014dd0       ??A?$basic_string@DU?$char_traits@D@std@@V?$allocator@D@2@@std@@QBEABDI@Z 00415dd0 f i Common:Utils.obj
 0001:00014e00       ?length@?$basic_string@DU?$char_traits@D@std@@V?$allocator@D@2@@std@@QBEIXZ 00415e00 f i Common:Utils.obj
 0001:00014e20       ?substr@?$basic_string@DU?$char_traits@D@std@@V?$allocator@D@2@@std@@QBE?AV12@II@Z 00415e20 f i Common:Utils.obj
 0001:00014e60       ??1?$basic_ios@DU?$char_traits@D@std@@@std@@UAE@XZ 00415e60 f i Common:Utils.obj
 0001:00014e80       ??0?$basic_fstream@DU?$char_traits@D@std@@@std@@QAE@XZ 00415e80 f i Common:Utils.obj
 0001:00014f30       ??0?$basic_ios@DU?$char_traits@D@std@@@std@@IAE@XZ 00415f30 f i Common:Utils.obj
 0001:00014f50       ??0ios_base@std@@IAE@XZ    00415f50 f i Common:Utils.obj
 0001:00014f80       ??0locale@std@@QAE@W4_Uninitialized@1@@Z 00415f80 f i Common:Utils.obj
 0001:00014f90       ??_Gios_base@std@@UAEPAXI@Z 00415f90 f i Common:Utils.obj
 0001:00014f90       ??_Eios_base@std@@UAEPAXI@Z 00415f90 f i Common:Utils.obj
 0001:00014fc0       ??0?$basic_iostream@DU?$char_traits@D@std@@@std@@QAE@PAV?$basic_streambuf@DU?$char_traits@D@std@@@1@@Z 00415fc0 f i Common:Utils.obj
 0001:00015080       ??0?$basic_ostream@DU?$char_traits@D@std@@@std@@QAE@PAV?$basic_streambuf@DU?$char_traits@D@std@@@1@_N1@Z 00416080 f i Common:Utils.obj
 0001:00015130       ??0?$basic_istream@DU?$char_traits@D@std@@@std@@QAE@PAV?$basic_streambuf@DU?$char_traits@D@std@@@1@_N@Z 00416130 f i Common:Utils.obj
 0001:000151d0       ??1?$basic_istream@DU?$char_traits@D@std@@@std@@UAE@XZ 004161d0 f i Common:Utils.obj
 0001:000151f0       ??1?$basic_iostream@DU?$char_traits@D@std@@@std@@UAE@XZ 004161f0 f i Common:Utils.obj
 0001:00015270       ??1?$basic_ostream@DU?$char_traits@D@std@@@std@@UAE@XZ 00416270 f i Common:Utils.obj
 0001:00015290       ??1?$basic_fstream@DU?$char_traits@D@std@@@std@@UAE@XZ 00416290 f i Common:Utils.obj
 0001:00015300       ?is_open@?$basic_fstream@DU?$char_traits@D@std@@@std@@QBE_NXZ 00416300 f i Common:Utils.obj
 0001:00015320       ?close@?$basic_fstream@DU?$char_traits@D@std@@@std@@QAEXXZ 00416320 f i Common:Utils.obj
 0001:00015350       ??1?$basic_filebuf@DU?$char_traits@D@std@@@std@@UAE@XZ 00416350 f i Common:Utils.obj
 0001:000153f0       ??1?$basic_streambuf@DU?$char_traits@D@std@@@std@@UAE@XZ 004163f0 f i Common:Utils.obj
 0001:00015410       ?overflow@?$basic_streambuf@DU?$char_traits@D@std@@@std@@MAEHH@Z 00416410 f i Common:Utils.obj
 0001:00015430       ?pbackfail@?$basic_streambuf@DU?$char_traits@D@std@@@std@@MAEHH@Z 00416430 f i Common:Utils.obj
 0001:00015450       ?showmanyc@?$basic_streambuf@DU?$char_traits@D@std@@@std@@MAEHXZ 00416450 f i Common:Utils.obj
 0001:00015460       ?underflow@?$basic_streambuf@DU?$char_traits@D@std@@@std@@MAEHXZ 00416460 f i Common:Utils.obj
 0001:00015470       ?uflow@?$basic_streambuf@DU?$char_traits@D@std@@@std@@MAEHXZ 00416470 f i Common:Utils.obj
[...]
 0001:00014d03       _$E58                      00415d03 f   Common:Utils.obj
 0001:00014d12       _$E57                      00415d12 f   Common:Utils.obj
 0001:000135a8       _$E19                      004145a8 f   Common:Exception.obj
 0001:000135b7       _$E18                      004145b7 f   Common:Exception.obj
 0001:00013416       _$E21                      00414416 f   Common:Win32Exception.obj
 0001:00013425       _$E20                      00414425 f   Common:Win32Exception.obj
 0001:0001089b       _$E23                      0041189b f   Common:Buffer.obj
 0001:000108aa       _$E22                      004118aa f   Common:Buffer.obj
 0001:0000f282       _$E19                      00410282 f   Common:UsesWinsock.obj
 0001:0000f291       _$E18                      00410291 f   Common:UsesWinsock.obj
 0001:0000f176       _$E19                      00410176 f   Common:Library.obj
 0001:0000f185       _$E18                      00410185 f   Common:Library.obj
 0001:00024919       _$E37                      00425919 f   libcpmt:xlocale.obj
 0001:0002492e       _$E36                      0042592e f   libcpmt:xlocale.obj
 0001:00021a50       _$E47                      00422a50 f   libcpmt:wlocale.obj
 0001:00021a65       _$E46                      00422a65 f   libcpmt:wlocale.obj
 0001:0001b862       _$E2                       0041c862 f   libcpmt:nomemory.obj
 0001:0001b45d       __Mbrtowc_lk               0041c45d f   libcpmt:xmbtowc.obj
 0001:0001b3b8       _$E24                      0041c3b8 f   libcpmt:string.obj
 0001:0001b3e2       _$E20                      0041c3e2 f   libcpmt:string.obj
 0001:0001b3ee       _$E23                      0041c3ee f   libcpmt:string.obj
 0001:0001b062       _$E32                      0041c062 f   libcpmt:locale.obj
 0001:0001b08c       _$E28                      0041c08c f   libcpmt:locale.obj
 0001:0001b098       _$E31                      0041c098 f   libcpmt:locale.obj
 0001:00018888       _$E18                      00419888 f   libcpmt:locale0.obj
 0001:00018892       _$E15                      00419892 f   libcpmt:locale0.obj
 0001:00018893       _$E17                      00419893 f   libcpmt:locale0.obj
 0001:0001889f       _$E16                      0041989f f   libcpmt:locale0.obj
 0001:00018d56       _$E29                      00419d56 f   libcpmt:locale0.obj
 0001:00018d80       _$E25                      00419d80 f   libcpmt:locale0.obj
 0001:00018d8c       _$E28                      00419d8c f   libcpmt:locale0.obj
 0001:00018284       ?_CleanUp@std@@YAXXZ       00419284 f   libcpmt:xlock.obj
 0001:00017334       _$E18                      00418334 f   libcpmt:wiostrea.obj
 0001:0001733e       _$E15                      0041833e f   libcpmt:wiostrea.obj
 0001:00017348       _$E17                      00418348 f   libcpmt:wiostrea.obj
 0001:00017354       _$E16                      00418354 f   libcpmt:wiostrea.obj
 0001:0001735e       _$E24                      0041835e f   libcpmt:wiostrea.obj
 0001:00017368       _$E21                      00418368 f   libcpmt:wiostrea.obj
 0001:00017372       _$E23                      00418372 f   libcpmt:wiostrea.obj
 0001:0001737e       _$E22                      0041837e f   libcpmt:wiostrea.obj
 0001:00017388       _$E29                      00418388 f   libcpmt:wiostrea.obj
 0001:00017392       _$E26                      00418392 f   libcpmt:wiostrea.obj
 0001:0001739f       _$E28                      0041839f f   libcpmt:wiostrea.obj
 0001:000173ab       _$E27                      004183ab f   libcpmt:wiostrea.obj
 0001:000173b5       _$E34                      004183b5 f   libcpmt:wiostrea.obj
 0001:000173bf       _$E31                      004183bf f   libcpmt:wiostrea.obj
 0001:000173cc       _$E33                      004183cc f   libcpmt:wiostrea.obj
 0001:000173d8       _$E32                      004183d8 f   libcpmt:wiostrea.obj
 0001:000173e2       _$E39                      004183e2 f   libcpmt:wiostrea.obj
 0001:000173ec       _$E36                      004183ec f   libcpmt:wiostrea.obj
 0001:000173f9       _$E38                      004183f9 f   libcpmt:wiostrea.obj
 0001:00017405       _$E37                      00418405 f   libcpmt:wiostrea.obj
 0001:0001740f       _$E44                      0041840f f   libcpmt:wiostrea.obj
 0001:00017419       _$E41                      00418419 f   libcpmt:wiostrea.obj
 0001:00017428       _$E43                      00418428 f   libcpmt:wiostrea.obj
 0001:00017434       _$E42                      00418434 f   libcpmt:wiostrea.obj
 0001:00017453       _$E49                      00418453 f   libcpmt:wiostrea.obj
 0001:0001745d       _$E46                      0041845d f   libcpmt:wiostrea.obj
 0001:0001746c       _$E48                      0041846c f   libcpmt:wiostrea.obj
 0001:00017478       _$E47                      00418478 f   libcpmt:wiostrea.obj
 0001:00017497       _$E54                      00418497 f   libcpmt:wiostrea.obj
 0001:000174a1       _$E51                      004184a1 f   libcpmt:wiostrea.obj
 0001:000174b0       _$E53                      004184b0 f   libcpmt:wiostrea.obj
 0001:000174bc       _$E52                      004184bc f   libcpmt:wiostrea.obj
 0001:000174c6       _$E59                      004184c6 f   libcpmt:wiostrea.obj
 0001:000174d0       _$E56                      004184d0 f   libcpmt:wiostrea.obj
 0001:000174df       _$E58                      004184df f   libcpmt:wiostrea.obj
 0001:000174eb       _$E57                      004184eb f   libcpmt:wiostrea.obj
 0001:000181b9       _$E70                      004191b9 f   libcpmt:wiostrea.obj
 0001:000181e3       _$E66                      004191e3 f   libcpmt:wiostrea.obj
 0001:000181ef       _$E69                      004191ef f   libcpmt:wiostrea.obj
 0001:00016f22       _$E18                      00417f22 f   libcpmt:iostream.obj
 0001:00016f2c       _$E15                      00417f2c f   libcpmt:iostream.obj
 0001:00016f39       _$E17                      00417f39 f   libcpmt:iostream.obj
 0001:00016f45       _$E16                      00417f45 f   libcpmt:iostream.obj
 0001:00016f4f       _$E23                      00417f4f f   libcpmt:iostream.obj
 0001:00016f59       _$E20                      00417f59 f   libcpmt:iostream.obj
 0001:00016f66       _$E22                      00417f66 f   libcpmt:iostream.obj
 0001:00016f72       _$E21                      00417f72 f   libcpmt:iostream.obj
 0001:00016f7c       _$E28                      00417f7c f   libcpmt:iostream.obj
 0001:00016f86       _$E25                      00417f86 f   libcpmt:iostream.obj
 0001:00016f95       _$E27                      00417f95 f   libcpmt:iostream.obj
 0001:00016fa1       _$E26                      00417fa1 f   libcpmt:iostream.obj
 0001:00016fab       _$E33                      00417fab f   libcpmt:iostream.obj
 0001:00016fb5       _$E30                      00417fb5 f   libcpmt:iostream.obj
 0001:00016fc4       _$E32                      00417fc4 f   libcpmt:iostream.obj
 0001:00016fd0       _$E31                      00417fd0 f   libcpmt:iostream.obj
 0001:00016fda       _$E38                      00417fda f   libcpmt:iostream.obj
 0001:00016fe4       _$E35                      00417fe4 f   libcpmt:iostream.obj
 0001:00016ff1       _$E37                      00417ff1 f   libcpmt:iostream.obj
 0001:00016ffd       _$E36                      00417ffd f   libcpmt:iostream.obj
 0001:00017007       _$E43                      00418007 f   libcpmt:iostream.obj
 0001:00017011       _$E40                      00418011 f   libcpmt:iostream.obj
 0001:00017020       _$E42                      00418020 f   libcpmt:iostream.obj
 0001:0001702c       _$E41                      0041802c f   libcpmt:iostream.obj
 0001:00017036       _$E48                      00418036 f   libcpmt:iostream.obj
 0001:00017040       _$E45                      00418040 f   libcpmt:iostream.obj
 0001:0001704f       _$E47                      0041804f f   libcpmt:iostream.obj
 0001:0001705b       _$E46                      0041805b f   libcpmt:iostream.obj
 0001:000172f1       _$E60                      004182f1 f   libcpmt:iostream.obj
 0001:0001731b       _$E56                      0041831b f   libcpmt:iostream.obj
 0001:00017327       _$E59                      00418327 f   libcpmt:iostream.obj
 0001:00032f3e       _findenv                   00433f3e f   LIBCMT:setenv.obj
 0001:00032f96       _copy_environ              00433f96 f   LIBCMT:setenv.obj
 0001:00031f9e       _ctrlevent_capture@4       00432f9e f   LIBCMT:winsig.obj
 0001:00032182       _siglookup                 00433182 f   LIBCMT:winsig.obj
 0001:000315f3       _xtoa                      004325f3 f   LIBCMT:xtoa.obj
 0001:000316c5       _x64toa@20                 004326c5 f   LIBCMT:xtoa.obj
 0001:00030cb5       _getSystemCP               00431cb5 f   LIBCMT:mbctype.obj
 0001:00030cff       _CPtoLCID                  00431cff f   LIBCMT:mbctype.obj
 0001:00030d32       _setSBCS                   00431d32 f   LIBCMT:mbctype.obj
 0001:00030d5b       _setSBUpLow                00431d5b f   LIBCMT:mbctype.obj
 0001:00030250       __abstract_cw              00431250 f   LIBCMT:ieee87.obj
 0001:000302e2       __hw_cw                    004312e2 f   LIBCMT:ieee87.obj
 0001:0003036b       __abstract_sw              0043136b f   LIBCMT:ieee87.obj
 0001:0002f19a       __tzset_lk                 0043019a f   LIBCMT:tzset.obj
 0001:0002f442       __isindst_lk               00430442 f   LIBCMT:tzset.obj
 0001:0002f5ee       _cvtdate                   004305ee f   LIBCMT:tzset.obj
 0001:0002e9e7       _TranslateName             0042f9e7 f   LIBCMT:getqloc.obj
 0001:0002ea3f       _GetLcidFromLangCountry    0042fa3f f   LIBCMT:getqloc.obj
 0001:0002eac6       _LangCountryEnumProc@4     0042fac6 f   LIBCMT:getqloc.obj
 0001:0002ecca       _GetLcidFromLanguage       0042fcca f   LIBCMT:getqloc.obj
 0001:0002ed20       _LanguageEnumProc@4        0042fd20 f   LIBCMT:getqloc.obj
 0001:0002eddd       _GetLcidFromCountry        0042fddd f   LIBCMT:getqloc.obj
 0001:0002ee14       _CountryEnumProc@4         0042fe14 f   LIBCMT:getqloc.obj
 0001:0002ee9a       _GetLcidFromDefault        0042fe9a f   LIBCMT:getqloc.obj
 0001:0002eeb4       _ProcessCodePage           0042feb4 f   LIBCMT:getqloc.obj
 0001:0002ef1a       _TestDefaultCountry        0042ff1a f   LIBCMT:getqloc.obj
 0001:0002ef39       _TestDefaultLanguage       0042ff39 f   LIBCMT:getqloc.obj
 0001:0002ef9b       _IsThisWindowsNT           0042ff9b f   LIBCMT:getqloc.obj
 0001:0002efd1       _crtGetLocaleInfoA@16      0042ffd1 f   LIBCMT:getqloc.obj
 0001:0002f0b7       _LcidFromHexString         004300b7 f   LIBCMT:getqloc.obj
 0001:0002f0f0       _GetPrimaryLen             004300f0 f   LIBCMT:getqloc.obj
 0001:0002e2fd       __get_lc_lconv             0042f2fd f   LIBCMT:initmon.obj
 0001:0002e41f       _fix_grouping              0042f41f f   LIBCMT:initmon.obj
 0001:0002e456       __free_lc_lconv            0042f456 f   LIBCMT:initmon.obj
 0001:0002e1fb       _fix_grouping              0042f1fb f   LIBCMT:initnum.obj
 0001:0002db48       __get_lc_time              0042eb48 f   LIBCMT:inittime.obj
 0001:0002de96       __free_lc_time             0042ee96 f   LIBCMT:inittime.obj
 0001:0002b78c       _parse_cmdline             0042c78c f   LIBCMT:stdargv.obj
 0001:0002b600       _xcptlookup                0042c600 f   LIBCMT:winxfltr.obj
 0001:0002b1fb       __cftoe2                   0042c1fb f   LIBCMT:cvt.obj
 0001:0002b312       __cftof2                   0042c312 f   LIBCMT:cvt.obj
 0001:0002b49d       __shift                    0042c49d f   LIBCMT:cvt.obj
 0001:0002a8ab       _write_char                0042b8ab f   LIBCMT:output.obj
 0001:0002a8e0       _write_multi_char          0042b8e0 f   LIBCMT:output.obj
 0001:0002a911       _write_string              0042b911 f   LIBCMT:output.obj
 0001:0002a949       _get_int_arg               0042b949 f   LIBCMT:output.obj
 0001:0002a956       _get_int64_arg             0042b956 f   LIBCMT:output.obj
 0001:0002a966       _get_short_arg             0042b966 f   LIBCMT:output.obj
 0001:00029682       ?FindHandler@@YAXPAUEHExceptionRecord@@PAUEHRegistrationNode@@PAU_CONTEXT@@PAXPBU_s_FuncInfo@@EH1@Z 0042a682 f   LIBCMT:frame.obj
 0001:00029835       ?FindHandlerForForeignException@@YAXPAUEHExceptionRecord@@PAUEHRegistrationNode@@PAU_CONTEXT@@PAXPBU_s_FuncInfo@@HH1@Z 0042a835 f   LIBCMT:frame.obj
 0001:000298df       ?TypeMatch@@YAHPBU_s_HandlerType@@PBU_s_CatchableType@@PBU_s_ThrowInfo@@@Z 0042a8df f   LIBCMT:frame.obj
 0001:000299da       ?FrameUnwindFilter@@YAHPAU_EXCEPTION_POINTERS@@@Z 0042a9da f   LIBCMT:frame.obj
 0001:000299f0       ?CatchIt@@YAXPAUEHExceptionRecord@@PAUEHRegistrationNode@@PAU_CONTEXT@@PAXPBU_s_FuncInfo@@PBU_s_HandlerType@@PBU_s_CatchableType@@PBU_s_TryBlockMapEntry@@H1E@Z 0042a9f0 f   LIBCMT:frame.obj
 0001:00029a6b       ?CallCatchBlock@@YAPAXPAUEHExceptionRecord@@PAUEHRegistrationNode@@PAU_CONTEXT@@PBU_s_FuncInfo@@PAXHK@Z 0042aa6b f   LIBCMT:frame.obj
 0001:00029b86       ?ExFilterRethrow@@YAHPAU_EXCEPTION_POINTERS@@@Z 0042ab86 f   LIBCMT:frame.obj
 0001:00029bb0       ?BuildCatchObject@@YAXPAUEHExceptionRecord@@PAUEHRegistrationNode@@PBU_s_HandlerType@@PBU_s_CatchableType@@@Z 0042abb0 f   LIBCMT:frame.obj
 0001:00029ddb       ?AdjustPointer@@YAPAXPAXABUPMD@@@Z 0042addb f   LIBCMT:frame.obj
 0001:000294d1       _doexit                    0042a4d1 f   LIBCMT:crt0dat.obj
 0001:00029588       __initterm                 0042a588 f   LIBCMT:crt0dat.obj
 0001:00029404       _strncnt                   0042a404 f   LIBCMT:a_cmp.obj
 0001:0002903d       _strncnt                   0042a03d f   LIBCMT:a_map.obj
 0001:0002865f       __expandtime               0042965f f   LIBCMT:strftime.obj
 0001:00028a4e       __store_str                00429a4e f   LIBCMT:strftime.obj
 0001:00028a75       __store_num                00429a75 f   LIBCMT:strftime.obj
 0001:00028ae4       __store_number             00429ae4 f   LIBCMT:strftime.obj
 0001:00028b2d       __store_winword            00429b2d f   LIBCMT:strftime.obj
 0001:00027e30       _strtoxl                   00428e30 f   LIBCMT:strtol.obj
 0001:00027822       __setlocale_set_cat        00428822 f   LIBCMT:setlocal.obj
 0001:0002793d       __setlocale_get_all        0042893d f   LIBCMT:setlocal.obj
 0001:00026f5b       _flsall                    00427f5b f   LIBCMT:fflush.obj
 0001:0002676a       _fast_error_exit           0042776a f   LIBCMT:crt0.obj
 0001:00026390       LeadUp1                    00427390 f   LIBCMT:memmove.obj
 0001:000263bc       LeadUp2                    004273bc f   LIBCMT:memmove.obj
 0001:000263e0       LeadUp3                    004273e0 f   LIBCMT:memmove.obj
 0001:0002645f       UnwindUp0                  0042745f f   LIBCMT:memmove.obj
 0001:0002644c       UnwindUp1                  0042744c f   LIBCMT:memmove.obj
 0001:00026444       UnwindUp2                  00427444 f   LIBCMT:memmove.obj
 0001:0002643c       UnwindUp3                  0042743c f   LIBCMT:memmove.obj
 0001:00026434       UnwindUp4                  00427434 f   LIBCMT:memmove.obj
 0001:0002642c       UnwindUp5                  0042742c f   LIBCMT:memmove.obj
 0001:00026424       UnwindUp6                  00427424 f   LIBCMT:memmove.obj
 0001:0002641c       UnwindUp7                  0042741c f   LIBCMT:memmove.obj
 0001:00026478       TrailUp0                   00427478 f   LIBCMT:memmove.obj
 0001:00026480       TrailUp1                   00427480 f   LIBCMT:memmove.obj
 0001:0002648c       TrailUp2                   0042748c f   LIBCMT:memmove.obj
 0001:000264a0       TrailUp3                   004274a0 f   LIBCMT:memmove.obj
 0001:00026518       LeadDown1                  00427518 f   LIBCMT:memmove.obj
 0001:00026538       LeadDown2                  00427538 f   LIBCMT:memmove.obj
 0001:00026560       LeadDown3                  00427560 f   LIBCMT:memmove.obj
 0001:000265b4       UnwindDown7                004275b4 f   LIBCMT:memmove.obj
 0001:000265bc       UnwindDown6                004275bc f   LIBCMT:memmove.obj
 0001:000265c4       UnwindDown5                004275c4 f   LIBCMT:memmove.obj
 0001:000265cc       UnwindDown4                004275cc f   LIBCMT:memmove.obj
 0001:000265d4       UnwindDown3                004275d4 f   LIBCMT:memmove.obj
 0001:000265dc       UnwindDown2                004275dc f   LIBCMT:memmove.obj
 0001:000265e4       UnwindDown1                004275e4 f   LIBCMT:memmove.obj
 0001:000265f7       UnwindDown0                004275f7 f   LIBCMT:memmove.obj
 0001:00026610       TrailDown0                 00427610 f   LIBCMT:memmove.obj
 0001:00026618       TrailDown1                 00427618 f   LIBCMT:memmove.obj
 0001:00026628       TrailDown2                 00427628 f   LIBCMT:memmove.obj
 0001:0002663c       TrailDown3                 0042763c f   LIBCMT:memmove.obj
 0001:00025890       LeadUp1                    00426890 f   LIBCMT:memcpy.obj
 0001:000258bc       LeadUp2                    004268bc f   LIBCMT:memcpy.obj
 0001:000258e0       LeadUp3                    004268e0 f   LIBCMT:memcpy.obj
 0001:0002595f       UnwindUp0                  0042695f f   LIBCMT:memcpy.obj
 0001:0002594c       UnwindUp1                  0042694c f   LIBCMT:memcpy.obj
 0001:00025944       UnwindUp2                  00426944 f   LIBCMT:memcpy.obj
 0001:0002593c       UnwindUp3                  0042693c f   LIBCMT:memcpy.obj
 0001:00025934       UnwindUp4                  00426934 f   LIBCMT:memcpy.obj
 0001:0002592c       UnwindUp5                  0042692c f   LIBCMT:memcpy.obj
 0001:00025924       UnwindUp6                  00426924 f   LIBCMT:memcpy.obj
 0001:0002591c       UnwindUp7                  0042691c f   LIBCMT:memcpy.obj
 0001:00025978       TrailUp0                   00426978 f   LIBCMT:memcpy.obj
 0001:00025980       TrailUp1                   00426980 f   LIBCMT:memcpy.obj
 0001:0002598c       TrailUp2                   0042698c f   LIBCMT:memcpy.obj
 0001:000259a0       TrailUp3                   004269a0 f   LIBCMT:memcpy.obj
 0001:00025a18       LeadDown1                  00426a18 f   LIBCMT:memcpy.obj
 0001:00025a38       LeadDown2                  00426a38 f   LIBCMT:memcpy.obj
 0001:00025a60       LeadDown3                  00426a60 f   LIBCMT:memcpy.obj
 0001:00025ab4       UnwindDown7                00426ab4 f   LIBCMT:memcpy.obj
 0001:00025abc       UnwindDown6                00426abc f   LIBCMT:memcpy.obj
 0001:00025ac4       UnwindDown5                00426ac4 f   LIBCMT:memcpy.obj
 0001:00025acc       UnwindDown4                00426acc f   LIBCMT:memcpy.obj
 0001:00025ad4       UnwindDown3                00426ad4 f   LIBCMT:memcpy.obj
 0001:00025adc       UnwindDown2                00426adc f   LIBCMT:memcpy.obj
 0001:00025ae4       UnwindDown1                00426ae4 f   LIBCMT:memcpy.obj
 0001:00025af7       UnwindDown0                00426af7 f   LIBCMT:memcpy.obj
 0001:00025b10       TrailDown0                 00426b10 f   LIBCMT:memcpy.obj
 0001:00025b18       TrailDown1                 00426b18 f   LIBCMT:memcpy.obj
 0001:00025b28       TrailDown2                 00426b28 f   LIBCMT:memcpy.obj
 0001:00025b3c       TrailDown3                 00426b3c f   LIBCMT:memcpy.obj
 0001:0002568c       _gu_return                 0042668c f   LIBCMT:exsup.obj
 0001:00025694       __unwind_handler           00426694 f   LIBCMT:exsup.obj
 0001:000254a7       ?CatchGuardHandler@@YA?AW4_EXCEPTION_DISPOSITION@@PAUEHExceptionRecord@@PAUCatchGuardRN@@PAX2@Z 004264a7 f   LIBCMT:trnsctrl.obj
 0001:00025582       ?TranslatorGuardHandler@@YA?AW4_EXCEPTION_DISPOSITION@@PAUEHExceptionRecord@@PAUTranslatorGuardRN@@PAX2@Z 00426582 f   LIBCMT:trnsctrl.obj
