 CoreServer

 Timestamp is 61ae48e0 (Tue Dec 07 00:31:12 2021)

 Preferred load address is 10000000

 Start         Length     Name                   Class
 0001:00000000 000eb8f0H .text                   CODE
 0001:000eb8f0 00004433H .text$x                 CODE
 0002:00000000 00000354H .idata$5                DATA
 0002:00000360 00007924H .rdata                  DATA
 0002:00007c88 00001344H .rdata$r                DATA
 0002:00008fd0 00006210H .xdata$x                DATA
 0002:0000f1e0 0000008cH .idata$2                DATA
 0002:0000f26c 00000014H .idata$3                DATA
 0002:0000f280 00000354H .idata$4                DATA
 0002:0000f5d4 0000130aH .idata$6                DATA
 0002:000108e0 00001c0fH .edata                  DATA
 0003:00000000 00000004H .CRT$XCA                DATA
 0003:00000004 00000170H .CRT$XCU                DATA
 0003:00000174 00000004H .CRT$XCZ                DATA
 0003:00000178 00000004H .CRT$XIA                DATA
 0003:0000017c 0000000cH .CRT$XIC                DATA
 0003:00000188 00000004H .CRT$XIY                DATA
 0003:0000018c 00000004H .CRT$XIZ                DATA
 0003:00000190 00000004H .CRT$XPA                DATA
 0003:00000194 00000008H .CRT$XPX                DATA
 0003:0000019c 00000004H .CRT$XPZ                DATA
 0003:000001a0 00000004H .CRT$XTA                DATA
 0003:000001a4 00000004H .CRT$XTB                DATA
 0003:000001a8 00000004H .CRT$XTZ                DATA
 0003:000001b0 00013194H .data                   DATA
 0003:00013348 347605ccH .bss                    DATA

  Address         Publics by Value              Rva+Base     Lib:Object

 0001:00000000       ??_H@YGXPAXIHP6EX0@Z@Z     10001000 f i KPartnerSkill.obj
 0001:00000040       ?GetMoney@KInventory@@QAEHXZ 10001040 f i KThiefSkill.obj
 0001:00000060       ?SetMoney@KInventory@@QAEHH@Z 10001060 f i KThiefSkill.obj
 0001:00000090       ??4KInventory@@QAEAAV0@ABV0@@Z 10001090 f i KThiefSkill.obj
 0001:000000d0       ?GetEquipment@KItemList@@QAEHH@Z 100010d0 f i KThiefSkill.obj
 0001:000000f0       ?GetItemPGBox@KItemList@@QAEHH@Z 100010f0 f i KThiefSkill.obj
 0001:00000110       ?GetMoney@KItemList@@QAEHH@Z 10001110 f i KThiefSkill.obj
 0001:00000150       ?Hand@KItemList@@QAEHXZ    10001150 f i KThiefSkill.obj
 0001:00000170       ?GetMaskLock@KItemList@@QAEHXZ 10001170 f i KThiefSkill.obj
 0001:00000190       ??4KItemList@@QAEAAV0@ABV0@@Z 10001190 f i KThiefSkill.obj
 0001:000001c0       ??0KThiefSkill@@QAE@XZ     100011c0 f   KThiefSkill.obj
 0001:00000222       ??1KThiefSkill@@UAE@XZ     10001222 f   KThiefSkill.obj
 0001:0000024f       ?GetSkillId@KThiefSkill@@UAEHXZ 1000124f f   KThiefSkill.obj
 0001:00000266       ?GetSkillName@KThiefSkill@@UAEPBDXZ 10001266 f   KThiefSkill.obj
 0001:0000027e       ?GetSkillStyle@KThiefSkill@@UAEHXZ 1000127e f   KThiefSkill.obj
 0001:00000295       ?LoadSkillLevelData@KThiefSkill@@UAEXKH@Z 10001295 f   KThiefSkill.obj
 0001:000002a9       ?DoSkill@KThiefSkill@@QAEHPAVKNpc@@HH@Z 100012a9 f   KThiefSkill.obj
 0001:00000342       ?Cast_Redress@KThiefSkill@@AAEHPAVKPlayer@@0@Z 10001342 f   KThiefSkill.obj
 0001:000005b5       ?Cast_ShowLife@KThiefSkill@@AAEHPAVKPlayer@@0@Z 100015b5 f   KThiefSkill.obj
 0001:000006a8       ?Cast_ShowMana@KThiefSkill@@AAEHPAVKPlayer@@0@Z 100016a8 f   KThiefSkill.obj
 0001:0000079b       ?Cast_ShowMoney@KThiefSkill@@AAEHPAVKPlayer@@0@Z 1000179b f   KThiefSkill.obj
 0001:00000876       ?Cast_RunScript@KThiefSkill@@AAEHPAVKPlayer@@0@Z 10001876 f   KThiefSkill.obj
 0001:000008f5       ?Cast@KThiefSkill@@QAEHPAVKPlayer@@0@Z 100018f5 f   KThiefSkill.obj
 0001:000009ee       ?OnSkill@KThiefSkill@@QAEHPAVKNpc@@@Z 100019ee f   KThiefSkill.obj
 0001:00000bd5       ?CanCastSkill@KThiefSkill@@UBEHHAAH0@Z 10001bd5 f   KThiefSkill.obj
 0001:00000ccd       ?LoadSetting@KThiefSkill@@QAEHPAD@Z 10001ccd f   KThiefSkill.obj
 0001:00001062       ?GetSkillCost@KThiefSkill@@UBEHPAX@Z 10002062 f   KThiefSkill.obj
 0001:00001180       ?GetSkillCostType@KThiefSkill@@UBE?AW4NPCATTRIB@@XZ 10002180 f i KThiefSkill.obj
 0001:000011a0       ?GetAttackRadius@KThiefSkill@@UBEHXZ 100021a0 f i KThiefSkill.obj
 0001:000011c0       ?IsTargetOnly@KThiefSkill@@UBEHXZ 100021c0 f i KThiefSkill.obj
 0001:000011e0       ?IsTargetEnemy@KThiefSkill@@UBEHXZ 100021e0 f i KThiefSkill.obj
 0001:00001200       ?IsTargetAlly@KThiefSkill@@UBEHXZ 10002200 f i KThiefSkill.obj
 0001:00001220       ?IsTargetObj@KThiefSkill@@UBEHXZ 10002220 f i KThiefSkill.obj
 0001:00001240       ??_GKThiefSkill@@UAEPAXI@Z 10002240 f i KThiefSkill.obj
 0001:00001240       ??_EKThiefSkill@@UAEPAXI@Z 10002240 f i KThiefSkill.obj
 0001:00001280       ??0ISkill@@QAE@XZ          10002280 f i KThiefSkill.obj
 0001:000012a0       ?GetDelayPerCast@KThiefSkill@@QAEKXZ 100022a0 f i KThiefSkill.obj
 0001:000012c0       ?GetDelayPerCastHorse@KThiefSkill@@QAEKXZ 100022c0 f i KThiefSkill.obj
 0001:000012e0       ??1ISkill@@UAE@XZ          100022e0 f i KThiefSkill.obj
 0001:00001300       ?GetSkillReqLevel@ISkill@@UBEGXZ 10002300 f i KThiefSkill.obj
 0001:00001320       ?IsAura@ISkill@@UBEHXZ     10002320 f i KThiefSkill.obj
 0001:00001340       ?IsPhysical@ISkill@@UBEHXZ 10002340 f i KThiefSkill.obj
 0001:00001360       ?IsSkillPhysical@ISkill@@UBEHXZ 10002360 f i KThiefSkill.obj
 0001:00001380       ?IsMelee@ISkill@@UBEHXZ    10002380 f i KThiefSkill.obj
 0001:000013a0       ?IsUseAR@ISkill@@UBEHXZ    100023a0 f i KThiefSkill.obj
 0001:000013c0       ?IsSkillMagic@ISkill@@UBEHXZ 100023c0 f i KThiefSkill.obj
 0001:000013e0       ?GetSkillLevelUpScriptId@ISkill@@UBEKXZ 100023e0 f i KThiefSkill.obj
 0001:00001400       ??_GISkill@@UAEPAXI@Z      10002400 f i KThiefSkill.obj
 0001:00001400       ??_EISkill@@UAEPAXI@Z      10002400 f i KThiefSkill.obj
 0001:00001440       ?GetRandomNumber@@YAHHH@Z  10002440 f i KThiefSkill.obj
 0001:00001470       ??0KMissleSet@@QAE@XZ      10002470 f i KMissle.obj
 0001:000014f0       ??4KMissleSet@@QAEAAV0@ABV0@@Z 100024f0 f i KMissle.obj
 0001:00001530       ??1KMissleSet@@QAE@XZ      10002530 f i KMissle.obj
 0001:000016ac       ??0KMissle@@QAE@XZ         100026ac f   KMissle.obj
 0001:00001808       ?Release@KMissle@@AAEXXZ   10002808 f   KMissle.obj
 0001:00001933       ??1KMissle@@UAE@XZ         10002933 f   KMissle.obj
 0001:00001963       ?GetInfoFromTabFile@KMissle@@QAEHH@Z 10002963 f   KMissle.obj
 0001:000019ab       ?GetInfoFromTabFile@KMissle@@QAEHPAVKITabFile@@H@Z 100029ab f   KMissle.obj
 0001:00001d4f       ?Init@KMissle@@AAEHHHHHH@Z 10002d4f f   KMissle.obj
 0001:00001d68       ?Activate@KMissle@@QAEHXZ  10002d68 f   KMissle.obj
 0001:000020a3       ?OnWait@KMissle@@AAEXXZ    100030a3 f   KMissle.obj
 0001:000020b5       ?OnCollision@KMissle@@AAEXXZ 100030b5 f   KMissle.obj
 0001:000020c7       ?CheckCollision@KMissle@@AAEHXZ 100030c7 f   KMissle.obj
 0001:000025ad       ?OnFly@KMissle@@AAEXXZ     100035ad f   KMissle.obj
 0001:0000382d       ?OnVanish@KMissle@@AAEXXZ  1000482d f   KMissle.obj
 0001:0000383f       ?CheckBeyondRegion@KMissle@@AAEHHHHH@Z 1000483f f   KMissle.obj
 0001:00003f87       ??4KMissle@@AAEAAV0@AAV0@@Z 10004f87 f   KMissle.obj
 0001:000041c3       ?ProcessDamage@KMissle@@AAEHH@Z 100051c3 f   KMissle.obj
 0001:0000471b       ?DoVanish@KMissle@@AAEXXZ  1000571b f   KMissle.obj
 0001:00004809       ?DoCollision@KMissle@@AAEXXZ 10005809 f   KMissle.obj
 0001:000048e0       ?DoFly@KMissle@@AAEXXZ     100058e0 f   KMissle.obj
 0001:0000490d       ?GetOffsetAxis@KMissle@@SAHHHHHHHAAH00@Z 1000590d f   KMissle.obj
 0001:00004a95       ?ProcessCollision@KMissle@@AAEHHHHHHH@Z 10005a95 f   KMissle.obj
 0001:00004e45       ?ProcessCollision@KMissle@@AAEHXZ 10005e45 f   KMissle.obj
 0001:00004eaf       ?DoWait@KMissle@@AAEXXZ    10005eaf f   KMissle.obj
 0001:00004ece       ?PrePareFly@KMissle@@AAEHXZ 10005ece f   KMissle.obj
 0001:000051e7       ?CheckNearestCollision@KMissle@@AAEHXZ 100061e7 f   KMissle.obj
 0001:000054fe       ?GetMpsPos@KMissle@@QAEXPAH0@Z 100064fe f   KMissle.obj
 0001:00005570       ??_GKMissle@@UAEPAXI@Z     10006570 f i KMissle.obj
 0001:00005570       ??_EKMissle@@UAEPAXI@Z     10006570 f i KMissle.obj
 0001:000055b0       ??_GKMissleMagicAttribsData@@QAEPAXI@Z 100065b0 f i KMissle.obj
 0001:000055f0       ??0KIndexNode@@QAE@XZ      100065f0 f i KMissle.obj
 0001:00005640       ??0KNode@@QAE@XZ           10006640 f i KMissle.obj
 0001:00005680       ??_GKNode@@UAEPAXI@Z       10006680 f i KMissle.obj
 0001:00005680       ??_EKNode@@UAEPAXI@Z       10006680 f i KMissle.obj
 0001:000056c0       ??1KNode@@UAE@XZ           100066c0 f i KMissle.obj
 0001:000056e0       ??_EKIndexNode@@UAEPAXI@Z  100066e0 f i KMissle.obj
 0001:000056e0       ??_GKIndexNode@@UAEPAXI@Z  100066e0 f i KMissle.obj
 0001:00005720       ??1KIndexNode@@UAE@XZ      10006720 f i KMissle.obj
 0001:00005750       ?IsMatch@KNpc@@QAEHK@Z     10006750 f i KMissle.obj
 0001:00005780       ?FindNpc@KRegion@@QAEHHHHH@Z 10006780 f i KMissle.obj
 0001:00005850       ?GetNext@KNode@@QAEPAV1@XZ 10006850 f i KMissle.obj
 0001:00005880       ?GetHead@KList@@QAEPAVKNode@@XZ 10006880 f i KMissle.obj
 0001:000058b0       ?g_DirSin@@YAHHH@Z         100068b0 f i KMissle.obj
 0001:000058e0       ?g_DirCos@@YAHHH@Z         100068e0 f i KMissle.obj
 0001:00005910       ?g_GetDirIndex@@YAHHHHH@Z  10006910 f i KMissle.obj
 0001:000059e0       ?g_GetDistance@@YAHHHHH@Z  100069e0 f i KMissle.obj
 0001:00005a40       ?Send@KWorldMsg@@QAEHKHHH@Z 10006a40 f i KMissle.obj
 0001:00005b20       ?AddTail@KList@@QAEXPAVKNode@@@Z 10006b20 f i KMissle.obj
 0001:00005b50       ?InsertBefore@KNode@@QAEXPAV1@@Z 10006b50 f i KMissle.obj
 0001:00005bd0       ??0KWorldMsgNode@@QAE@XZ   10006bd0 f i KMissle.obj
 0001:00005c00       ??_GKWorldMsgNode@@UAEPAXI@Z 10006c00 f i KMissle.obj
 0001:00005c00       ??_EKWorldMsgNode@@UAEPAXI@Z 10006c00 f i KMissle.obj
 0001:00005c40       ??1KWorldMsgNode@@UAE@XZ   10006c40 f i KMissle.obj
 0001:00005c70       ?g_RandPercent@@YAHH@Z     10006c70 f i KMissle.obj
 0001:00005ca0       ?GetGameTime@KSubWorldSet@@QAEHXZ 10006ca0 f i KMissle.obj
 0001:00005cc0       ?DelRef@KMissleMagicAttribsData@@QAEHXZ 10006cc0 f i KMissle.obj
 0001:00005cf0       ??1KMissleMagicAttribsData@@QAE@XZ 10006cf0 f i KMissle.obj
 0001:00005d20       ?Remove@KMissleMagicAttribsData@@AAEXXZ 10006d20 f i KMissle.obj
 0001:00005d70       ?ZAxisMove@KMissle@@AAEXXZ 10006d70 f i KMissle.obj
 0001:00005de0       ?TestBarrier@KMissle@@AAEHXZ 10006de0 f i KMissle.obj
 0001:00005e80       ?GetChildSkillId@KSkill@@QBEHXZ 10006e80 f i KMissle.obj
 0001:00005ea0       ?GetStateAttribs@KSkill@@QAEPAUKMagicAttrib@@XZ 10006ea0 f i KMissle.obj
 0001:00005ec0       ?GetStateAttribsNum@KSkill@@QAEHXZ 10006ec0 f i KMissle.obj
 0001:00005ee0       ?GetSkill@KSkillManager@@QAEPAVISkill@@HH@Z 10006ee0 f i KMissle.obj
 0001:00005feb       ?Init@KMissleSet@@QAEXXZ   10006feb f   KMissleSet.obj
 0001:00006085       ?FindFree@KMissleSet@@QAEHXZ 10007085 f   KMissleSet.obj
 0001:000060b7       ?Add@KMissleSet@@QAEHHHHHHH@Z 100070b7 f   KMissleSet.obj
 0001:000061b7       ?Add@KMissleSet@@QAEHHHH@Z 100071b7 f   KMissleSet.obj
 0001:000063b0       ?CreateMissile@KMissleSet@@QAEHHHHHHHHH@Z 100073b0 f   KMissleSet.obj
 0001:0000640a       ?Activate@KMissleSet@@QAEHXZ 1000740a f   KMissleSet.obj
 0001:00006465       ?Remove@KMissleSet@@QAEXH@Z 10007465 f   KMissleSet.obj
 0001:00006522       ?Draw@KMissleSet@@QAEXXZ   10007522 f   KMissleSet.obj
 0001:0000655a       ?GetCount@KMissleSet@@QAEHXZ 1000755a f   KMissleSet.obj
 0001:000065be       ?ClearMissles@KMissleSet@@QAEXXZ 100075be f   KMissleSet.obj
 0001:00006630       ??0KSkillList@@QAE@XZ      10007630 f   KSkillList.obj
 0001:000066ba       ??1KSkillList@@QAE@XZ      100076ba f   KSkillList.obj
 0001:000066cc       ?FindSame@KSkillList@@QAEHH@Z 100076cc f   KSkillList.obj
 0001:00006733       ?FindFree@KSkillList@@QAEHXZ 10007733 f   KSkillList.obj
 0001:0000677f       ?SetNpcSkill@KSkillList@@QAEXHHH@Z 1000777f f   KSkillList.obj
 0001:00006911       ?RemoveNpcSkill@KSkillList@@QAEXH@Z 10007911 f   KSkillList.obj
 0001:0000698a       ?GetCount@KSkillList@@QAEHXZ 1000798a f   KSkillList.obj
 0001:000069e9       ?GetSkillIdx@KSkillList@@QAEHH@Z 100079e9 f   KSkillList.obj
 0001:00006a36       ?UpdateAddDameSkillLevel@KSkillList@@QAEXXZ 10007a36 f   KSkillList.obj
 0001:00006b9b       ?UpdateMagicAddSkillLevel@KSkillList@@QAEXXZ 10007b9b f   KSkillList.obj
 0001:00006d15       ?IncreaseLevel@KSkillList@@QAEHHH@Z 10007d15 f   KSkillList.obj
 0001:00006ebe       ?Add@KSkillList@@QAEHHHHH@Z 10007ebe f   KSkillList.obj
 0001:00007132       ?GetLevel@KSkillList@@QAEHH@Z 10008132 f   KSkillList.obj
 0001:000071c3       ?GetCurrentLevel@KSkillList@@QAEHH@Z 100081c3 f   KSkillList.obj
 0001:0000721a       ?CanCast@KSkillList@@QAEHHK@Z 1000821a f   KSkillList.obj
 0001:0000728f       ?SetNextCastTime@KSkillList@@QAEXHK@Z 1000828f f   KSkillList.obj
 0001:000072e5       ?SetBeginCastTime@KSkillList@@QAEXHK@Z 100082e5 f   KSkillList.obj
 0001:0000733b       ?GetNextCastTime@KSkillList@@QAEKH@Z 1000833b f   KSkillList.obj
 0001:00007394       ?GetBeginCastTime@KSkillList@@QAEKH@Z 10008394 f   KSkillList.obj
 0001:000073ed       ?UpdateDBSkillList@KSkillList@@QAEHPAE@Z 100083ed f   KSkillList.obj
 0001:0000748d       ?ClearSkillLevel@KSkillList@@QAEH_N@Z 1000848d f   KSkillList.obj
 0001:000077b0       ?id@?$ctype@G@std@@$D      100087b0 f i KSkillList.obj
 0001:000077e0       ?id@?$ctype@G@std@@$E      100087e0 f i KSkillList.obj
 0001:0000784b       ??0KSkillManager@@QAE@XZ   1000884b f   KSkillManager.obj
 0001:00007860       ??1KSkillManager@@QAE@XZ   10008860 f   KSkillManager.obj
 0001:00007958       ?Init@KSkillManager@@QAEHXZ 10008958 f   KSkillManager.obj
 0001:00007c81       ?InstanceSkill@KSkillManager@@AAEPAVISkill@@KK@Z 10008c81 f   KSkillManager.obj
 0001:00007f70       ??4KSkill@@QAEAAV0@ABV0@@Z 10008f70 f i KSkillManager.obj
 0001:000085b0       ??4ISkill@@QAEAAV0@ABV0@@Z 100095b0 f i KSkillManager.obj
 0001:000085d0       ?SetSkillId@KSkill@@QAEXH@Z 100095d0 f i KSkillManager.obj
 0001:000085f0       ?SetSkillLevel@KSkill@@QAEXK@Z 100095f0 f i KSkillManager.obj
 0001:00008610       ?GetSkillStyle@KSkillManager@@AAEHK@Z 10009610 f i KSkillManager.obj
 0001:00008650       ??0KSkill@@QAE@XZ          10009650 f   KSkills.obj
 0001:0000880d       ??1KSkill@@UAE@XZ          1000980d f   KSkills.obj
 0001:0000883a       ?CanCastSkill@KSkill@@UBEHHAAH0@Z 1000983a f   KSkills.obj
 0001:00008b79       ?Cast@KSkill@@QBEHHHHHW4eSkillLauncherType@@@Z 10009b79 f   KSkills.obj
 0001:00008e07       ?Vanish@KSkill@@ABEXPAVKMissle@@@Z 10009e07 f   KSkills.obj
 0001:00008e33       ?OnMissleEvent@KSkill@@QBEHGPAVKMissle@@@Z 10009e33 f   KSkills.obj
 0001:00009175       ?FlyEvent@KSkill@@ABEXPAVKMissle@@@Z 1000a175 f   KSkills.obj
 0001:000091a1       ?Collidsion@KSkill@@ABEXPAVKMissle@@@Z 1000a1a1 f   KSkills.obj
 0001:000091cd       ?CastMissles@KSkill@@ABEHHHHHW4eSkillLauncherType@@@Z 1000a1cd f   KSkills.obj
 0001:0000a98c       ?CastZoneZ@KSkill@@ABEHPAUTOrdinSkillParam@@HHH@Z 1000b98c f   KSkills.obj
 0001:0000afa3       ?CastZone@KSkill@@ABEHPAUTOrdinSkillParam@@HHH@Z 1000bfa3 f   KSkills.obj
 0001:0000b5a7       ?CastLine@KSkill@@ABEHPAUTOrdinSkillParam@@HHH@Z 1000c5a7 f   KSkills.obj
 0001:0000ba4d       ?CastExtractiveLineMissle@KSkill@@ABEHPAUTOrdinSkillParam@@HHHHHHH@Z 1000ca4d f   KSkills.obj
 0001:0000bf63       ?CastWall@KSkill@@ABEHPAUTOrdinSkillParam@@HHH@Z 1000cf63 f   KSkills.obj
 0001:0000c485       ?CastCircle@KSkill@@ABEHPAUTOrdinSkillParam@@HHH@Z 1000d485 f   KSkills.obj
 0001:0000c976       ?CastSpread@KSkill@@ABEHPAUTOrdinSkillParam@@HHH@Z 1000d976 f   KSkills.obj
 0001:0000d289       ?GetChildSkillNum@KSkill@@QBEHH@Z 1000e289 f   KSkills.obj
 0001:0000d2a6       ?CreateMissle@KSkill@@ABEXHHH@Z 1000e2a6 f   KSkills.obj
 0001:0000d5ea       ?GetInfoFromTabFile@KSkill@@QAEHH@Z 1000e5ea f   KSkills.obj
 0001:0000d629       ?GetInfoFromTabFile@KSkill@@QAEHPAVKITabFile@@H@Z 1000e629 f   KSkills.obj
 0001:0000e0ef       ?LoadSkillLevelData@KSkill@@UAEXKH@Z 1000f0ef f   KSkills.obj
 0001:0000e568       ?CreateMissleMagicAttribsData@KSkill@@QBEPAVKMissleMagicAttribsData@@H@Z 1000f568 f   KSkills.obj
 0001:0000e731       ?GetMissleGenerateTime@KSkill@@QBEIH@Z 1000f731 f   KSkills.obj
 0001:0000e8d5       ?GetSkillIdFromName@KSkill@@SAHPAD@Z 1000f8d5 f   KSkills.obj
 0001:0000e964       ?CastInitiativeSkill@KSkill@@ABEHHHHH@Z 1000f964 f   KSkills.obj
 0001:0000eed1       ?CastPassivitySkill@KSkill@@ABEHHHHH@Z 1000fed1 f   KSkills.obj
 0001:0000ef53       ?ParseString2MagicAttrib@KSkill@@AAEHKPAD0@Z 1000ff53 f   KSkills.obj
 0001:0000fa30       ??0KMagicAttrib@@QAE@XZ    10010a30 f i KSkills.obj
 0001:0000fa70       ??_GKSkill@@UAEPAXI@Z      10010a70 f i KSkills.obj
 0001:0000fa70       ??_EKSkill@@UAEPAXI@Z      10010a70 f i KSkills.obj
 0001:0000fab0       ?g_DirIndex2Dir@@YAHHH@Z   10010ab0 f i KSkills.obj
 0001:0000faf0       ?Param2PCoordinate@KSkill@@ABEHHHHPAH0W4eSkillLauncherType@@@Z 10010af0 f i KSkills.obj
 0001:0000fca0       ?g_Dir2DirIndex@@YAHHH@Z   10010ca0 f i KSkills.obj
 0001:0000fce0       ?GetRef@KMissleMagicAttribsData@@QAEHXZ 10010ce0 f i KSkills.obj
 0001:0000fd00       ?SetMagicAttribsData@KMissle@@QAEHPAVKMissleMagicAttribsData@@@Z 10010d00 f i KSkills.obj
 0001:0000fd40       ?AddRef@KMissleMagicAttribsData@@QAEHXZ 10010d40 f i KSkills.obj
 0001:0000fd70       ?IsTargetOnly@KSkill@@UBEHXZ 10010d70 f i KSkills.obj
 0001:0000fd90       ?IsTargetEnemy@KSkill@@UBEHXZ 10010d90 f i KSkills.obj
 0001:0000fdb0       ?IsTargetAlly@KSkill@@UBEHXZ 10010db0 f i KSkills.obj
 0001:0000fdd0       ?IsTargetObj@KSkill@@UBEHXZ 10010dd0 f i KSkills.obj
 0001:0000fdf0       ?GetSkillReqLevel@KSkill@@UBEGXZ 10010df0 f i KSkills.obj
 0001:0000fe10       ?GetSkillLevelUpScriptId@KSkill@@UBEKXZ 10010e10 f i KSkills.obj
 0001:0000fe30       ?GetSkillName@KSkill@@UAEPBDXZ 10010e30 f i KSkills.obj
 0001:0000fe50       ?GetSkillStyle@KSkill@@UAEHXZ 10010e50 f i KSkills.obj
 0001:0000fe70       ?GetAttackRadius@KSkill@@UBEHXZ 10010e70 f i KSkills.obj
 0001:0000fe90       ?GetSkillCost@KSkill@@UBEHPAX@Z 10010e90 f i KSkills.obj
 0001:0000feb0       ?GetSkillCostType@KSkill@@UBE?AW4NPCATTRIB@@XZ 10010eb0 f i KSkills.obj
 0001:0000fed0       ?GetSkillId@KSkill@@UAEHXZ 10010ed0 f i KSkills.obj
 0001:0000fef0       ?IsAura@KSkill@@UBEHXZ     10010ef0 f i KSkills.obj
 0001:0000ff10       ?IsPhysical@KSkill@@UBEHXZ 10010f10 f i KSkills.obj
 0001:0000ff30       ?IsMelee@KSkill@@UBEHXZ    10010f30 f i KSkills.obj
 0001:0000ff50       ?IsUseAR@KSkill@@UBEHXZ    10010f50 f i KSkills.obj
 0001:0000ff70       ?IsSkillPhysical@KSkill@@UBEHXZ 10010f70 f i KSkills.obj
 0001:0000ff90       ?IsSkillMagic@KSkill@@UBEHXZ 10010f90 f i KSkills.obj
 0001:0000ffb0       ??0KMissleMagicAttribsData@@QAE@XZ 10010fb0 f i KSkills.obj
 0001:00010010       ?MagicAttrib2String@KSkill@@ABEPBDH@Z 10011010 f i KSkills.obj
 0001:00010040       ?Init@KFaction@@QAEHXZ     10011040 f   KFaction.obj
 0001:00010601       ?GetID@KFaction@@QAEHHH@Z  10011601 f   KFaction.obj
 0001:0001063b       ?GetID@KFaction@@QAEHHPAD@Z 1001163b f   KFaction.obj
 0001:000106cf       ?GetCamp@KFaction@@QAEHH@Z 100116cf f   KFaction.obj
 0001:0001078e       ??0KNpc@@QAE@XZ            1001178e f   KNpc.obj
 0001:000108b8       ?Init@KNpc@@QAEXXZ         100118b8 f   KNpc.obj
 0001:00010e8b       ?GetActiveSkill@KNpc@@QAEPAVISkill@@XZ 10011e8b f   KNpc.obj
 0001:00010f26       ?SetCurrentCamp@KNpc@@QAEXH@Z 10011f26 f   KNpc.obj
 0001:00011115       ?SetCamp@KNpc@@QAEXH@Z     10012115 f   KNpc.obj
 0001:00011304       ?RestoreCurrentCamp@KNpc@@QAEXXZ 10012304 f   KNpc.obj
 0001:000114f7       ?Activate@KNpc@@QAEXXZ     100124f7 f   KNpc.obj
 0001:000116d9       ?ProcStatus@KNpc@@QAEXXZ   100126d9 f   KNpc.obj
 0001:00011864       ?ProcCommandFix@KNpc@@QAEXH@Z 10012864 f   KNpc.obj
 0001:00011b5e       ?ProcCommand@KNpc@@QAEXH@Z 10012b5e f   KNpc.obj
 0001:00011e61       ?ProcessState@KNpc@@QAEHXZ 10012e61 f   KNpc.obj
 0001:00012e9e       ?DoRide@KNpc@@AAEXXZ       10013e9e f   KNpc.obj
 0001:00013072       ?DoDeath@KNpc@@AAEXHH@Z    10014072 f   KNpc.obj
 0001:00013660       ?OnDeath@KNpc@@AAEXXZ      10014660 f   KNpc.obj
 0001:00013ab3       ?DoDefense@KNpc@@AAEXXZ    10014ab3 f   KNpc.obj
 0001:00013ad2       ?OnDefense@KNpc@@AAEXXZ    10014ad2 f   KNpc.obj
 0001:00013ae4       ?DoIdle@KNpc@@AAEXXZ       10014ae4 f   KNpc.obj
 0001:00013b11       ?OnIdle@KNpc@@AAEXXZ       10014b11 f   KNpc.obj
 0001:00013b23       ?DoHurt@KNpc@@AAEXHHHH@Z   10014b23 f   KNpc.obj
 0001:00013e4d       ?OnHurt@KNpc@@AAEXXZ       10014e4d f   KNpc.obj
 0001:00013efc       ?DoSpecial1@KNpc@@AAEXXZ   10014efc f   KNpc.obj
 0001:00013f20       ?OnSpecial1@KNpc@@AAEXXZ   10014f20 f   KNpc.obj
 0001:00014015       ?DoSpecial2@KNpc@@AAEXXZ   10015015 f   KNpc.obj
 0001:00014027       ?OnSpecial2@KNpc@@AAEXXZ   10015027 f   KNpc.obj
 0001:000140e3       ?DoSpecial3@KNpc@@AAEXXZ   100150e3 f   KNpc.obj
 0001:000140f5       ?OnSpecial3@KNpc@@AAEXXZ   100150f5 f   KNpc.obj
 0001:00014107       ?DoSpecial4@KNpc@@AAEXXZ   10015107 f   KNpc.obj
 0001:00014119       ?OnSpecial4@KNpc@@AAEXXZ   10015119 f   KNpc.obj
 0001:0001412b       ?DoStand@KNpc@@AAEXXZ      1001512b f   KNpc.obj
 0001:0001419c       ?OnStand@KNpc@@AAEXXZ      1001519c f   KNpc.obj
 0001:000141c0       ?DoRevive@KNpc@@AAEXXZ     100151c0 f   KNpc.obj
 0001:000142f6       ?OnRevive@KNpc@@AAEXXZ     100152f6 f   KNpc.obj
 0001:00014332       ?DoRun@KNpc@@AAEXXZ        10015332 f   KNpc.obj
 0001:000145b8       ?OnRun@KNpc@@AAEXH@Z       100155b8 f   KNpc.obj
 0001:00014645       ?DoSit@KNpc@@AAEXXZ        10015645 f   KNpc.obj
 0001:0001487a       ?OnSit@KNpc@@AAEXXZ        1001587a f   KNpc.obj
 0001:000148b7       ?DoSkill@KNpc@@AAEXHH@Z    100158b7 f   KNpc.obj
 0001:00014d98       ?DoOrdinSkill@KNpc@@AAEHPAVKSkill@@HH@Z 10015d98 f   KNpc.obj
 0001:0001501d       ?DoAttack@KNpc@@AAEXXZ     1001601d f   KNpc.obj
 0001:00015088       ?CastMeleeSkill@KNpc@@AAEHPAVKSkill@@@Z 10016088 f   KNpc.obj
 0001:000152b0       ?DoGoAttack@KNpc@@AAEHXZ   100162b0 f   KNpc.obj
 0001:00015474       ?DoBlurAttack@KNpc@@AAEHXZ 10016474 f   KNpc.obj
 0001:0001554a       ?DoMagic@KNpc@@AAEXXZ      1001654a f   KNpc.obj
 0001:000155b5       ?OnSkill@KNpc@@AAEXXZ      100165b5 f   KNpc.obj
 0001:00015796       ?JumpTo@KNpc@@AAEXHH@Z     10016796 f   KNpc.obj
 0001:000157e2       ?RunTo@KNpc@@AAEXHH@Z      100167e2 f   KNpc.obj
 0001:0001581c       ?Goto@KNpc@@AAEXHH@Z       1001681c f   KNpc.obj
 0001:00015856       ?Madnessto@KNpc@@QAEXHH@Z  10016856 f   KNpc.obj
 0001:00015884       ?DoWalk@KNpc@@AAEXXZ       10016884 f   KNpc.obj
 0001:00015b05       ?DoPlayerTalk@KNpc@@QAEXPAD@Z 10016b05 f   KNpc.obj
 0001:00015d7e       ?OnPlayerTalk@KNpc@@AAEXXZ 10016d7e f   KNpc.obj
 0001:00015d90       ?OnWalk@KNpc@@AAEXXZ       10016d90 f   KNpc.obj
 0001:00015dc6       ?GetSkillLevel@KNpc@@QAEHH@Z 10016dc6 f   KNpc.obj
 0001:00015e1c       ?ModifyAttrib@KNpc@@QAEXHPAX@Z 10016e1c f   KNpc.obj
 0001:00015e52       ?CalcDamage@KNpc@@QAEXHHHW4DAMAGE_TYPE@@HHHHHHH@Z 10016e52 f   KNpc.obj
 0001:000170c7       ?ReceiveDamage@KNpc@@QAEHHHPAXHHH@Z 100180c7 f   KNpc.obj
 0001:00018c5a       ?SetImmediatelySkillEffect@KNpc@@QAEXHPAXH@Z 10019c5a f   KNpc.obj
 0001:00018d01       ?AppendSkillEffect@KNpc@@QAEXHHHHHPAX0@Z 10019d01 f   KNpc.obj
 0001:00019a6a       ?CheckPath@KNpc@@QAEHHHH@Z 1001aa6a f   KNpc.obj
 0001:00019b6b       ?ServeMove@KNpc@@AAEXH@Z   1001ab6b f   KNpc.obj
 0001:0001a2dd       ?ServeJump@KNpc@@AAEXH@Z   1001b2dd f   KNpc.obj
 0001:0001a995       ?SendCommand@KNpc@@QAEXW4NPCCMD@@HHH@Z 1001b995 f   KNpc.obj
 0001:0001aa33       ?NewPath@KNpc@@AAEHHH@Z    1001ba33 f   KNpc.obj
 0001:0001aa64       ?NewJump@KNpc@@AAEHHH@Z    1001ba64 f   KNpc.obj
 0001:0001adf8       ?SelfDamage@KNpc@@QAEXH@Z  1001bdf8 f   KNpc.obj
 0001:0001ae3a       ?Cost@KNpc@@QAEHW4NPCATTRIB@@HH@Z 1001be3a f   KNpc.obj
 0001:0001aef3       ?DoJump@KNpc@@AAEXXZ       1001bef3 f   KNpc.obj
 0001:0001b18d       ?OnJump@KNpc@@AAEHXZ       1001c18d f   KNpc.obj
 0001:0001b1e5       ?WaitForFrame@KNpc@@AAEHXZ 1001c1e5 f   KNpc.obj
 0001:0001b236       ?IsReachFrame@KNpc@@AAEHH@Z 1001c236 f   KNpc.obj
 0001:0001b273       ?Load@KNpc@@QAEXHH@Z       1001c273 f   KNpc.obj
 0001:0001b344       ?GetMpsPos@KNpc@@QAEXPAH0@Z 1001c344 f   KNpc.obj
 0001:0001b3b6       ?SetActiveSkill@KNpc@@QAEHH@Z 1001c3b6 f   KNpc.obj
 0001:0001b4d8       ?SetAuraSkill@KNpc@@QAEXH@Z 1001c4d8 f   KNpc.obj
 0001:0001b655       ?SetPlayerIdx@KNpc@@QAEHH@Z 1001c655 f   KNpc.obj
 0001:0001b69a       ?OnMadnessState@KNpc@@QAEXXZ 1001c69a f   KNpc.obj
 0001:0001b848       ?SendSyncData@KNpc@@QAEHH@Z 1001c848 f   KNpc.obj
 0001:0001bdd4       ?BroadCastTong@KNpc@@QAEXXZ 1001cdd4 f   KNpc.obj
 0001:0001c020       ?BroadCastShop@KNpc@@QAEXXZ 1001d020 f   KNpc.obj
 0001:0001c21e       ?NormalSync@KNpc@@QAEXXZ   1001d21e f   KNpc.obj
 0001:0001ca07       ?BroadCastRevive@KNpc@@QAEXH@Z 1001da07 f   KNpc.obj
 0001:0001cbd1       ?GetPlayerIdx@KNpc@@QAEHXZ 1001dbd1 f   KNpc.obj
 0001:0001cbf9       ?AddBaseLifeMax@KNpc@@QAEXH@Z 1001dbf9 f   KNpc.obj
 0001:0001cc34       ?AddCurLifeMax@KNpc@@QAEXH@Z 1001dc34 f   KNpc.obj
 0001:0001cc5d       ?AddBaseStaminaMax@KNpc@@QAEXH@Z 1001dc5d f   KNpc.obj
 0001:0001cc98       ?AddCurStaminaMax@KNpc@@QAEXH@Z 1001dc98 f   KNpc.obj
 0001:0001ccc1       ?AddBaseManaMax@KNpc@@QAEXH@Z 1001dcc1 f   KNpc.obj
 0001:0001ccfc       ?AddCurManaMax@KNpc@@QAEXH@Z 1001dcfc f   KNpc.obj
 0001:0001cd25       ?CalcCurLifeReplenish@KNpc@@QAEXXZ 1001dd25 f   KNpc.obj
 0001:0001cd49       ?Remove@KNpc@@QAEXXZ       1001dd49 f   KNpc.obj
 0001:0001cd6d       ?SetSeries@KNpc@@QAEXH@Z   1001dd6d f   KNpc.obj
 0001:0001cda2       ?SetSex@KNpc@@QAEXH@Z      1001dda2 f   KNpc.obj
 0001:0001cdd0       ?AddSkillEffect@KNpc@@QAEXHHH@Z 1001ddd0 f   KNpc.obj
 0001:0001ce4e       ?GetLevelSkillEffectMan@KNpc@@QAEHH@Z 1001de4e f   KNpc.obj
 0001:0001cec1       ?DoSkillMan@KNpc@@QAEXHH@Z 1001dec1 f   KNpc.obj
 0001:0001d14c       ?SetStateSkillEffect@KNpc@@QAEXHHHPAXHH@Z 1001e14c f   KNpc.obj
 0001:0001d6df       ?ModifyMissleCollsion@KNpc@@QAEHH@Z 1001e6df f   KNpc.obj
 0001:0001d729       ?ModifyMissleLifeTime@KNpc@@QAEHH@Z 1001e729 f   KNpc.obj
 0001:0001d75b       ?ModifyMissleSpeed@KNpc@@QAEHH@Z 1001e75b f   KNpc.obj
 0001:0001d788       ?DoManyAttack@KNpc@@AAEHXZ 1001e788 f   KNpc.obj
 0001:0001d8a8       ?OnManyAttack@KNpc@@AAEXXZ 1001e8a8 f   KNpc.obj
 0001:0001d968       ?DoRunAttack@KNpc@@AAEHXZ  1001e968 f   KNpc.obj
 0001:0001db2c       ?OnGoAttack@KNpc@@AAEXXZ   1001eb2c f   KNpc.obj
 0001:0001dccc       ?OnRunAttack@KNpc@@AAEXXZ  1001eccc f   KNpc.obj
 0001:0001deb5       ?DoJumpAttack@KNpc@@AAEHXZ 1001eeb5 f   KNpc.obj
 0001:0001dfa6       ?OnJumpAttack@KNpc@@AAEHXZ 1001efa6 f   KNpc.obj
 0001:0001e135       ?CheckHitTarget@KNpc@@AAEHHHH@Z 1001f135 f   KNpc.obj
 0001:0001e1f9       ?GetNpcCopyFromTemplate@KNpc@@QAEXHH@Z 1001f1f9 f   KNpc.obj
 0001:0001e45b       ?LoadDataFromTemplate@KNpc@@QAEXHH@Z 1001f45b f   KNpc.obj
 0001:0001ec12       ?SetPhysicsDamage@KNpc@@QAEXHH@Z 1001fc12 f   KNpc.obj
 0001:0001ec3e       ?SetBaseAttackRating@KNpc@@QAEXH@Z 1001fc3e f   KNpc.obj
 0001:0001ec70       ?SetBaseDefence@KNpc@@QAEXH@Z 1001fc70 f   KNpc.obj
 0001:0001eca2       ?DeathPunish@KNpc@@QAEXHH@Z 1001fca2 f   KNpc.obj
 0001:0001f53a       ?DeathDropEvent@KNpc@@QAEXH@Z 1002053a f   KNpc.obj
 0001:0001f66f       ?PlayerDeadCreateMoneyObj@KNpc@@AAEXH@Z 1002066f f   KNpc.obj
 0001:0001f771       ?LoseMoney@KNpc@@AAEXH@Z   10020771 f   KNpc.obj
 0001:0001f8bf       ?LosePropAll@KNpc@@AAEXH@Z 100208bf f   KNpc.obj
 0001:0001fa1d       ?LoseProp@KNpc@@AAEXH@Z    10020a1d f   KNpc.obj
 0001:0001fb96       ?LoseSingleItem@KNpc@@AAEXH@Z 10020b96 f   KNpc.obj
 0001:000202e7       ?Revive@KNpc@@QAEXXZ       100212e7 f   KNpc.obj
 0001:000206d5       ?RestoreLiveData@KNpc@@QAEXXZ 100216d5 f   KNpc.obj
 0001:000206e7       ?SendDataToNearRegion@KNpc@@QAEXPAXK@Z 100216e7 f   KNpc.obj
 0001:000208ea       ?DeathCalcPKValue@KNpc@@QAEHH@Z 100218ea f   KNpc.obj
 0001:00020bb8       ?CheckPlayerAround@KNpc@@QAEHH@Z 10021bb8 f   KNpc.obj
 0001:00020cc4       ?UpdateNpcStateInfo@KNpc@@AAEXXZ 10021cc4 f   KNpc.obj
 0001:00020dd8       ?BroadCastState@KNpc@@QAEXXZ 10021dd8 f   KNpc.obj
 0001:00020fd7       ?ClearNpcState@KNpc@@QAEXXZ 10021fd7 f   KNpc.obj
 0001:00021073       ?RestoreNpcBaseInfo@KNpc@@QAEXXZ 10022073 f   KNpc.obj
 0001:0002171b       ?SetPos@KNpc@@QAEHHH@Z     1002271b f   KNpc.obj
 0001:00021979       ?SetPosU@KNpc@@QAEHHH@Z    10022979 f   KNpc.obj
 0001:00021ddc       ?ChangeWorld@KNpc@@QAEHKHH@Z 10022ddc f   KNpc.obj
 0001:00022160       ?TobeExchangeServer@KNpc@@QAEXKHH@Z 10023160 f   KNpc.obj
 0001:000221ec       ?IsPlayer@KNpc@@QAEHXZ     100231ec f   KNpc.obj
 0001:0002220c       ?ClearStateSkillEffect@KNpc@@QAEXXZ 1002320c f   KNpc.obj
 0001:00022354       ?ClearNormalState@KNpc@@QAEXXZ 10023354 f   KNpc.obj
 0001:00022459       ?CheckTrap@KNpc@@QAEXXZ    10023459 f   KNpc.obj
 0001:0002254e       ?SetFightMode@KNpc@@QAEXH@Z 1002354e f   KNpc.obj
 0001:000225a5       ?TurnTo@KNpc@@QAEXH@Z      100235a5 f   KNpc.obj
 0001:0002263c       ?ReCalcStateEffect@KNpc@@QAEXXZ 1002363c f   KNpc.obj
 0001:00022733       ?GetCurActiveWeaponSkill@KNpc@@QAEHXZ 10023733 f   KNpc.obj
 0001:000227e9       ?GetFrameCopyFromTemplate@KNpc@@QAEXHH@Z 100237e9 f   KNpc.obj
 0001:00022a4b       ?ReSetRes@KNpc@@QAEXH@Z    10023a4b f   KNpc.obj
 0001:00022ad6       ?LoadFrameFromTemplate@KNpc@@QAEXHH@Z 10023ad6 f   KNpc.obj
 0001:00022bc0       ??1KNpc@@QAE@XZ            10023bc0 f i KNpc.obj
 0001:00022c40       ??1KList@@QAE@XZ           10023c40 f i KNpc.obj
 0001:00022ca0       ??0KList@@QAE@XZ           10023ca0 f i KNpc.obj
 0001:00022d20       ?Remove@KNode@@QAEXXZ      10023d20 f i KNpc.obj
 0001:00022dd0       ?GetBaseMagic@KItem@@QBEHXZ 10023dd0 f i KNpc.obj
 0001:00022df0       ?GetActionType@KSkill@@QBE?AW4CLIENTACTION@@XZ 10023df0 f i KNpc.obj
 0001:00022e10       ?GetDelayPerCast@KSkill@@QBEHXZ 10023e10 f i KNpc.obj
 0001:00022e30       ?GetDelayPerCastHorse@KSkill@@QBEHXZ 10023e30 f i KNpc.obj
 0001:00022e50       ?GetMeleeType@KSkill@@QBEHXZ 10023e50 f i KNpc.obj
 0001:00022e70       ?GetPlayerWalkSpeed@KNpcSet@@QAEHXZ 10023e70 f i KNpc.obj
 0001:00022e90       ?GetPlayerRunSpeed@KNpcSet@@QAEHXZ 10023e90 f i KNpc.obj
 0001:00022eb0       ?GetPlayerAttackFrame@KNpcSet@@QAEHXZ 10023eb0 f i KNpc.obj
 0001:00022ed0       ?GetPlayerHurtFrame@KNpcSet@@QAEHXZ 10023ed0 f i KNpc.obj
 0001:00022ef0       ?GetStateSpecailId@KSkill@@QBEHXZ 10023ef0 f i KNpc.obj
 0001:00022f10       ??0STATE_EFFECT_SYNC@@QAE@XZ 10023f10 f i KNpc.obj
 0001:00022f50       ??0KStateNode@@QAE@XZ      10023f50 f i KNpc.obj
 0001:00022fd0       ??_EKStateNode@@UAEPAXI@Z  10023fd0 f i KNpc.obj
 0001:00022fd0       ??_GKStateNode@@UAEPAXI@Z  10023fd0 f i KNpc.obj
 0001:00023010       ??1KStateNode@@UAE@XZ      10024010 f i KNpc.obj
 0001:00023040       ?GetChildSkillNum@KSkill@@QBEHXZ 10024040 f i KNpc.obj
 0001:00023060       ?GetSkill@KSkillManager@@QAEPAVISkill@@HHW4eSKillStyle@@@Z 10024060 f i KNpc.obj
 0001:000230d0       ??0KNpcTemplate@@QAE@XZ    100240d0 f i KNpc.obj
 0001:00023120       ??0tagSHOW_MSG_SYNC@@QAE@XZ 10024120 f i KNpc.obj
 0001:00023140       ??1tagSHOW_MSG_SYNC@@QAE@XZ 10024140 f i KNpc.obj
 0001:00023170       ?Release@tagSHOW_MSG_SYNC@@QAEXXZ 10024170 f i KNpc.obj
 0001:000231c0       ?GetWidth@KItem@@QBEHXZ    100241c0 f i KNpc.obj
 0001:000231e0       ?GetHeight@KItem@@QBEHXZ   100241e0 f i KNpc.obj
 0001:00023200       ?GetName@KItem@@QBEPADXZ   10024200 f i KNpc.obj
 0001:00023220       ?GetObjIdx@KItem@@QAEHXZ   10024220 f i KNpc.obj
 0001:00023240       ?IsItemMagic@KItem@@QAEHXZ 10024240 f i KNpc.obj
 0001:00023270       ?GetGameVersion@KSubWorldSet@@QAEHXZ 10024270 f i KNpc.obj
 0001:00023290       ?IsEnmityPKLauncher@KPlayerPK@@QAEHXZ 10024290 f i KNpc.obj
 0001:000232b0       ?GetPrev@KNode@@QAEPAV1@XZ 100242b0 f i KNpc.obj
 0001:000232e0       ?GetTail@KList@@QAEPAVKNode@@XZ 100242e0 f i KNpc.obj
 0001:00023310       ?RemovePlayer@?$KMissionArray@VKMission@@$02@@QAEHK@Z 10024310 f i KNpc.obj
 0001:000233f0       ?RemovePlayer@KMission@@QAEHKK@Z 100243f0 f i KNpc.obj
 0001:000234d0       ?Remove@?$KLinkArrayTemplate@UTMissionPlayerInfo@@$0KPA@@@QAEKPAUTMissionPlayerInfo@@@Z 100244d0 f i KNpc.obj
 0001:00023530       ?Remove@?$KLinkArrayTemplate@UTMissionPlayerInfo@@$0KPA@@@QAEKK@Z 10024530 f i KNpc.obj
 0001:000235b0       ?GetUsedCount@?$KLinkArrayTemplate@VKMission@@$02@@QBEKXZ 100245b0 f i KNpc.obj
 0001:00023637       ??0KNpcAI@@QAE@XZ          10024637 f   KNpcAI.obj
 0001:0002365f       ?NotActivate@KNpcAI@@QAEXH@Z 1002465f f   KNpcAI.obj
 0001:000236af       ?Activate@KNpcAI@@QAEXH@Z  100246af f   KNpcAI.obj
 0001:0002383f       ?ProcessPlayer@KNpcAI@@AAEXXZ 1002483f f   KNpcAI.obj
 0001:0002386b       ?TriggerMapTrap@KNpcAI@@AAEXXZ 1002486b f   KNpcAI.obj
 0001:0002389d       ?TriggerObjectTrap@KNpcAI@@AAEXXZ 1002489d f   KNpcAI.obj
 0001:000238af       ?GetNearestNpc@KNpcAI@@AAEHH@Z 100248af f   KNpcAI.obj
 0001:00023fbf       ?GetNpcNumber@KNpcAI@@AAEHH@Z 10024fbf f   KNpcAI.obj
 0001:0002426c       ?KeepAttackRange@KNpcAI@@AAEXHH@Z 1002526c f   KNpcAI.obj
 0001:00024357       ?FollowAttack@KNpcAI@@AAEXH@Z 10025357 f   KNpcAI.obj
 0001:00024443       ?InEyeshot@KNpcAI@@AAEHH@Z 10025443 f   KNpcAI.obj
 0001:00024498       ?CommonAction@KNpcAI@@AAEXXZ 10025498 f   KNpcAI.obj
 0001:000245db       ?KeepActiveRange@KNpcAI@@AAEHXZ 100255db f   KNpcAI.obj
 0001:00024714       ?Flee@KNpcAI@@AAEXH@Z      10025714 f   KNpcAI.obj
 0001:000247b3       ?ProcessAIType01@KNpcAI@@AAEXXZ 100257b3 f   KNpcAI.obj
 0001:00024a20       ?ProcessAIType02@KNpcAI@@AAEXXZ 10025a20 f   KNpcAI.obj
 0001:00024d3d       ?ProcessAIType03@KNpcAI@@AAEXXZ 10025d3d f   KNpcAI.obj
 0001:00024fea       ?ProcessAIType04@KNpcAI@@AAEXXZ 10025fea f   KNpcAI.obj
 0001:0002520e       ?ProcessAIType05@KNpcAI@@AAEXXZ 1002620e f   KNpcAI.obj
 0001:000254e2       ?ProcessAIType06@KNpcAI@@AAEXXZ 100264e2 f   KNpcAI.obj
 0001:00025750       ?GetSkillId@KSkillList@@QAEHH@Z 10026750 f i KNpcAI.obj
 0001:000257eb       ??0KNpcAttribModify@@QAE@XZ 100267eb f   KNpcAttribModify.obj
 0001:00025dbd       ??1KNpcAttribModify@@QAE@XZ 10026dbd f   KNpcAttribModify.obj
 0001:00025dcf       ?ModifyAttrib@KNpcAttribModify@@QAEXPAVKNpc@@PAX@Z 10026dcf f   KNpcAttribModify.obj
 0001:00025e4e       ?AddColdDamageV@KNpcAttribModify@@AAEXPAVKNpc@@PAX@Z 10026e4e f   KNpcAttribModify.obj
 0001:00026075       ?AddFireDamageV@KNpcAttribModify@@AAEXPAVKNpc@@PAX@Z 10027075 f   KNpcAttribModify.obj
 0001:000260fc       ?AddLightingDamageV@KNpcAttribModify@@AAEXPAVKNpc@@PAX@Z 100270fc f   KNpcAttribModify.obj
 0001:00026183       ?AddPhysicsDamageP@KNpcAttribModify@@AAEXPAVKNpc@@PAX@Z 10027183 f   KNpcAttribModify.obj
 0001:000263c1       ?AddPoisonDamageV@KNpcAttribModify@@AAEXPAVKNpc@@PAX@Z 100273c1 f   KNpcAttribModify.obj
 0001:00026496       ?AddPhysicsDamageV@KNpcAttribModify@@AAEXPAVKNpc@@PAX@Z 10027496 f   KNpcAttribModify.obj
 0001:00026505       ?AllresP@KNpcAttribModify@@AAEXPAVKNpc@@PAX@Z 10027505 f   KNpcAttribModify.obj
 0001:000265d4       ?AllSkillV@KNpcAttribModify@@AAEXPAVKNpc@@PAX@Z 100275d4 f   KNpcAttribModify.obj
 0001:0002662a       ?AttackRatingP@KNpcAttribModify@@AAEXPAVKNpc@@PAX@Z 1002762a f   KNpcAttribModify.obj
 0001:000266c6       ?AttackRatingV@KNpcAttribModify@@AAEXPAVKNpc@@PAX@Z 100276c6 f   KNpcAttribModify.obj
 0001:00026735       ?AttackSpeedV@KNpcAttribModify@@AAEXPAVKNpc@@PAX@Z 10027735 f   KNpcAttribModify.obj
 0001:000267a4       ?BadStatusTimeReduceV@KNpcAttribModify@@AAEXPAVKNpc@@PAX@Z 100277a4 f   KNpcAttribModify.obj
 0001:000267c7       ?BurnTimeReduceP@KNpcAttribModify@@AAEXPAVKNpc@@PAX@Z 100277c7 f   KNpcAttribModify.obj
 0001:000267db       ?CastSpeedV@KNpcAttribModify@@AAEXPAVKNpc@@PAX@Z 100277db f   KNpcAttribModify.obj
 0001:0002684a       ?ChangeCampV@KNpcAttribModify@@AAEXPAVKNpc@@PAX@Z 1002784a f   KNpcAttribModify.obj
 0001:000268de       ?ColdArmorV@KNpcAttribModify@@AAEXPAVKNpc@@PAX@Z 100278de f   KNpcAttribModify.obj
 0001:0002699e       ?ColdresP@KNpcAttribModify@@AAEXPAVKNpc@@PAX@Z 1002799e f   KNpcAttribModify.obj
 0001:00026a0d       ?DeadlyStrikeP@KNpcAttribModify@@AAEXPAVKNpc@@PAX@Z 10027a0d f   KNpcAttribModify.obj
 0001:00026a7c       ?DexterityV@KNpcAttribModify@@AAEXPAVKNpc@@PAX@Z 10027a7c f   KNpcAttribModify.obj
 0001:00026b0d       ?EarthSkillV@KNpcAttribModify@@AAEXPAVKNpc@@PAX@Z 10027b0d f   KNpcAttribModify.obj
 0001:00026b94       ?EnergyV@KNpcAttribModify@@AAEXPAVKNpc@@PAX@Z 10027b94 f   KNpcAttribModify.obj
 0001:00026c25       ?FastHitRecoverV@KNpcAttribModify@@AAEXPAVKNpc@@PAX@Z 10027c25 f   KNpcAttribModify.obj
 0001:00026c94       ?FastWalkRunP@KNpcAttribModify@@AAEXPAVKNpc@@PAX@Z 10027c94 f   KNpcAttribModify.obj
 0001:00026d63       ?FireArmorV@KNpcAttribModify@@AAEXPAVKNpc@@PAX@Z 10027d63 f   KNpcAttribModify.obj
 0001:00026e23       ?FireSkillV@KNpcAttribModify@@AAEXPAVKNpc@@PAX@Z 10027e23 f   KNpcAttribModify.obj
 0001:00026eaa       ?FreezeTimeReduceP@KNpcAttribModify@@AAEXPAVKNpc@@PAX@Z 10027eaa f   KNpcAttribModify.obj
 0001:00026f19       ?KnockBackP@KNpcAttribModify@@AAEXPAVKNpc@@PAX@Z 10027f19 f   KNpcAttribModify.obj
 0001:00026f88       ?LifeMaxP@KNpcAttribModify@@AAEXPAVKNpc@@PAX@Z 10027f88 f   KNpcAttribModify.obj
 0001:00027024       ?LifeMaxV@KNpcAttribModify@@AAEXPAVKNpc@@PAX@Z 10028024 f   KNpcAttribModify.obj
 0001:00027093       ?LifeReplenishV@KNpcAttribModify@@AAEXPAVKNpc@@PAX@Z 10028093 f   KNpcAttribModify.obj
 0001:00027102       ?LifeV@KNpcAttribModify@@AAEXPAVKNpc@@PAX@Z 10028102 f   KNpcAttribModify.obj
 0001:00027171       ?LightingArmorV@KNpcAttribModify@@AAEXPAVKNpc@@PAX@Z 10028171 f   KNpcAttribModify.obj
 0001:00027231       ?LightingresP@KNpcAttribModify@@AAEXPAVKNpc@@PAX@Z 10028231 f   KNpcAttribModify.obj
 0001:000272a0       ?LuckyV@KNpcAttribModify@@AAEXPAVKNpc@@PAX@Z 100282a0 f   KNpcAttribModify.obj
 0001:00027333       ?ManaMaxP@KNpcAttribModify@@AAEXPAVKNpc@@PAX@Z 10028333 f   KNpcAttribModify.obj
 0001:000273cf       ?ManaMaxV@KNpcAttribModify@@AAEXPAVKNpc@@PAX@Z 100283cf f   KNpcAttribModify.obj
 0001:0002743e       ?ManaReplenishV@KNpcAttribModify@@AAEXPAVKNpc@@PAX@Z 1002843e f   KNpcAttribModify.obj
 0001:000274ad       ?ManaV@KNpcAttribModify@@AAEXPAVKNpc@@PAX@Z 100284ad f   KNpcAttribModify.obj
 0001:0002751c       ?ManaShieldP@KNpcAttribModify@@AAEXPAVKNpc@@PAX@Z 1002851c f   KNpcAttribModify.obj
 0001:000275cc       ?StateSkillTime@KNpcAttribModify@@AAEXPAVKNpc@@PAX@Z 100285cc f   KNpcAttribModify.obj
 0001:000275e0       ?ManaShieldPointP@KNpcAttribModify@@AAEXPAVKNpc@@PAX@Z 100285e0 f   KNpcAttribModify.obj
 0001:00027690       ?LifeReplenishAddP@KNpcAttribModify@@AAEXPAVKNpc@@PAX@Z 10028690 f   KNpcAttribModify.obj
 0001:000276cb       ?BuffEmtyResP@KNpcAttribModify@@AAEXPAVKNpc@@PAX@Z 100286cb f   KNpcAttribModify.obj
 0001:00027724       ?TimeCastSkillEffecV@KNpcAttribModify@@AAEXPAVKNpc@@PAX@Z 10028724 f   KNpcAttribModify.obj
 0001:0002775f       ?TimeCastSkillEffec1V@KNpcAttribModify@@AAEXPAVKNpc@@PAX@Z 1002875f f   KNpcAttribModify.obj
 0001:0002779a       ?TimeCastSkillEffec2V@KNpcAttribModify@@AAEXPAVKNpc@@PAX@Z 1002879a f   KNpcAttribModify.obj
 0001:000277ed       ?DoSkillEffecP@KNpcAttribModify@@AAEXPAVKNpc@@PAX@Z 100287ed f   KNpcAttribModify.obj
 0001:00027846       ?DoSkillEffec1P@KNpcAttribModify@@AAEXPAVKNpc@@PAX@Z 10028846 f   KNpcAttribModify.obj
 0001:0002789f       ?DoSkillEffec2P@KNpcAttribModify@@AAEXPAVKNpc@@PAX@Z 1002889f f   KNpcAttribModify.obj
 0001:000278f8       ?ManaShieldExV@KNpcAttribModify@@AAEXPAVKNpc@@PAX@Z 100288f8 f   KNpcAttribModify.obj
 0001:00027959       ?AddSkillLevelV@KNpcAttribModify@@AAEXPAVKNpc@@PAX@Z 10028959 f   KNpcAttribModify.obj
 0001:000279e3       ?AddAllSkillsLevelV@KNpcAttribModify@@AAEXPAVKNpc@@PAX@Z 100289e3 f   KNpcAttribModify.obj
 0001:00027a82       ?ManaFromDameP@KNpcAttribModify@@AAEXPAVKNpc@@PAX@Z 10028a82 f   KNpcAttribModify.obj
 0001:00027abd       ?DoSkillBuff1@KNpcAttribModify@@AAEXPAVKNpc@@PAX@Z 10028abd f   KNpcAttribModify.obj
 0001:00027ad1       ?DoSkillBuff2@KNpcAttribModify@@AAEXPAVKNpc@@PAX@Z 10028ad1 f   KNpcAttribModify.obj
 0001:00027ae5       ?DoSkillBuff3@KNpcAttribModify@@AAEXPAVKNpc@@PAX@Z 10028ae5 f   KNpcAttribModify.obj
 0001:00027af9       ?DoSkillBuff4@KNpcAttribModify@@AAEXPAVKNpc@@PAX@Z 10028af9 f   KNpcAttribModify.obj
 0001:00027b0d       ?DoSkillBuff5@KNpcAttribModify@@AAEXPAVKNpc@@PAX@Z 10028b0d f   KNpcAttribModify.obj
 0001:00027b21       ?ReturnDoSkillEmtyP@KNpcAttribModify@@AAEXPAVKNpc@@PAX@Z 10028b21 f   KNpcAttribModify.obj
 0001:00027b7a       ?MeleeDamageReturnP@KNpcAttribModify@@AAEXPAVKNpc@@PAX@Z 10028b7a f   KNpcAttribModify.obj
 0001:00027be9       ?MeleeDamageReturnV@KNpcAttribModify@@AAEXPAVKNpc@@PAX@Z 10028be9 f   KNpcAttribModify.obj
 0001:00027c58       ?MetalSkillV@KNpcAttribModify@@AAEXPAVKNpc@@PAX@Z 10028c58 f   KNpcAttribModify.obj
 0001:00027cdf       ?PhysicsArmorV@KNpcAttribModify@@AAEXPAVKNpc@@PAX@Z 10028cdf f   KNpcAttribModify.obj
 0001:00027d9f       ?PhysicsresP@KNpcAttribModify@@AAEXPAVKNpc@@PAX@Z 10028d9f f   KNpcAttribModify.obj
 0001:00027e0e       ?Damage2ManaP@KNpcAttribModify@@AAEXPAVKNpc@@PAX@Z 10028e0e f   KNpcAttribModify.obj
 0001:00027e7d       ?PoisonArmorV@KNpcAttribModify@@AAEXPAVKNpc@@PAX@Z 10028e7d f   KNpcAttribModify.obj
 0001:00027f3d       ?PoisonDamageReduceV@KNpcAttribModify@@AAEXPAVKNpc@@PAX@Z 10028f3d f   KNpcAttribModify.obj
 0001:00027fb8       ?PoisonresP@KNpcAttribModify@@AAEXPAVKNpc@@PAX@Z 10028fb8 f   KNpcAttribModify.obj
 0001:00027ff3       ?PoisonTimeReduceP@KNpcAttribModify@@AAEXPAVKNpc@@PAX@Z 10028ff3 f   KNpcAttribModify.obj
 0001:0002802e       ?RangeDamageReturnV@KNpcAttribModify@@AAEXPAVKNpc@@PAX@Z 1002902e f   KNpcAttribModify.obj
 0001:0002809d       ?RangeDamageReturnP@KNpcAttribModify@@AAEXPAVKNpc@@PAX@Z 1002909d f   KNpcAttribModify.obj
 0001:0002810c       ?DamageReturnResistP@KNpcAttribModify@@AAEXPAVKNpc@@PAX@Z 1002910c f   KNpcAttribModify.obj
 0001:00028147       ?ItemPinkNoMagic@KNpcAttribModify@@AAEXPAVKNpc@@PAX@Z 10029147 f   KNpcAttribModify.obj
 0001:0002816a       ?PoisonDamageReturnP@KNpcAttribModify@@AAEXPAVKNpc@@PAX@Z 1002916a f   KNpcAttribModify.obj
 0001:000281d9       ?BuffEmtyReturnP@KNpcAttribModify@@AAEXPAVKNpc@@PAX@Z 100291d9 f   KNpcAttribModify.obj
 0001:00028266       ?SlowMissleB@KNpcAttribModify@@AAEXPAVKNpc@@PAX@Z 10029266 f   KNpcAttribModify.obj
 0001:000282e1       ?StaminaMaxP@KNpcAttribModify@@AAEXPAVKNpc@@PAX@Z 100292e1 f   KNpcAttribModify.obj
 0001:0002837d       ?StaminaMaxV@KNpcAttribModify@@AAEXPAVKNpc@@PAX@Z 1002937d f   KNpcAttribModify.obj
 0001:000283ec       ?StaminaReplenishV@KNpcAttribModify@@AAEXPAVKNpc@@PAX@Z 100293ec f   KNpcAttribModify.obj
 0001:0002845b       ?StaminaV@KNpcAttribModify@@AAEXPAVKNpc@@PAX@Z 1002945b f   KNpcAttribModify.obj
 0001:000284ca       ?StealLifeP@KNpcAttribModify@@AAEXPAVKNpc@@PAX@Z 100294ca f   KNpcAttribModify.obj
 0001:00028542       ?StealManaP@KNpcAttribModify@@AAEXPAVKNpc@@PAX@Z 10029542 f   KNpcAttribModify.obj
 0001:000285ba       ?StealStaminaP@KNpcAttribModify@@AAEXPAVKNpc@@PAX@Z 100295ba f   KNpcAttribModify.obj
 0001:00028632       ?StrengthV@KNpcAttribModify@@AAEXPAVKNpc@@PAX@Z 10029632 f   KNpcAttribModify.obj
 0001:000286c3       ?StunTimeReduceP@KNpcAttribModify@@AAEXPAVKNpc@@PAX@Z 100296c3 f   KNpcAttribModify.obj
 0001:00028732       ?VisionRadiusP@KNpcAttribModify@@AAEXPAVKNpc@@PAX@Z 10029732 f   KNpcAttribModify.obj
 0001:000287a1       ?VitalityV@KNpcAttribModify@@AAEXPAVKNpc@@PAX@Z 100297a1 f   KNpcAttribModify.obj
 0001:00028832       ?WaterSkillV@KNpcAttribModify@@AAEXPAVKNpc@@PAX@Z 10029832 f   KNpcAttribModify.obj
 0001:00028a59       ?WoodSkillV@KNpcAttribModify@@AAEXPAVKNpc@@PAX@Z 10029a59 f   KNpcAttribModify.obj
 0001:00028b17       ?FireresP@KNpcAttribModify@@AAEXPAVKNpc@@PAX@Z 10029b17 f   KNpcAttribModify.obj
 0001:00028b86       ?ArmorDefenseV@KNpcAttribModify@@AAEXPAVKNpc@@PAX@Z 10029b86 f   KNpcAttribModify.obj
 0001:00028bf5       ?ColdEnhanceP@KNpcAttribModify@@AAEXPAVKNpc@@PAX@Z 10029bf5 f   KNpcAttribModify.obj
 0001:00028c64       ?FireEnhanceP@KNpcAttribModify@@AAEXPAVKNpc@@PAX@Z 10029c64 f   KNpcAttribModify.obj
 0001:00028cd3       ?LightingEnhanceP@KNpcAttribModify@@AAEXPAVKNpc@@PAX@Z 10029cd3 f   KNpcAttribModify.obj
 0001:00028d42       ?PoisonEnhanceP@KNpcAttribModify@@AAEXPAVKNpc@@PAX@Z 10029d42 f   KNpcAttribModify.obj
 0001:00028db1       ?LifePotionV@KNpcAttribModify@@AAEXPAVKNpc@@PAX@Z 10029db1 f   KNpcAttribModify.obj
 0001:00028e9e       ?ManaPotionV@KNpcAttribModify@@AAEXPAVKNpc@@PAX@Z 10029e9e f   KNpcAttribModify.obj
 0001:00028f8b       ?PhysicsResMaxP@KNpcAttribModify@@AAEXPAVKNpc@@PAX@Z 10029f8b f   KNpcAttribModify.obj
 0001:00028ffa       ?ColdResMaxP@KNpcAttribModify@@AAEXPAVKNpc@@PAX@Z 10029ffa f   KNpcAttribModify.obj
 0001:00029069       ?FireResMaxP@KNpcAttribModify@@AAEXPAVKNpc@@PAX@Z 1002a069 f   KNpcAttribModify.obj
 0001:000290d8       ?LightingResMaxP@KNpcAttribModify@@AAEXPAVKNpc@@PAX@Z 1002a0d8 f   KNpcAttribModify.obj
 0001:00029147       ?PoisonResMaxP@KNpcAttribModify@@AAEXPAVKNpc@@PAX@Z 1002a147 f   KNpcAttribModify.obj
 0001:000291b6       ?AllResMaxP@KNpcAttribModify@@AAEXPAVKNpc@@PAX@Z 1002a1b6 f   KNpcAttribModify.obj
 0001:00029285       ?FatallyStrikeP@KNpcAttribModify@@AAEXPAVKNpc@@PAX@Z 1002a285 f   KNpcAttribModify.obj
 0001:00029299       ?MixPoisonDamage@KNpcAttribModify@@QAEXPAUKMagicAttrib@@0@Z 1002a299 f   KNpcAttribModify.obj
 0001:000293a0       ?Init@KNpcDeathCalcExp@@QAEXH@Z 1002a3a0 f   KNpcDeathCalcExp.obj
 0001:000293e3       ?Active@KNpcDeathCalcExp@@QAEXXZ 1002a3e3 f   KNpcDeathCalcExp.obj
 0001:000294a6       ?AddDamage@KNpcDeathCalcExp@@QAEXHH@Z 1002a4a6 f   KNpcDeathCalcExp.obj
 0001:00029616       ?CalcExp@KNpcDeathCalcExp@@QAEHH@Z 1002a616 f   KNpcDeathCalcExp.obj
 0001:00029a4d       ?Clear@KNpcDeathCalcExp@@QAEXXZ 1002aa4d f   KNpcDeathCalcExp.obj
 0001:00029a80       ??0KNpcFindPath@@QAE@XZ    1002aa80 f   KNpcFindPath.obj
 0001:00029ae4       ?Init@KNpcFindPath@@QAEXH@Z 1002aae4 f   KNpcFindPath.obj
 0001:00029b46       ?GetDir@KNpcFindPath@@QAEHHHHHHHPAH@Z 1002ab46 f   KNpcFindPath.obj
 0001:0002a124       ?Dir64To8@KNpcFindPath@@QAEHH@Z 1002b124 f   KNpcFindPath.obj
 0001:0002a144       ?Dir8To64@KNpcFindPath@@QAEHH@Z 1002b144 f   KNpcFindPath.obj
 0001:0002a15e       ?CheckDistance@KNpcFindPath@@QAEHHHHHH@Z 1002b15e f   KNpcFindPath.obj
 0001:0002a1a2       ?CheckBarrier@KNpcFindPath@@QAEHHH@Z 1002b1a2 f   KNpcFindPath.obj
 0001:0002a250       ?Init@KNpcGold@@QAEXH@Z    1002b250 f   KNpcGold.obj
 0001:0002a302       ?SetGoldType@KNpcGold@@QAEXH@Z 1002b302 f   KNpcGold.obj
 0001:0002a325       ?SetGoldTypeAndBackData@KNpcGold@@QAEXXZ 1002b325 f   KNpcGold.obj
 0001:0002a43b       ?RecoverBackData@KNpcGold@@QAEXXZ 1002b43b f   KNpcGold.obj
 0001:0002a7ab       ?RandChangeGold@KNpcGold@@QAEXXZ 1002b7ab f   KNpcGold.obj
 0001:0002abff       ?GetGoldType@KNpcGold@@QAEHXZ 1002bbff f   KNpcGold.obj
 0001:0002ac30       ??0KNpcGoldTemplate@@QAE@XZ 1002bc30 f   KNpcGold.obj
 0001:0002ac6f       ?Init@KNpcGoldTemplate@@QAEHXZ 1002bc6f f   KNpcGold.obj
 0001:0002b27b       ??0KNpcSet@@QAE@XZ         1002c27b f   KNpcSet.obj
 0001:0002b30e       ?Init@KNpcSet@@QAEXXZ      1002c30e f   KNpcSet.obj
 0001:0002b5b6       ?LoadPlayerBaseValue@KNpcSet@@QAEXPAD@Z 1002c5b6 f   KNpcSet.obj
 0001:0002b6fc       ?IsNpcExist@KNpcSet@@QAEHHK@Z 1002c6fc f   KNpcSet.obj
 0001:0002b72d       ?GenOneRelation@KNpcSet@@AAE?AW4NPC_RELATION@@W4NPCKIND@@0W4NPCCAMP@@1@Z 1002c72d f   KNpcSet.obj
 0001:0002b7cc       ?GenRelationTable@KNpcSet@@AAEHXZ 1002c7cc f   KNpcSet.obj
 0001:0002b8cb       ?SearchID@KNpcSet@@QAEHK@Z 1002c8cb f   KNpcSet.obj
 0001:0002b948       ?SearchName@KNpcSet@@QAEHPAD@Z 1002c948 f   KNpcSet.obj
 0001:0002b9da       ?SearchNameID@KNpcSet@@QAEHK@Z 1002c9da f   KNpcSet.obj
 0001:0002ba91       ?FindFree@KNpcSet@@AAEHXZ  1002ca91 f   KNpcSet.obj
 0001:0002bac9       ?Add@KNpcSet@@QAEHHPAX@Z   1002cac9 f   KNpcSet.obj
 0001:0002bcfc       ?Add@KNpcSet@@QAEHHHHH@Z   1002ccfc f   KNpcSet.obj
 0001:0002bd9d       ?Add@KNpcSet@@QAEHHHHHHHH@Z 1002cd9d f   KNpcSet.obj
 0001:0002bfe2       ?Remove@KNpcSet@@QAEXH@Z   1002cfe2 f   KNpcSet.obj
 0001:0002c284       ?RemoveAll@KNpcSet@@QAEXXZ 1002d284 f   KNpcSet.obj
 0001:0002c38b       ?SetID@KNpcSet@@AAEXH@Z    1002d38b f   KNpcSet.obj
 0001:0002c403       ?GetDistance@KNpcSet@@SAHHH@Z 1002d403 f   KNpcSet.obj
 0001:0002c6b6       ?GetDistanceSquare@KNpcSet@@SAHHH@Z 1002d6b6 f   KNpcSet.obj
 0001:0002c931       ?GetNextIdx@KNpcSet@@QAEHH@Z 1002d931 f   KNpcSet.obj
 0001:0002c980       ?SyncNpc@KNpcSet@@QAEHKH@Z 1002d980 f   KNpcSet.obj
 0001:0002ca2e       ?ClearActivateFlagOfAllNpc@KNpcSet@@QAEXXZ 1002da2e f   KNpcSet.obj
 0001:0002caa1       ?GetRelation@KNpcSet@@QAE?AW4NPC_RELATION@@HH@Z 1002daa1 f   KNpcSet.obj
 0001:0002cf00       ??1KNpcSet@@QAE@XZ         1002df00 f i KNpcSet.obj
 0001:0002cf80       ?Clear@KSkillList@@QAEXXZ  1002df80 f i KNpcSet.obj
 0001:0002d01b       ??M@YAHVKItemDropRateNode@@0@Z 1002e01b f   KNpcTemplate.obj
 0001:0002d08d       ??8@YAHVKItemDropRateNode@@0@Z 1002e08d f   KNpcTemplate.obj
 0001:0002d104       ?InitNpcBaseData@KNpcTemplate@@QAEXH@Z 1002e104 f   KNpcTemplate.obj
 0001:0002e017       ?InitNpcLevelData@KNpcTemplate@@QAEXPAVKTabFile@@HH@Z 1002f017 f   KNpcTemplate.obj
 0001:0002e699       ?GetNpcLevelDataFromScript@KNpcTemplate@@SAHPAVKLuaScript@@PADH1@Z 1002f699 f   KNpcTemplate.obj
 0001:0002e793       ?GetNpcLevelDataFromScript@KNpcTemplate@@SAHPAVKLuaScript@@PADHNNN@Z 1002f793 f   KNpcTemplate.obj
 0001:0002e879       ?SkillString2Id@KNpcTemplate@@SAHPAD@Z 1002f879 f   KNpcTemplate.obj
 0001:0002e990       ??1KItemDropRateNode@@QAE@XZ 1002f990 f i KNpcTemplate.obj
 0001:0002e9b0       ??0KItemDropRateNode@@QAE@XZ 1002f9b0 f i KNpcTemplate.obj
 0001:0002e9d0       ??0?$BinSTree@VKItemDropRateNode@@@@QAE@XZ 1002f9d0 f i KNpcTemplate.obj
 0001:0002ea10       ??1?$BinSTree@VKItemDropRateNode@@@@QAE@XZ 1002fa10 f i KNpcTemplate.obj
 0001:0002ea40       ?Find@?$BinSTree@VKItemDropRateNode@@@@QAE_NAAVKItemDropRateNode@@@Z 1002fa40 f i KNpcTemplate.obj
 0001:0002eab0       ?Insert@?$BinSTree@VKItemDropRateNode@@@@QAEXABVKItemDropRateNode@@@Z 1002fab0 f i KNpcTemplate.obj
 0001:0002ec00       ?FindNode@?$BinSTree@VKItemDropRateNode@@@@ABEPAV?$TreeNode@VKItemDropRateNode@@@@ABVKItemDropRateNode@@AAPAV2@@Z 1002fc00 f i KNpcTemplate.obj
 0001:0002ece0       ?ClearList@?$BinSTree@VKItemDropRateNode@@@@QAEXXZ 1002fce0 f i KNpcTemplate.obj
 0001:0002ed30       ??0?$TreeNode@VKItemDropRateNode@@@@QAE@ABVKItemDropRateNode@@PAV0@1@Z 1002fd30 f i KNpcTemplate.obj
 0001:0002ed70       ?DeleteTree@?$BinSTree@VKItemDropRateNode@@@@AAEXPAV?$TreeNode@VKItemDropRateNode@@@@@Z 1002fd70 f i KNpcTemplate.obj
 0001:0002edf0       ??_G?$TreeNode@VKItemDropRateNode@@@@QAEPAXI@Z 1002fdf0 f i KNpcTemplate.obj
 0001:0002ee30       ??1?$TreeNode@VKItemDropRateNode@@@@QAE@XZ 1002fe30 f i KNpcTemplate.obj
 0001:0002eede       ??0KPlayer@@QAE@XZ         1002fede f   KPlayer.obj
 0001:0002efe7       ??1KPlayer@@QAE@XZ         1002ffe7 f   KPlayer.obj
 0001:0002f08e       ?Release@KPlayer@@QAEXXZ   1003008e f   KPlayer.obj
 0001:0002f71b       ?SetPlayerIndex@KPlayer@@QAEXH@Z 1003071b f   KPlayer.obj
 0001:0002f74a       ?GetPlayerIndex@KPlayer@@QAEHXZ 1003074a f   KPlayer.obj
 0001:0002f762       ?Active@KPlayer@@QAEXXZ    10030762 f   KPlayer.obj
 0001:00031c03       ?PlayerAutoUnBlock@KPlayer@@QAEXXZ 10032c03 f   KPlayer.obj
 0001:00031df9       ?ProcessMsg@KPlayer@@QAEXPAVKWorldMsgNode@@@Z 10032df9 f   KPlayer.obj
 0001:00031e1f       ?IsWaitingRemove@KPlayer@@QAEHXZ 10032e1f f   KPlayer.obj
 0001:00031e47       ?WaitForRemove@KPlayer@@QAEXXZ 10032e47 f   KPlayer.obj
 0001:00031e63       ?IsLoginTimeOut@KPlayer@@QAEHXZ 10032e63 f   KPlayer.obj
 0001:00031ece       ?LoginTimeOut@KPlayer@@QAEXXZ 10032ece f   KPlayer.obj
 0001:00031f17       ?Save@KPlayer@@QAEHXZ      10032f17 f   KPlayer.obj
 0001:00032000       ?CanSave@KPlayer@@QAEHXZ   10033000 f   KPlayer.obj
 0001:000320a2       ?CheckSaveRsul@KPlayer@@QAEHXZ 100330a2 f   KPlayer.obj
 0001:000320c6       ?SendSyncData@KPlayer@@QAEHAAHAAI@Z 100330c6 f   KPlayer.obj
 0001:0003243b       ?SendSyncData_Skill@KPlayer@@QAEHXZ 1003343b f   KPlayer.obj
 0001:000325d7       ?SendCurHeightSyncData@KPlayer@@QAEXXZ 100335d7 f   KPlayer.obj
 0001:0003273d       ?SendCurNormalSyncData@KPlayer@@QAEXXZ 1003373d f   KPlayer.obj
 0001:00032826       ?QuitGame@KPlayer@@QAEXH@Z 10033826 f   KPlayer.obj
 0001:0003284c       ?BuyItem@KPlayer@@QAEXPAE@Z 1003384c f   KPlayer.obj
 0001:000328b8       ?SellItem@KPlayer@@QAEXPAE@Z 100338b8 f   KPlayer.obj
 0001:00032916       ?ShopPrice@KPlayer@@QAEXPAE@Z 10033916 f   KPlayer.obj
 0001:00032aca       ?ShopBuyItem@KPlayer@@QAEXPAE@Z 10033aca f   KPlayer.obj
 0001:000331a7       ?OpenBuyShop@KPlayer@@QAEXPAE@Z 100341a7 f   KPlayer.obj
 0001:00033666       ?CloseBuyShop@KPlayer@@QAEXPAE@Z 10034666 f   KPlayer.obj
 0001:000336a3       ?ShopOpen@KPlayer@@QAEXPAE@Z 100346a3 f   KPlayer.obj
 0001:00033ccc       ?LoginPWStoreBox@KPlayer@@QAEXPAE@Z 10034ccc f   KPlayer.obj
 0001:00033e16       ?UnBlockStoreBox@KPlayer@@QAEXPAE@Z 10034e16 f   KPlayer.obj
 0001:00033f60       ?BlockStoreBox@KPlayer@@QAEXPAE@Z 10034f60 f   KPlayer.obj
 0001:00034051       ?NewPWStoreBox@KPlayer@@QAEXPAE@Z 10035051 f   KPlayer.obj
 0001:000341bc       ?PWStoreBox@KPlayer@@QAEXPAE@Z 100351bc f   KPlayer.obj
 0001:0003435b       ?StringBox@KPlayer@@QAEXPAE@Z 1003535b f   KPlayer.obj
 0001:000344de       ?ShopName@KPlayer@@QAEXPAE@Z 100354de f   KPlayer.obj
 0001:00034598       ?CheckItemBox@KPlayer@@QAEXPAE@Z 10035598 f   KPlayer.obj
 0001:00034698       ?ButtonPGBox@KPlayer@@QAEXPAE@Z 10035698 f   KPlayer.obj
 0001:00034759       ?SlectCheckBox@KPlayer@@QAEXPAE@Z 10035759 f   KPlayer.obj
 0001:0003491e       ?StaskItem@KPlayer@@QAEXPAE@Z 1003591e f   KPlayer.obj
 0001:00034bed       ?BlockItem@KPlayer@@QAEXPAE@Z 10035bed f   KPlayer.obj
 0001:00034f3f       ?UnBlockItem@KPlayer@@QAEXPAE@Z 10035f3f f   KPlayer.obj
 0001:00035161       ?GetLoginRevivalPos@KPlayer@@QAEXPAH00@Z 10036161 f   KPlayer.obj
 0001:00035195       ?GetDeathRevivalPos@KPlayer@@QAEXPAH00@Z 10036195 f   KPlayer.obj
 0001:000351ca       ?SetTimer@KPlayer@@QAEXKH@Z 100361ca f   KPlayer.obj
 0001:0003520a       ?CloseTimer@KPlayer@@QAEXXZ 1003620a f   KPlayer.obj
 0001:00035231       ?SetRevivalPos@KPlayer@@QAEXHH@Z 10036231 f   KPlayer.obj
 0001:000352e7       ?S2CSendTeamInfo@KPlayer@@QAEXPAE@Z 100362e7 f   KPlayer.obj
 0001:000356e2       ?SendSelfTeamInfo@KPlayer@@QAEXXZ 100366e2 f   KPlayer.obj
 0001:0003598c       ?CreateTeam@KPlayer@@QAEHPAE@Z 1003698c f   KPlayer.obj
 0001:000359d3       ?SetTeamState@KPlayer@@QAEHPAE@Z 100369d3 f   KPlayer.obj
 0001:00035aad       ?S2CSendAddTeamInfo@KPlayer@@QAEHPAE@Z 10036aad f   KPlayer.obj
 0001:00035e76       ?AddTeamMember@KPlayer@@QAEHPAE@Z 10036e76 f   KPlayer.obj
 0001:0003653d       ?LeaveTeam@KPlayer@@QAEXPAE@Z 1003753d f   KPlayer.obj
 0001:0003674a       ?TeamKickOne@KPlayer@@QAEXPAE@Z 1003774a f   KPlayer.obj
 0001:00036a07       ?TeamChangeCaptain@KPlayer@@QAEXPAE@Z 10037a07 f   KPlayer.obj
 0001:00036ec6       ?TeamDismiss@KPlayer@@QAEXPAE@Z 10037ec6 f   KPlayer.obj
 0001:0003718b       ?SetPK@KPlayer@@QAEXPAE@Z  1003818b f   KPlayer.obj
 0001:000371fc       ?SendFactionData@KPlayer@@QAEXPAE@Z 100381fc f   KPlayer.obj
 0001:00037222       ?SendFactionData@KPlayer@@AAEXXZ 10038222 f   KPlayer.obj
 0001:000372c9       ?GetAboutPos@KPlayer@@QAEXPAUKMapPos@@@Z 100382c9 f   KPlayer.obj
 0001:000373e7       ?FindAroundPlayer@KPlayer@@QAEHK@Z 100383e7 f   KPlayer.obj
 0001:00037684       ?CheckPlayerAround@KPlayer@@QAEHH@Z 10038684 f   KPlayer.obj
 0001:000377c7       ?FindAroundNpc@KPlayer@@QAEHK@Z 100387c7 f   KPlayer.obj
 0001:00037a36       ?NewPlayerGetBaseAttribute@KPlayer@@QAEHH@Z 10038a36 f   KPlayer.obj
 0001:00037b4b       ?CalcCurLucky@KPlayer@@AAEXXZ 10038b4b f   KPlayer.obj
 0001:00037b6f       ?AddBaseStrength@KPlayer@@AAEXH@Z 10038b6f f   KPlayer.obj
 0001:00037c74       ?AddBaseDexterity@KPlayer@@AAEXH@Z 10038c74 f   KPlayer.obj
 0001:00037d89       ?AddBaseVitality@KPlayer@@AAEXH@Z 10038d89 f   KPlayer.obj
 0001:00037f04       ?AddBaseEngergy@KPlayer@@AAEXH@Z 10038f04 f   KPlayer.obj
 0001:00038041       ?ChangeCurStrength@KPlayer@@QAEXH@Z 10039041 f   KPlayer.obj
 0001:0003807c       ?ChangeCurDexterity@KPlayer@@QAEXH@Z 1003907c f   KPlayer.obj
 0001:00038139       ?ChangeCurVitality@KPlayer@@QAEXH@Z 10039139 f   KPlayer.obj
 0001:000381ea       ?ChangeCurEngergy@KPlayer@@QAEXH@Z 100391ea f   KPlayer.obj
 0001:0003825c       ?AddBaseLucky@KPlayer@@QAEXH@Z 1003925c f   KPlayer.obj
 0001:00038297       ?SetNpcPhysicsDamage@KPlayer@@AAEXXZ 10039297 f   KPlayer.obj
 0001:000383cf       ?SetNpcAttackRating@KPlayer@@AAEXXZ 100393cf f   KPlayer.obj
 0001:00038425       ?SetNpcDefence@KPlayer@@AAEXXZ 10039425 f   KPlayer.obj
 0001:0003847d       ?AddExp@KPlayer@@QAEXHHH@Z 1003947d f   KPlayer.obj
 0001:00038b81       ?AddSelfExp@KPlayer@@QAEXHH@Z 10039b81 f   KPlayer.obj
 0001:00039273       ?DirectAddExp@KPlayer@@QAEXH@Z 1003a273 f   KPlayer.obj
 0001:000393f1       ?FixPlayer@KPlayer@@QAEXXZ 1003a3f1 f   KPlayer.obj
 0001:00039a5d       ?SetLevel@KPlayer@@QAEXH@Z 1003aa5d f   KPlayer.obj
 0001:0003a0cc       ?LevelUp@KPlayer@@QAEXXZ   1003b0cc f   KPlayer.obj
 0001:0003a9b9       ?UpdataCurData@KPlayer@@QAEXXZ 1003b9b9 f   KPlayer.obj
 0001:0003b572       ?ReCalcEquip@KPlayer@@QAEXXZ 1003c572 f   KPlayer.obj
 0001:0003b6bd       ?ReCalcState@KPlayer@@QAEXXZ 1003c6bd f   KPlayer.obj
 0001:0003b738       ?AddLeadExp@KPlayer@@QAEXH@Z 1003c738 f   KPlayer.obj
 0001:0003b851       ?LevelAttriBaseLifeMax@KPlayer@@AAEXXZ 1003c851 f   KPlayer.obj
 0001:0003b941       ?LevelAttriBaseStaminaMax@KPlayer@@AAEXXZ 1003c941 f   KPlayer.obj
 0001:0003ba31       ?LevelAttriBaseManaMax@KPlayer@@AAEXXZ 1003ca31 f   KPlayer.obj
 0001:0003bb14       ?ChangePlayerCamp@KPlayer@@QAEXH@Z 1003cb14 f   KPlayer.obj
 0001:0003bb4e       ?AddFaction@KPlayer@@QAEHPAD@Z 1003cb4e f   KPlayer.obj
 0001:0003bbd2       ?AddFaction@KPlayer@@QAEHH@Z 1003cbd2 f   KPlayer.obj
 0001:0003bc56       ?LeaveCurFaction@KPlayer@@QAEHXZ 1003cc56 f   KPlayer.obj
 0001:0003bcec       ?CurFactionOpenSkill@KPlayer@@QAEHH@Z 1003ccec f   KPlayer.obj
 0001:0003bd9d       ?TaskClearTempVal@KPlayer@@QAEXXZ 1003cd9d f   KPlayer.obj
 0001:0003bdc7       ?TaskGetSaveVal@KPlayer@@QAEHH@Z 1003cdc7 f   KPlayer.obj
 0001:0003bdf7       ?TaskSetSaveVal@KPlayer@@QAEXHH@Z 1003cdf7 f   KPlayer.obj
 0001:0003be2b       ?TaskGetClearVal@KPlayer@@QAEHH@Z 1003ce2b f   KPlayer.obj
 0001:0003be5b       ?TaskSetClearVal@KPlayer@@QAEXHH@Z 1003ce5b f   KPlayer.obj
 0001:0003be8f       ?ServerSendChat@KPlayer@@QAEXPAE@Z 1003ce8f f   KPlayer.obj
 0001:0003bec6       ?AddBaseAttribute@KPlayer@@QAEXPAE@Z 1003cec6 f   KPlayer.obj
 0001:0003bf67       ?AddSkillPoint@KPlayer@@QAEXPAE@Z 1003cf67 f   KPlayer.obj
 0001:0003c403       ?CheckOption@KPlayer@@QAEHHH@Z 1003d403 f   KPlayer.obj
 0001:0003c487       ?ServerPickUpItem@KPlayer@@QAEHPAE@Z 1003d487 f   KPlayer.obj
 0001:0003db0a       ?EatItem@KPlayer@@QAEXPAE@Z 1003eb0a f   KPlayer.obj
 0001:0003db60       ?ServerMoveItem@KPlayer@@QAEXPAE@Z 1003eb60 f   KPlayer.obj
 0001:0003dd20       ?ServerThrowAwayItem@KPlayer@@QAEXPAE@Z 1003ed20 f   KPlayer.obj
 0001:0003e36d       ?PlayerRestAP@KPlayer@@QAEXHHHH@Z 1003f36d f   KPlayer.obj
 0001:0003e403       ?ChatSetTakeChannel@KPlayer@@QAEXPAE@Z 1003f403 f   KPlayer.obj
 0001:0003e445       ?ChatTransmitApplyAddFriend@KPlayer@@QAEXPAE@Z 1003f445 f   KPlayer.obj
 0001:0003e5cd       ?ChatAddFriend@KPlayer@@QAEHPAE@Z 1003f5cd f   KPlayer.obj
 0001:0003e719       ?ChatRefuseFriend@KPlayer@@QAEXPAE@Z 1003f719 f   KPlayer.obj
 0001:0003e854       ?ChatResendAllFriend@KPlayer@@QAEXPAE@Z 1003f854 f   KPlayer.obj
 0001:0003e8bd       ?ChatSendOneFriendData@KPlayer@@QAEXPAE@Z 1003f8bd f   KPlayer.obj
 0001:0003e906       ?ChatDeleteFriend@KPlayer@@QAEXPAE@Z 1003f906 f   KPlayer.obj
 0001:0003e952       ?ChatRedeleteFriend@KPlayer@@QAEXPAE@Z 1003f952 f   KPlayer.obj
 0001:0003e99b       ?TradeApplyOpen@KPlayer@@QAEXPAE@Z 1003f99b f   KPlayer.obj
 0001:0003eba2       ?TradeApplyClose@KPlayer@@QAEXPAE@Z 1003fba2 f   KPlayer.obj
 0001:0003ebeb       ?TradeApplyStart@KPlayer@@QAEXPAE@Z 1003fbeb f   KPlayer.obj
 0001:0003ee3c       ?TradeMoveMoney@KPlayer@@QAEXPAE@Z 1003fe3c f   KPlayer.obj
 0001:0003eee2       ?TradeDecision@KPlayer@@QAEXPAE@Z 1003fee2 f   KPlayer.obj
 0001:0003f93a       ?c2sTradeReplyStart@KPlayer@@QAEXPAE@Z 1004093a f   KPlayer.obj
 0001:0003fe87       ?SyncTradeState@KPlayer@@QAEXXZ 10040e87 f   KPlayer.obj
 0001:0003ffdd       ?SendEquipItemInfo@KPlayer@@QAEXH@Z 10040fdd f   KPlayer.obj
 0001:000402e7       ?UseTownPortal@KPlayer@@QAEXH@Z 100412e7 f   KPlayer.obj
 0001:0004082b       ?BackToTownPortal@KPlayer@@QAEXXZ 1004182b f   KPlayer.obj
 0001:00040911       ?GetRevID@KPlayer@@QAEXPAH@Z 10041911 f   KPlayer.obj
 0001:00040976       ?GetTownPortal@KPlayer@@QAEXPAH00@Z 10041976 f   KPlayer.obj
 0001:00040a1b       ?Revive@KPlayer@@QAEXH@Z   10041a1b f   KPlayer.obj
 0001:00040c06       ?RestoreLiveData@KPlayer@@QAEXXZ 10041c06 f   KPlayer.obj
 0001:00040c3c       ?Pay@KPlayer@@QAEHH@Z      10041c3c f   KPlayer.obj
 0001:00040c76       ?PrePay@KPlayer@@QAEHH@Z   10041c76 f   KPlayer.obj
 0001:00040cc3       ?Earn@KPlayer@@QAEHH@Z     10041cc3 f   KPlayer.obj
 0001:00040cff       ?LaunchPlayer@KPlayer@@QAEXXZ 10041cff f   KPlayer.obj
 0001:00040f81       ?ExecuteScript@KPlayer@@QAEHPAD0H@Z 10041f81 f   KPlayer.obj
 0001:00040fec       ?ExecuteScript@KPlayer@@QAEHKPADH@Z 10041fec f   KPlayer.obj
 0001:00041266       ?ExecuteScript@KPlayer@@QAEHKPAD0@Z 10042266 f   KPlayer.obj
 0001:00041515       ?ExecuteScript@KPlayer@@QAEHPAD00@Z 10042515 f   KPlayer.obj
 0001:0004158f       ?ExecuteScriptNew@KPlayer@@QAEHKPAD00@Z 1004258f f   KPlayer.obj
 0001:00041843       ?ExecuteScriptNew@KPlayer@@QAEHPAD000@Z 10042843 f   KPlayer.obj
 0001:000418c1       ?DoScript@KPlayer@@QAEHPAD@Z 100428c1 f   KPlayer.obj
 0001:00041b38       ?DoScriptAction@KPlayer@@QAEXPAUPLAYER_SCRIPTACTION_SYNC@@@Z 10042b38 f   KPlayer.obj
 0001:00041bd4       ?ProcessPlayerSelectFromUI@KPlayer@@QAEXPAE@Z 10042bd4 f   KPlayer.obj
 0001:00041e01       ?ChatFriendOnLine@KPlayer@@QAEXKH@Z 10042e01 f   KPlayer.obj
 0001:00041f26       ?GetFactionName@KPlayer@@QAEXPADH@Z 10042f26 f   KPlayer.obj
 0001:00041f56       ?S2CExecuteScript@KPlayer@@AAEXPAD0@Z 10042f56 f   KPlayer.obj
 0001:00042098       ?AddTempTaskValue@KPlayer@@QAEHPAX@Z 10043098 f   KPlayer.obj
 0001:000420d6       ?DialogNpc@KPlayer@@QAEXPAE@Z 100430d6 f   KPlayer.obj
 0001:000421ca       ?CheckTrading@KPlayer@@QAEHXZ 100431ca f   KPlayer.obj
 0001:000421ed       ?CheckShopOpen@KPlayer@@QAEHXZ 100431ed f   KPlayer.obj
 0001:00042214       ?CheckShopBuyOpen@KPlayer@@QAEHXZ 10043214 f   KPlayer.obj
 0001:0004223b       ?SetFirstDamage@KPlayer@@QAEXXZ 1004323b f   KPlayer.obj
 0001:00042559       ?SetBaseAttackRating@KPlayer@@QAEXXZ 10043559 f   KPlayer.obj
 0001:00042590       ?SetBaseDefence@KPlayer@@QAEXXZ 10043590 f   KPlayer.obj
 0001:000425c3       ?SetBaseResistData@KPlayer@@QAEXXZ 100435c3 f   KPlayer.obj
 0001:000427d3       ?SetBaseSpeedAndRadius@KPlayer@@QAEXXZ 100437d3 f   KPlayer.obj
 0001:0004287b       ?SetNpcDamageAttrib@KPlayer@@QAEXXZ 1004387b f   KPlayer.obj
 0001:0004289f       ?TobeExchangeServer@KPlayer@@QAEXKHH@Z 1004389f f   KPlayer.obj
 0001:000428f5       ?IsExchangingServer@KPlayer@@QAEHXZ 100438f5 f   KPlayer.obj
 0001:00042910       ?SetLastNetOperationTime@KPlayer@@QAEXH@Z 10043910 f   KPlayer.obj
 0001:000429d1       ?SetNumImg@KPlayer@@QAEXH@Z 100439d1 f   KPlayer.obj
 0001:000429f1       ?CreateTong@KPlayer@@QAEHHPAD0@Z 100439f1 f   KPlayer.obj
 0001:00042a29       ?LoginTong@KPlayer@@QAEXHHPAD000@Z 10043a29 f   KPlayer.obj
 0001:00042a6d       ?SendTongInfo@KPlayer@@QAEXHHHHHPADHHH0@Z 10043a6d f   KPlayer.obj
 0001:00042ac1       ?MemberAddTong@KPlayer@@QAEXHPAD00@Z 10043ac1 f   KPlayer.obj
 0001:00042afd       ?DeleteTong@KPlayer@@QAEXXZ 10043afd f   KPlayer.obj
 0001:00042b27       ?UpdateTong@KPlayer@@QAEXH@Z 10043b27 f   KPlayer.obj
 0001:00042b57       ?GetIdxPGBoxItem@KPlayer@@QAEHHH@Z 10043b57 f   KPlayer.obj
 0001:00042c9a       ?GetIdMagicEventItem@KPlayer@@QAEHH@Z 10043c9a f   KPlayer.obj
 0001:00042d88       ?GetLevelMagicEventItem@KPlayer@@QAEHH@Z 10043d88 f   KPlayer.obj
 0001:00042e76       ?GetRequirementMagicEventItem@KPlayer@@QAEHH@Z 10043e76 f   KPlayer.obj
 0001:00042f64       ?GetItemType@KPlayer@@QAEHH@Z 10043f64 f   KPlayer.obj
 0001:00043009       ?GetEquipMagicId@KPlayer@@QAEHHH@Z 10044009 f   KPlayer.obj
 0001:000430f6       ?GetEquipMagicLevel@KPlayer@@QAEHHH@Z 100440f6 f   KPlayer.obj
 0001:0004322c       ?GetEquipMagicPoint@KPlayer@@QAEHHH@Z 1004422c f   KPlayer.obj
 0001:00043329       ?GetEquipMagicLucky@KPlayer@@QAEHHH@Z 10044329 f   KPlayer.obj
 0001:0004345b       ?GetItemBoxLucky@KPlayer@@QAEHH@Z 1004445b f   KPlayer.obj
 0001:0004353a       ?AddPropObj@KPlayer@@QAEXH@Z 1004453a f   KPlayer.obj
 0001:00043698       ?AddPropObjPos@KPlayer@@QAEXHHHH@Z 10044698 f   KPlayer.obj
 0001:000436ac       ?GetGetEquipMagicRandomSeed@KPlayer@@QAEHH@Z 100446ac f   KPlayer.obj
 0001:0004377b       ?GetNumberNameInCpuTK@KPlayer@@QAEHXZ 1004477b f   KPlayer.obj
 0001:00043918       ?GetIdxItemBox2@KPlayer@@QAEHXZ 10044918 f   KPlayer.obj
 0001:00043a12       ?GetIdxItemBox@KPlayer@@QAEHXZ 10044a12 f   KPlayer.obj
 0001:00043b0c       ?GetIdxItemBoxUpdateItem@KPlayer@@QAEHXZ 10044b0c f   KPlayer.obj
 0001:00043c37       ?GetIdxItemBoxUpdateItem2@KPlayer@@QAEHXZ 10044c37 f   KPlayer.obj
 0001:00043d8c       ?GetIdxItemBoxUpdateItem3@KPlayer@@QAEHXZ 10044d8c f   KPlayer.obj
 0001:00043e5f       ?GetIdxItemBoxQuestKey@KPlayer@@QAEHH@Z 10044e5f f   KPlayer.obj
 0001:00043f6d       ?DelEquipItemQuestKey@KPlayer@@QAEHH@Z 10044f6d f   KPlayer.obj
 0001:00044072       ?CheckMagicItem@KPlayer@@QAEHHHHH@Z 10045072 f   KPlayer.obj
 0001:00044133       ?GetLevelItem@KPlayer@@QAEHH@Z 10045133 f   KPlayer.obj
 0001:000441e7       ?GetParticularItem@KPlayer@@QAEHH@Z 100451e7 f   KPlayer.obj
 0001:0004429b       ?GetTimeItem@KPlayer@@QAEHH@Z 1004529b f   KPlayer.obj
 0001:0004434f       ?GetDetailTypeItem@KPlayer@@QAEHH@Z 1004534f f   KPlayer.obj
 0001:00044403       ?GetClassItem@KPlayer@@QAEHH@Z 10045403 f   KPlayer.obj
 0001:000444b7       ?GetGenreItem@KPlayer@@QAEHH@Z 100454b7 f   KPlayer.obj
 0001:0004456b       ?IsBlockItem@KPlayer@@QAEHH@Z 1004556b f   KPlayer.obj
 0001:00044630       ?GetSeriItem@KPlayer@@QAEHH@Z 10045630 f   KPlayer.obj
 0001:000446e4       ?RepairItem@KPlayer@@QAEXK@Z 100456e4 f   KPlayer.obj
 0001:00044801       ?SetExtPoint@KPlayer@@QAEXHH@Z 10045801 f   KPlayer.obj
 0001:00044827       ?GetExtPoint@KPlayer@@QAEHXZ 10045827 f   KPlayer.obj
 0001:0004485d       ?PayExtPoint@KPlayer@@QAEHH@Z 1004585d f   KPlayer.obj
 0001:000448a3       ?GetExtPointChanged@KPlayer@@QAEHXZ 100458a3 f   KPlayer.obj
 0001:000448bb       ?SetExp@KPlayer@@QAEXH@Z   100458bb f   KPlayer.obj
 0001:000449b0       ??0KPlayerTeam@@QAE@XZ     100459b0 f i KPlayer.obj
 0001:000449e0       ??0KPlayerChat@@QAE@XZ     100459e0 f i KPlayer.obj
 0001:00044a20       ??1KPlayerChat@@QAE@XZ     10045a20 f i KPlayer.obj
 0001:00044a60       ??1CChatFriendTeam@@QAE@XZ 10045a60 f i KPlayer.obj
 0001:00044a90       ?SetOwner@KTimerTaskFun@@QAEXPAX@Z 10045a90 f i KPlayer.obj
 0001:00044ab0       ?GetID@KItem@@QBEKXZ       10045ab0 f i KPlayer.obj
 0001:00044ad0       ?GetDetailType@KItem@@QBEHXZ 10045ad0 f i KPlayer.obj
 0001:00044af0       ?GetDurability@KItem@@QAEHXZ 10045af0 f i KPlayer.obj
 0001:00044b10       ?GetGenre@KItem@@QBEHXZ    10045b10 f i KPlayer.obj
 0001:00044b30       ?GetBindItem@KItem@@QBEHXZ 10045b30 f i KPlayer.obj
 0001:00044b50       ?GetParticular@KItem@@QAEHXZ 10045b50 f i KPlayer.obj
 0001:00044b70       ?GetSeries@KItem@@QBEHXZ   10045b70 f i KPlayer.obj
 0001:00044b90       ?GetNgoaiTrang@KItem@@QBEHXZ 10045b90 f i KPlayer.obj
 0001:00044bb0       ?GetLevel@KItem@@QAEHXZ    10045bb0 f i KPlayer.obj
 0001:00044bd0       ?GetVersion@KItem@@QAEHXZ  10045bd0 f i KPlayer.obj
 0001:00044bf0       ?SetVersion@KItem@@QAEXH@Z 10045bf0 f i KPlayer.obj
 0001:00044c10       ?IsStack@KItem@@QBEHXZ     10045c10 f i KPlayer.obj
 0001:00044c30       ?SetTimer@KTimerTaskFun@@QAEHIG@Z 10045c30 f i KPlayer.obj
 0001:00044c90       ?CloseTimer@KTimerTaskFun@@QAEXXZ 10045c90 f i KPlayer.obj
 0001:00044cc0       ??0PLAYER_SEND_TEAM_INFO_DATA@@QAE@XZ 10045cc0 f i KPlayer.obj
 0001:00044ce0       ??0PLAYER_SEND_SELF_TEAM_INFO_DATA@@QAE@XZ 10045ce0 f i KPlayer.obj
 0001:00044d30       ??0PLAYER_TEAM_ADD_MEMBER_DATA@@QAE@XZ 10045d30 f i KPlayer.obj
 0001:00044d70       ?GetDamageAttribs@KSkill@@QAEPAUKMagicAttrib@@XZ 10045d70 f i KPlayer.obj
 0001:00044d90       ?GetSkillIdxLevel@KSkillList@@QAEHH@Z 10045d90 f i KPlayer.obj
 0001:00044dc0       ?GetSkillMaxLevel@KSkillManager@@QAEKH@Z 10045dc0 f i KPlayer.obj
 0001:00044e00       ?GetPlayerName@KPlayer@@QAEPADXZ 10045e00 f i KPlayer.obj
 0001:00044e20       ?GetIsThrow@KItem@@QBEHXZ  10045e20 f i KPlayer.obj
 0001:00044e40       ?GetKind@KItem@@QAEHXZ     10045e40 f i KPlayer.obj
 0001:00044e60       ??_EKLuaScript@@UAEPAXI@Z  10045e60 f i KPlayer.obj
 0001:00044e60       ??_GKLuaScript@@UAEPAXI@Z  10045e60 f i KPlayer.obj
 0001:00044eb0       ?GetItemGroup@KItem@@QAEHXZ 10045eb0 f i KPlayer.obj
 0001:00044ed0       ?SetDurability@KItem@@QAEXH@Z 10045ed0 f i KPlayer.obj
 0001:00044ef0       ?Release@KPlayerChat@@QAEXXZ 10045ef0 f   KPlayerChat.obj
 0001:00044fb9       ?CheckExist@KPlayerChat@@QAEHK@Z 10045fb9 f   KPlayerChat.obj
 0001:0004504f       ?CheckExist@KPlayerChat@@QAEHPAD@Z 1004604f f   KPlayerChat.obj
 0001:00045105       ?GetFriendNode@KPlayerChat@@QAEPAVCChatFriend@@K@Z 10046105 f   KPlayerChat.obj
 0001:00045199       ?GetTeamNo@KPlayerChat@@QAEHK@Z 10046199 f   KPlayerChat.obj
 0001:00045248       ?GetName@KPlayerChat@@QAEHKPAD@Z 10046248 f   KPlayerChat.obj
 0001:0004530a       ?SetTakeChannel@KPlayerChat@@QAEXK@Z 1004630a f   KPlayerChat.obj
 0001:00045339       ?ServerSendChat@KPlayerChat@@QAEXHPAE@Z 10046339 f   KPlayerChat.obj
 0001:0004639f       ?DataBaseAddOne@KPlayerChat@@QAEXHKPAD@Z 1004739f f   KPlayerChat.obj
 0001:000463d4       ?AddFriendData@KPlayerChat@@QAEXHH@Z 100473d4 f   KPlayerChat.obj
 0001:000465a2       ?ResendOneFriendData@KPlayerChat@@QAEXKH@Z 100475a2 f   KPlayerChat.obj
 0001:00046693       ?SyncFriendData@KPlayerChat@@QAEHHAAI@Z 10047693 f   KPlayerChat.obj
 0001:000468a9       ?StartSendFriendData@KPlayerChat@@QAEXXZ 100478a9 f   KPlayerChat.obj
 0001:000468ee       ?DeleteFriend@KPlayerChat@@QAEXKK@Z 100478ee f   KPlayerChat.obj
 0001:00046a03       ?DeleteFriendData@KPlayerChat@@QAEXKH@Z 10047a03 f   KPlayerChat.obj
 0001:00046b0a       ?RedeleteFriend@KPlayerChat@@QAEXKH@Z 10047b0a f   KPlayerChat.obj
 0001:00046b80       ?OffLine@KPlayerChat@@QAEXK@Z 10047b80 f   KPlayerChat.obj
 0001:00046bf3       ?GetMsgOffLine@KPlayerChat@@QAEXKH@Z 10047bf3 f   KPlayerChat.obj
 0001:00046caf       ?TimerAdd@KPlayerChat@@QAEXXZ 10047caf f   KPlayerChat.obj
 0001:00046cd0       ?CheckTalkChannel@KPlayerChat@@QAEHH@Z 10047cd0 f   KPlayerChat.obj
 0001:00046d04       ?SendSystemInfo@KPlayerChat@@SAXHHPAD0H@Z 10047d04 f   KPlayerChat.obj
 0001:00047206       ?SendGlobalSystemInfo@KPlayerChat@@SAXPAD0H@Z 10048206 f   KPlayerChat.obj
 0001:000472fa       ?SendInfoToGM@KPlayerChat@@SAXPAD00H@Z 100482fa f   KPlayerChat.obj
 0001:00047422       ?SendInfoToIP@KPlayerChat@@SAXKKPAD00H@Z 10048422 f   KPlayerChat.obj
 0001:00047540       ?MakeBrother@KPlayerChat@@SAXABV?$list@V?$basic_string@DU?$char_traits@D@std@@V?$allocator@D@2@@std@@V?$allocator@V?$basic_string@DU?$char_traits@D@std@@V?$allocator@D@2@@std@@@2@@std@@@Z 10048540 f   KPlayerChat.obj
 0001:00047742       ?MakeEnemy@KPlayerChat@@SAXPAD0@Z 10048742 f   KPlayerChat.obj
 0001:00047866       ??0CChatFriendTeam@@QAE@XZ 10048866 f   KPlayerChat.obj
 0001:000478ac       ?Release@CChatFriendTeam@@QAEXXZ 100488ac f   KPlayerChat.obj
 0001:0004795e       ?DataBaseAddOne@CChatFriendTeam@@QAEXHKPAD@Z 1004895e f   KPlayerChat.obj
 0001:00047ad0       ??0PLAYER_SEND_CHAT_DATA_SYNC@@QAE@XZ 10048ad0 f i KPlayerChat.obj
 0001:00047b10       ??0CChatFriend@@QAE@XZ     10048b10 f i KPlayerChat.obj
 0001:00047b80       ?Release@CChatFriend@@QAEXXZ 10048b80 f i KPlayerChat.obj
 0001:00047bc0       ??_ECChatFriend@@UAEPAXI@Z 10048bc0 f i KPlayerChat.obj
 0001:00047bc0       ??_GCChatFriend@@UAEPAXI@Z 10048bc0 f i KPlayerChat.obj
 0001:00047c00       ??1CChatFriend@@UAE@XZ     10048c00 f i KPlayerChat.obj
 0001:00047c30       ?RemoveHead@KList@@QAEPAVKNode@@XZ 10048c30 f i KPlayerChat.obj
 0001:00047c80       ??0?$basic_string@DU?$char_traits@D@std@@V?$allocator@D@2@@std@@QAE@ABV01@@Z 10048c80 f i KPlayerChat.obj
 0001:00047cd0       ??1?$basic_string@DU?$char_traits@D@std@@V?$allocator@D@2@@std@@QAE@XZ 10048cd0 f i KPlayerChat.obj
 0001:00047d00       ?c_str@?$basic_string@DU?$char_traits@D@std@@V?$allocator@D@2@@std@@QBEPBDXZ 10048d00 f i KPlayerChat.obj
 0001:00047d50       ?size@?$basic_string@DU?$char_traits@D@std@@V?$allocator@D@2@@std@@QBEIXZ 10048d50 f i KPlayerChat.obj
 0001:00047d70       ?begin@?$list@V?$basic_string@DU?$char_traits@D@std@@V?$allocator@D@2@@std@@V?$allocator@V?$basic_string@DU?$char_traits@D@std@@V?$allocator@D@2@@std@@@2@@std@@QBE?AVconst_iterator@12@XZ 10048d70 f i KPlayerChat.obj
 0001:00047dc0       ?end@?$list@V?$basic_string@DU?$char_traits@D@std@@V?$allocator@D@2@@std@@V?$allocator@V?$basic_string@DU?$char_traits@D@std@@V?$allocator@D@2@@std@@@2@@std@@QBE?AVconst_iterator@12@XZ 10048dc0 f i KPlayerChat.obj
 0001:00047e00       ?size@?$list@V?$basic_string@DU?$char_traits@D@std@@V?$allocator@D@2@@std@@V?$allocator@V?$basic_string@DU?$char_traits@D@std@@V?$allocator@D@2@@std@@@2@@std@@QBEIXZ 10048e00 f i KPlayerChat.obj
 0001:00047e20       ??Dconst_iterator@?$list@V?$basic_string@DU?$char_traits@D@std@@V?$allocator@D@2@@std@@V?$allocator@V?$basic_string@DU?$char_traits@D@std@@V?$allocator@D@2@@std@@@2@@std@@QBEABV?$basic_string@DU?$char_traits@D@std@@V?$allocator@D@2@@2@XZ 10048e20 f i KPlayerChat.obj
 0001:00047e50       ??Econst_iterator@?$list@V?$basic_string@DU?$char_traits@D@std@@V?$allocator@D@2@@std@@V?$allocator@V?$basic_string@DU?$char_traits@D@std@@V?$allocator@D@2@@std@@@2@@std@@QAE?AV012@H@Z 10048e50 f i KPlayerChat.obj
 0001:00047ea0       ??9const_iterator@?$list@V?$basic_string@DU?$char_traits@D@std@@V?$allocator@D@2@@std@@V?$allocator@V?$basic_string@DU?$char_traits@D@std@@V?$allocator@D@2@@std@@@2@@std@@QBE_NABV012@@Z 10048ea0 f i KPlayerChat.obj
 0001:00047ee0       ?assign@?$basic_string@DU?$char_traits@D@std@@V?$allocator@D@2@@std@@QAEAAV12@ABV12@II@Z 10048ee0 f i KPlayerChat.obj
 0001:00048060       ?copy@?$char_traits@D@std@@SAPADPADPBDI@Z 10049060 f i KPlayerChat.obj
 0001:00048080       ?_Nullstr@?$basic_string@DU?$char_traits@D@std@@V?$allocator@D@2@@std@@CAPBDXZ 10049080 f i KPlayerChat.obj
 0001:00048090       ?_Tidy@?$basic_string@DU?$char_traits@D@std@@V?$allocator@D@2@@std@@AAEX_N@Z 10049090 f i KPlayerChat.obj
 0001:00048160       ?_Next@_Acc@?$list@V?$basic_string@DU?$char_traits@D@std@@V?$allocator@D@2@@std@@V?$allocator@V?$basic_string@DU?$char_traits@D@std@@V?$allocator@D@2@@std@@@2@@std@@SAAAPAU_Node@23@PAU423@@Z 10049160 f i KPlayerChat.obj
 0001:00048170       ?_Value@_Acc@?$list@V?$basic_string@DU?$char_traits@D@std@@V?$allocator@D@2@@std@@V?$allocator@V?$basic_string@DU?$char_traits@D@std@@V?$allocator@D@2@@std@@@2@@std@@SAAAV?$basic_string@DU?$char_traits@D@std@@V?$allocator@D@2@@3@PAU_Node@23@@Z 10049170 f i KPlayerChat.obj
 0001:00048180       ??0const_iterator@?$list@V?$basic_string@DU?$char_traits@D@std@@V?$allocator@D@2@@std@@V?$allocator@V?$basic_string@DU?$char_traits@D@std@@V?$allocator@D@2@@std@@@2@@std@@QAE@PAU_Node@12@@Z 10049180 f i KPlayerChat.obj
 0001:000481a0       ??Econst_iterator@?$list@V?$basic_string@DU?$char_traits@D@std@@V?$allocator@D@2@@std@@V?$allocator@V?$basic_string@DU?$char_traits@D@std@@V?$allocator@D@2@@std@@@2@@std@@QAEAAV012@XZ 100491a0 f i KPlayerChat.obj
 0001:000481e0       ??8const_iterator@?$list@V?$basic_string@DU?$char_traits@D@std@@V?$allocator@D@2@@std@@V?$allocator@V?$basic_string@DU?$char_traits@D@std@@V?$allocator@D@2@@std@@@2@@std@@QBE_NABV012@@Z 100491e0 f i KPlayerChat.obj
 0001:00048210       ?erase@?$basic_string@DU?$char_traits@D@std@@V?$allocator@D@2@@std@@QAEAAV12@II@Z 10049210 f i KPlayerChat.obj
 0001:000482d0       ?move@?$char_traits@D@std@@SAPADPADPBDI@Z 100492d0 f i KPlayerChat.obj
 0001:000482f0       ?capacity@?$basic_string@DU?$char_traits@D@std@@V?$allocator@D@2@@std@@QBEIXZ 100492f0 f i KPlayerChat.obj
 0001:00048310       ?_Eos@?$basic_string@DU?$char_traits@D@std@@V?$allocator@D@2@@std@@AAEXI@Z 10049310 f i KPlayerChat.obj
 0001:00048360       ?assign@?$char_traits@D@std@@SAXAADABD@Z 10049360 f i KPlayerChat.obj
 0001:00048370       ?_Grow@?$basic_string@DU?$char_traits@D@std@@V?$allocator@D@2@@std@@AAE_NI_N@Z 10049370 f i KPlayerChat.obj
 0001:000484d0       ?_Refcnt@?$basic_string@DU?$char_traits@D@std@@V?$allocator@D@2@@std@@AAEAAEPBD@Z 100494d0 f i KPlayerChat.obj
 0001:000484f0       ?deallocate@?$allocator@D@std@@QAEXPAXI@Z 100494f0 f i KPlayerChat.obj
 0001:00048520       ?max_size@?$basic_string@DU?$char_traits@D@std@@V?$allocator@D@2@@std@@QBEIXZ 10049520 f i KPlayerChat.obj
 0001:00048580       ?_Copy@?$basic_string@DU?$char_traits@D@std@@V?$allocator@D@2@@std@@AAEXI@Z 10049580 f i KPlayerChat.obj
 0001:000486e0       ?_Split@?$basic_string@DU?$char_traits@D@std@@V?$allocator@D@2@@std@@AAEXXZ 100496e0 f i KPlayerChat.obj
 0001:00048760       ?assign@?$basic_string@DU?$char_traits@D@std@@V?$allocator@D@2@@std@@QAEAAV12@PBD@Z 10049760 f i KPlayerChat.obj
 0001:000487a0       ?length@?$char_traits@D@std@@SAIPBD@Z 100497a0 f i KPlayerChat.obj
 0001:000487c0       ?assign@?$basic_string@DU?$char_traits@D@std@@V?$allocator@D@2@@std@@QAEAAV12@PBDI@Z 100497c0 f i KPlayerChat.obj
 0001:00048820       ?allocate@?$allocator@D@std@@QAEPADIPBX@Z 10049820 f i KPlayerChat.obj
 0001:00048850       ?max_size@?$allocator@D@std@@QBEIXZ 10049850 f i KPlayerChat.obj
 0001:000488a0       ??8std@@YA_NABV?$allocator@D@0@0@Z 100498a0 f i KPlayerChat.obj
 0001:000488b0       ?_Allocate@std@@YAPADHPAD@Z 100498b0 f i KPlayerChat.obj
[...]
 0001:000e2c3d       firstbig                   100e3c3d f   LIBCMTD:strncmp.obj
 0001:000e2c3f       lastbig                    100e3c3f f   LIBCMTD:strncmp.obj
 0001:000e2c41       toend                      100e3c41 f   LIBCMTD:strncmp.obj
 0001:000e2530       __get_lc_lconv             100e3530 f   LIBCMTD:initmon.obj
 0001:000e2740       _fix_grouping              100e3740 f   LIBCMTD:initmon.obj
 0001:000e27c0       __free_lc_lconv            100e37c0 f   LIBCMTD:initmon.obj
 0001:000e2380       _fix_grouping              100e3380 f   LIBCMTD:initnum.obj
 0001:000e1830       __get_lc_time              100e2830 f   LIBCMTD:inittime.obj
 0001:000e1dc0       __free_lc_time             100e2dc0 f   LIBCMTD:inittime.obj
 0001:000df380       _parse_cmdline             100e0380 f   LIBCMTD:stdargv.obj
 0001:000decb0       _$$$00001                  100dfcb0 f   LIBCMTD:strchr.obj
 0001:000decd8       str_misaligned             100dfcd8 f   LIBCMTD:strchr.obj
 0001:000deceb       main_loop_start            100dfceb f   LIBCMTD:strchr.obj
 0001:000decf6       main_loop                  100dfcf6 f   LIBCMTD:strchr.obj
 0001:000ded32       retnull                    100dfd32 f   LIBCMTD:strchr.obj
 0001:000ded34       retnull_bx                 100dfd34 f   LIBCMTD:strchr.obj
 0001:000ded38       chr_is_found               100dfd38 f   LIBCMTD:strchr.obj
 0001:000ded60       byte_3                     100dfd60 f   LIBCMTD:strchr.obj
 0001:000ded67       byte_2                     100dfd67 f   LIBCMTD:strchr.obj
 0001:000ded6e       byte_1                     100dfd6e f   LIBCMTD:strchr.obj
 0001:000ded75       byte_0                     100dfd75 f   LIBCMTD:strchr.obj
 0001:000decb0       found_bx                   100dfcb0 f   LIBCMTD:strchr.obj
 0001:000dec70       _store_dt                  100dfc70 f   LIBCMTD:asctime.obj
 0001:000dea89       hard                       100dfa89 f   LIBCMTD:llmul.obj
 0001:000dbc00       __tzset_lk                 100dcc00 f   LIBCMTD:tzset.obj
 0001:000dbfe0       __isindst_lk               100dcfe0 f   LIBCMTD:tzset.obj
 0001:000dc2e0       _cvtdate                   100dd2e0 f   LIBCMTD:tzset.obj
 0001:000da550       ?FindHandler@@YAXPAUEHExceptionRecord@@PAUEHRegistrationNode@@PAU_CONTEXT@@PAXPBU_s_FuncInfo@@EH1@Z 100db550 f   LIBCMTD:frame.obj
 0001:000da7f0       ?FindHandlerForForeignException@@YAXPAUEHExceptionRecord@@PAUEHRegistrationNode@@PAU_CONTEXT@@PAXPBU_s_FuncInfo@@HH1@Z 100db7f0 f   LIBCMTD:frame.obj
 0001:000da910       ?TypeMatch@@YAHPBU_s_HandlerType@@PBU_s_CatchableType@@PBU_s_ThrowInfo@@@Z 100db910 f   LIBCMTD:frame.obj
 0001:000daad0       ?FrameUnwindFilter@@YAHPAU_EXCEPTION_POINTERS@@@Z 100dbad0 f   LIBCMTD:frame.obj
 0001:000dab00       ?CatchIt@@YAXPAUEHExceptionRecord@@PAUEHRegistrationNode@@PAU_CONTEXT@@PAXPBU_s_FuncInfo@@PBU_s_HandlerType@@PBU_s_CatchableType@@PBU_s_TryBlockMapEntry@@H1E@Z 100dbb00 f   LIBCMTD:frame.obj
 0001:000dabc0       ?CallCatchBlock@@YAPAXPAUEHExceptionRecord@@PAUEHRegistrationNode@@PAU_CONTEXT@@PBU_s_FuncInfo@@PAXHK@Z 100dbbc0 f   LIBCMTD:frame.obj
 0001:000dad10       ?ExFilterRethrow@@YAHPAU_EXCEPTION_POINTERS@@@Z 100dbd10 f   LIBCMTD:frame.obj
 0001:000dad60       ?BuildCatchObject@@YAXPAUEHExceptionRecord@@PAUEHRegistrationNode@@PBU_s_HandlerType@@PBU_s_CatchableType@@@Z 100dbd60 f   LIBCMTD:frame.obj
 0001:000db070       ?AdjustPointer@@YAPAXPAXABUPMD@@@Z 100dc070 f   LIBCMTD:frame.obj
 0001:000d9fc0       __cftoe2                   100dafc0 f   LIBCMTD:cvt.obj
 0001:000da1a0       __cftof2                   100db1a0 f   LIBCMTD:cvt.obj
 0001:000da430       __shift                    100db430 f   LIBCMTD:cvt.obj
 0001:000d9af0       _write_char                100daaf0 f   LIBCMTD:output.obj
 0001:000d9b70       _write_multi_char          100dab70 f   LIBCMTD:output.obj
 0001:000d9bb0       _write_string              100dabb0 f   LIBCMTD:output.obj
 0001:000d9c00       _get_int_arg               100dac00 f   LIBCMTD:output.obj
 0001:000d9c20       _get_int64_arg             100dac20 f   LIBCMTD:output.obj
 0001:000d9c40       _get_short_arg             100dac40 f   LIBCMTD:output.obj
 0001:000d8720       _ctrlevent_capture@4       100d9720 f   LIBCMTD:winsig.obj
 0001:000d8a00       _siglookup                 100d9a00 f   LIBCMTD:winsig.obj
 0001:000d83b0       _doexit                    100d93b0 f   LIBCMTD:crt0dat.obj
 0001:000d84c0       __initterm                 100d94c0 f   LIBCMTD:crt0dat.obj
 0001:000d7e50       _xtoa                      100d8e50 f   LIBCMTD:xtoa.obj
 0001:000d7fd0       _x64toa@20                 100d8fd0 f   LIBCMTD:xtoa.obj
 0001:000d7db0       _strncnt                   100d8db0 f   LIBCMTD:a_cmp.obj
 0001:000d7750       _strncnt                   100d8750 f   LIBCMTD:a_map.obj
 0001:000d6720       __expandtime               100d7720 f   LIBCMTD:strftime.obj
 0001:000d6d40       __store_str                100d7d40 f   LIBCMTD:strftime.obj
 0001:000d6d90       __store_num                100d7d90 f   LIBCMTD:strftime.obj
 0001:000d6e40       __store_number             100d7e40 f   LIBCMTD:strftime.obj
 0001:000d6ef0       __store_winword            100d7ef0 f   LIBCMTD:strftime.obj
 0001:000d59c0       _strtoxl                   100d69c0 f   LIBCMTD:strtol.obj
 0001:000d5340       __setlocale_set_cat        100d6340 f   LIBCMTD:setlocal.obj
 0001:000d54e0       __setlocale_get_all        100d64e0 f   LIBCMTD:setlocal.obj
 0001:000d44f4       listnext                   100d54f4 f   LIBCMTD:strcspn.obj
 0001:000d4501       listdone                   100d5501 f   LIBCMTD:strcspn.obj
 0001:000d4508       dstnext                    100d5508 f   LIBCMTD:strcspn.obj
 0001:000d4516       dstdone                    100d5516 f   LIBCMTD:strcspn.obj
 0001:000d4040       _flsall                    100d5040 f   LIBCMTD:fflush.obj
 0001:000d2408       findnext                   100d3408 f   LIBCMTD:strstr.obj
 0001:000d2419       loop_start                 100d3419 f   LIBCMTD:strstr.obj
 0001:000d241c       in_loop                    100d341c f   LIBCMTD:strstr.obj
 0001:000d2424       not_found                  100d3424 f   LIBCMTD:strstr.obj
 0001:000d242a       first_char_found           100d342a f   LIBCMTD:strstr.obj
 0001:000d2431       two_first_chars_equal      100d3431 f   LIBCMTD:strstr.obj
 0001:000d2434       compare_loop               100d3434 f   LIBCMTD:strstr.obj
 0001:000d2457       strchr_call                100d3457 f   LIBCMTD:strstr.obj
 0001:000d2463       match                      100d3463 f   LIBCMTD:strstr.obj
 0001:000d246a       empty_str2                 100d346a f   LIBCMTD:strstr.obj
 0001:000d209d       main_loop                  100d309d f   LIBCMTD:memcmp.obj
 0001:000d20ba       done                       100d30ba f   LIBCMTD:memcmp.obj
 0001:000d20bc       retnull                    100d30bc f   LIBCMTD:memcmp.obj
 0001:000d20bd       dwords                     100d30bd f   LIBCMTD:memcmp.obj
 0001:000d20e5       difference_in_tail         100d30e5 f   LIBCMTD:memcmp.obj
 0001:000d20ea       not_equal                  100d30ea f   LIBCMTD:memcmp.obj
 0001:000d20f2       tail_loop_start            100d30f2 f   LIBCMTD:memcmp.obj
 0001:000d2119       tail_done                  100d3119 f   LIBCMTD:memcmp.obj
 0001:000d1fdb       str_misaligned             100d2fdb f   LIBCMTD:memchr.obj
 0001:000d1fed       main_loop_start            100d2fed f   LIBCMTD:memchr.obj
 0001:000d2003       return_from_main           100d3003 f   LIBCMTD:memchr.obj
 0001:000d2004       tail_less_then_4           100d3004 f   LIBCMTD:memchr.obj
 0001:000d2009       tail_loop                  100d3009 f   LIBCMTD:memchr.obj
 0001:000d2013       retnull                    100d3013 f   LIBCMTD:memchr.obj
 0001:000d2015       main_loop                  100d3015 f   LIBCMTD:memchr.obj
 0001:000d201a       main_loop_entry            100d301a f   LIBCMTD:memchr.obj
 0001:000d2035       char_is_found              100d3035 f   LIBCMTD:memchr.obj
 0001:000d204d       byte_3                     100d304d f   LIBCMTD:memchr.obj
 0001:000d204e       found                      100d304e f   LIBCMTD:memchr.obj
 0001:000d2053       byte_2                     100d3053 f   LIBCMTD:memchr.obj
 0001:000d2059       byte_1                     100d3059 f   LIBCMTD:memchr.obj
 0001:000d205f       byte_0                     100d305f f   LIBCMTD:memchr.obj
 0001:000d0520       _realloc_help              100d1520 f   LIBCMTD:dbgheap.obj
 0001:000d1160       _CheckBytes                100d2160 f   LIBCMTD:dbgheap.obj
 0001:000d1d50       __printMemBlockData        100d2d50 f   LIBCMTD:dbgheap.obj
 0001:000cf970       LeadUp1                    100d0970 f   LIBCMTD:memmove.obj
 0001:000cf99c       LeadUp2                    100d099c f   LIBCMTD:memmove.obj
 0001:000cf9c0       LeadUp3                    100d09c0 f   LIBCMTD:memmove.obj
 0001:000cfa3f       UnwindUp0                  100d0a3f f   LIBCMTD:memmove.obj
 0001:000cfa2c       UnwindUp1                  100d0a2c f   LIBCMTD:memmove.obj
 0001:000cfa24       UnwindUp2                  100d0a24 f   LIBCMTD:memmove.obj
 0001:000cfa1c       UnwindUp3                  100d0a1c f   LIBCMTD:memmove.obj
 0001:000cfa14       UnwindUp4                  100d0a14 f   LIBCMTD:memmove.obj
 0001:000cfa0c       UnwindUp5                  100d0a0c f   LIBCMTD:memmove.obj
 0001:000cfa04       UnwindUp6                  100d0a04 f   LIBCMTD:memmove.obj
 0001:000cf9fc       UnwindUp7                  100d09fc f   LIBCMTD:memmove.obj
 0001:000cfa58       TrailUp0                   100d0a58 f   LIBCMTD:memmove.obj
 0001:000cfa60       TrailUp1                   100d0a60 f   LIBCMTD:memmove.obj
 0001:000cfa6c       TrailUp2                   100d0a6c f   LIBCMTD:memmove.obj
 0001:000cfa80       TrailUp3                   100d0a80 f   LIBCMTD:memmove.obj
 0001:000cfaf8       LeadDown1                  100d0af8 f   LIBCMTD:memmove.obj
 0001:000cfb18       LeadDown2                  100d0b18 f   LIBCMTD:memmove.obj
 0001:000cfb40       LeadDown3                  100d0b40 f   LIBCMTD:memmove.obj
 0001:000cfb94       UnwindDown7                100d0b94 f   LIBCMTD:memmove.obj
 0001:000cfb9c       UnwindDown6                100d0b9c f   LIBCMTD:memmove.obj
 0001:000cfba4       UnwindDown5                100d0ba4 f   LIBCMTD:memmove.obj
 0001:000cfbac       UnwindDown4                100d0bac f   LIBCMTD:memmove.obj
 0001:000cfbb4       UnwindDown3                100d0bb4 f   LIBCMTD:memmove.obj
 0001:000cfbbc       UnwindDown2                100d0bbc f   LIBCMTD:memmove.obj
 0001:000cfbc4       UnwindDown1                100d0bc4 f   LIBCMTD:memmove.obj
 0001:000cfbd7       UnwindDown0                100d0bd7 f   LIBCMTD:memmove.obj
 0001:000cfbf0       TrailDown0                 100d0bf0 f   LIBCMTD:memmove.obj
 0001:000cfbf8       TrailDown1                 100d0bf8 f   LIBCMTD:memmove.obj
 0001:000cfc08       TrailDown2                 100d0c08 f   LIBCMTD:memmove.obj
 0001:000cfc1c       TrailDown3                 100d0c1c f   LIBCMTD:memmove.obj
 0001:000cf920       CopyUp                     100d0920 f   LIBCMTD:memmove.obj
 0001:000cf93c       CopyLeadUp                 100d093c f   LIBCMTD:memmove.obj
 0001:000cf954       ByteCopyUp                 100d0954 f   LIBCMTD:memmove.obj
 0001:000cf95c       CopyUnwindUp               100d095c f   LIBCMTD:memmove.obj
 0001:000cfa98       CopyDown                   100d0a98 f   LIBCMTD:memmove.obj
 0001:000cfac0       CopyUnwindDown             100d0ac0 f   LIBCMTD:memmove.obj
 0001:000cfacc       CopyLeadDown               100d0acc f   LIBCMTD:memmove.obj
 0001:000cfae4       ByteCopyDown               100d0ae4 f   LIBCMTD:memmove.obj
 0001:000cf8d0       _$$$00001                  100d08d0 f   LIBCMTD:chkstk.obj
 0001:000cf8dc       probepages                 100d08dc f   LIBCMTD:chkstk.obj
 0001:000cf8f0       lastpage                   100d08f0 f   LIBCMTD:chkstk.obj
 0001:000cf7f4       src_misaligned             100d07f4 f   LIBCMTD:strncpy.obj
 0001:000cf810       tail_loop_start            100d0810 f   LIBCMTD:strncpy.obj
 0001:000cf815       copy_tail_loop             100d0815 f   LIBCMTD:strncpy.obj
 0001:000cf822       fill_tail_end1             100d0822 f   LIBCMTD:strncpy.obj
 0001:000cf82a       align_dest                 100d082a f   LIBCMTD:strncpy.obj
 0001:000cf832       dest_align_loop            100d0832 f   LIBCMTD:strncpy.obj
 0001:000cf844       dest_align_loop_end        100d0844 f   LIBCMTD:strncpy.obj
 0001:000cf84b       finish_loop                100d084b f   LIBCMTD:strncpy.obj
 0001:000cf84e       fill_tail_zero_bytes       100d084e f   LIBCMTD:strncpy.obj
 0001:000cf853       finish                     100d0853 f   LIBCMTD:strncpy.obj
 0001:000cf859       main_loop                  100d0859 f   LIBCMTD:strncpy.obj
 0001:000cf861       main_loop_entrance         100d0861 f   LIBCMTD:strncpy.obj
 0001:000cf897       byte_2                     100d0897 f   LIBCMTD:strncpy.obj
 0001:000cf8a1       byte_1                     100d08a1 f   LIBCMTD:strncpy.obj
 0001:000cf8ab       byte_0                     100d08ab f   LIBCMTD:strncpy.obj
 0001:000cf8af       fill_with_EOS_dwords       100d08af f   LIBCMTD:strncpy.obj
 0001:000cf8b7       fill_dwords_with_EOS       100d08b7 f   LIBCMTD:strncpy.obj
 0001:000cf8b9       fill_with_EOS_loop         100d08b9 f   LIBCMTD:strncpy.obj
 0001:000cf8c1       fill_tail                  100d08c1 f   LIBCMTD:strncpy.obj
 0001:000cf8c6       fill_tail_end              100d08c6 f   LIBCMTD:strncpy.obj
 0001:000cf750       dodwords                   100d0750 f   LIBCMTD:strcmp.obj
 0001:000cf780       doneeq                     100d0780 f   LIBCMTD:strcmp.obj
 0001:000cf784       donene                     100d0784 f   LIBCMTD:strcmp.obj
 0001:000cf78c       dopartial                  100d078c f   LIBCMTD:strcmp.obj
 0001:000cf7a8       doword                     100d07a8 f   LIBCMTD:strcmp.obj
 0001:000cf470       LeadUp1                    100d0470 f   LIBCMTD:memcpy.obj
 0001:000cf49c       LeadUp2                    100d049c f   LIBCMTD:memcpy.obj
 0001:000cf4c0       LeadUp3                    100d04c0 f   LIBCMTD:memcpy.obj
 0001:000cf53f       UnwindUp0                  100d053f f   LIBCMTD:memcpy.obj
 0001:000cf52c       UnwindUp1                  100d052c f   LIBCMTD:memcpy.obj
 0001:000cf524       UnwindUp2                  100d0524 f   LIBCMTD:memcpy.obj
 0001:000cf51c       UnwindUp3                  100d051c f   LIBCMTD:memcpy.obj
 0001:000cf514       UnwindUp4                  100d0514 f   LIBCMTD:memcpy.obj
 0001:000cf50c       UnwindUp5                  100d050c f   LIBCMTD:memcpy.obj
 0001:000cf504       UnwindUp6                  100d0504 f   LIBCMTD:memcpy.obj
 0001:000cf4fc       UnwindUp7                  100d04fc f   LIBCMTD:memcpy.obj
 0001:000cf558       TrailUp0                   100d0558 f   LIBCMTD:memcpy.obj
 0001:000cf560       TrailUp1                   100d0560 f   LIBCMTD:memcpy.obj
 0001:000cf56c       TrailUp2                   100d056c f   LIBCMTD:memcpy.obj
 0001:000cf580       TrailUp3                   100d0580 f   LIBCMTD:memcpy.obj
 0001:000cf5f8       LeadDown1                  100d05f8 f   LIBCMTD:memcpy.obj
 0001:000cf618       LeadDown2                  100d0618 f   LIBCMTD:memcpy.obj
 0001:000cf640       LeadDown3                  100d0640 f   LIBCMTD:memcpy.obj
 0001:000cf694       UnwindDown7                100d0694 f   LIBCMTD:memcpy.obj
 0001:000cf69c       UnwindDown6                100d069c f   LIBCMTD:memcpy.obj
 0001:000cf6a4       UnwindDown5                100d06a4 f   LIBCMTD:memcpy.obj
 0001:000cf6ac       UnwindDown4                100d06ac f   LIBCMTD:memcpy.obj
 0001:000cf6b4       UnwindDown3                100d06b4 f   LIBCMTD:memcpy.obj
 0001:000cf6bc       UnwindDown2                100d06bc f   LIBCMTD:memcpy.obj
 0001:000cf6c4       UnwindDown1                100d06c4 f   LIBCMTD:memcpy.obj
 0001:000cf6d7       UnwindDown0                100d06d7 f   LIBCMTD:memcpy.obj
 0001:000cf6f0       TrailDown0                 100d06f0 f   LIBCMTD:memcpy.obj
 0001:000cf6f8       TrailDown1                 100d06f8 f   LIBCMTD:memcpy.obj
 0001:000cf708       TrailDown2                 100d0708 f   LIBCMTD:memcpy.obj
 0001:000cf71c       TrailDown3                 100d071c f   LIBCMTD:memcpy.obj
 0001:000cf420       CopyUp                     100d0420 f   LIBCMTD:memcpy.obj
 0001:000cf43c       CopyLeadUp                 100d043c f   LIBCMTD:memcpy.obj
 0001:000cf454       ByteCopyUp                 100d0454 f   LIBCMTD:memcpy.obj
 0001:000cf45c       CopyUnwindUp               100d045c f   LIBCMTD:memcpy.obj
 0001:000cf598       CopyDown                   100d0598 f   LIBCMTD:memcpy.obj
 0001:000cf5c0       CopyUnwindDown             100d05c0 f   LIBCMTD:memcpy.obj
 0001:000cf5cc       CopyLeadDown               100d05cc f   LIBCMTD:memcpy.obj
 0001:000cf5e4       ByteCopyDown               100d05e4 f   LIBCMTD:memcpy.obj
 0001:000cf3c3       adjust_loop                100d03c3 f   LIBCMTD:memset.obj
 0001:000cf3c9       dwords                     100d03c9 f   LIBCMTD:memset.obj
 0001:000cf3e3       main_loop_tail             100d03e3 f   LIBCMTD:memset.obj
 0001:000cf3e7       tail                       100d03e7 f   LIBCMTD:memset.obj
 0001:000cf3ed       finish                     100d03ed f   LIBCMTD:memset.obj
 0001:000cf3f3       toend                      100d03f3 f   LIBCMTD:memset.obj
 0001:000cf2cd       dest_misaligned            100d02cd f   LIBCMTD:strcat.obj
 0001:000cf2dc       find_end_of_dest_string_loop 100d02dc f   LIBCMTD:strcat.obj
 0001:000cf30f       start_byte_3               100d030f f   LIBCMTD:strcat.obj
 0001:000cf314       start_byte_2               100d0314 f   LIBCMTD:strcat.obj
 0001:000cf319       start_byte_1               100d0319 f   LIBCMTD:strcat.obj
 0001:000cf31e       start_byte_0               100d031e f   LIBCMTD:strcat.obj
 0001:000cf32d       src_misaligned             100d032d f   LIBCMTD:strcat.obj
 0001:000cf341       main_loop                  100d0341 f   LIBCMTD:strcat.obj
 0001:000cf346       main_loop_entrance         100d0346 f   LIBCMTD:strcat.obj
 0001:000cf37a       byte_3                     100d037a f   LIBCMTD:strcat.obj
 0001:000cf382       byte_2                     100d0382 f   LIBCMTD:strcat.obj
 0001:000cf38f       byte_1                     100d038f f   LIBCMTD:strcat.obj
 0001:000cf398       byte_0                     100d0398 f   LIBCMTD:strcat.obj
 0001:000cf321       copy_start                 100d0321 f   LIBCMTD:strcat.obj
 0001:000cf100       ?ArrayUnwindFilter@@YAHPAU_EXCEPTION_POINTERS@@@Z 100d0100 f   LIBCMTD:ehvecdtr.obj
 0001:000ced28       _gu_return                 100cfd28 f   LIBCMTD:exsup.obj
 0001:000ced30       __unwind_handler           100cfd30 f   LIBCMTD:exsup.obj
 0001:000ceae0       ?CatchGuardHandler@@YA?AW4_EXCEPTION_DISPOSITION@@PAUEHExceptionRecord@@PAUCatchGuardRN@@PAX2@Z 100cfae0 f   LIBCMTD:trnsctrl.obj
 0001:000cebf0       ?TranslatorGuardHandler@@YA?AW4_EXCEPTION_DISPOSITION@@PAUEHExceptionRecord@@PAUTranslatorGuardRN@@PAX2@Z 100cfbf0 f   LIBCMTD:trnsctrl.obj
 0001:000ce6ac       str_misaligned             100cf6ac f   LIBCMTD:strlen.obj
 0001:000ce6c0       main_loop                  100cf6c0 f   LIBCMTD:strlen.obj
 0001:000ce6f3       byte_3                     100cf6f3 f   LIBCMTD:strlen.obj
 0001:000ce6fd       byte_2                     100cf6fd f   LIBCMTD:strlen.obj
 0001:000ce707       byte_1                     100cf707 f   LIBCMTD:strlen.obj
 0001:000ce711       byte_0                     100cf711 f   LIBCMTD:strlen.obj
 0001:000ce390       _CrtMessageWindow          100cf390 f   LIBCMTD:dbgrpt.obj
